
 Start         Length     Name                   Class
 0001:00000000 001CA5B0H .text                   CODE
 0002:00000000 00008B10H .data                   DATA
 0002:00008B10 00001191H .bss                    BSS


Detailed map of segments

 0001:00000000 0000057E C=CODE     S=.text    G=(none)   M=System   ACBP=A9
 0001:00000580 00000140 C=CODE     S=.text    G=(none)   M=SysInit  ACBP=A9
 0001:000006C0 000007B8 C=CODE     S=.text    G=(none)   M=Windows  ACBP=A9
 0001:00000E78 0000001E C=CODE     S=.text    G=(none)   M=Types    ACBP=A9
 0001:00000E98 00000038 C=CODE     S=.text    G=(none)   M=Messages ACBP=A9
 0001:00000ED0 000003FE C=CODE     S=.text    G=(none)   M=SysUtils ACBP=A9
 0001:000012D0 0000000E C=CODE     S=.text    G=(none)   M=SysConst ACBP=A9
 0001:000012E0 0000063E C=CODE     S=.text    G=(none)   M=Classes  ACBP=A9
 0001:00001920 0000005E C=CODE     S=.text    G=(none)   M=ActiveX  ACBP=A9
 0001:00001980 00000016 C=CODE     S=.text    G=(none)   M=TypInfo  ACBP=A9
 0001:00001998 000001CE C=CODE     S=.text    G=(none)   M=Variants ACBP=A9
 0001:00001B68 0000000E C=CODE     S=.text    G=(none)   M=VarUtils ACBP=A9
 0001:00001B78 0000000E C=CODE     S=.text    G=(none)   M=RTLConsts ACBP=A9
 0001:00001B88 0000006E C=CODE     S=.text    G=(none)   M=ActnList ACBP=A9
 0001:00001BF8 0000004E C=CODE     S=.text    G=(none)   M=Contnrs  ACBP=A9
 0001:00001C48 00000066 C=CODE     S=.text    G=(none)   M=Math     ACBP=A9
 0001:00001CB0 000000AE C=CODE     S=.text    G=(none)   M=ImgList  ACBP=A9
 0001:00001D60 00000048 C=CODE     S=.text    G=(none)   M=CommCtrl ACBP=A9
 0001:00001DA8 0000038E C=CODE     S=.text    G=(none)   M=Graphics ACBP=A9
 0001:00002138 0000000E C=CODE     S=.text    G=(none)   M=Consts   ACBP=A9
 0001:00002148 0000028E C=CODE     S=.text    G=(none)   M=Forms    ACBP=A9
 0001:000023D8 0000000E C=CODE     S=.text    G=(none)   M=HelpIntfs ACBP=A9
 0001:000023E8 0000000E C=CODE     S=.text    G=(none)   M=MultiMon ACBP=A9
 0001:000023F8 00000546 C=CODE     S=.text    G=(none)   M=Controls ACBP=A9
 0001:00002940 00000038 C=CODE     S=.text    G=(none)   M=Imm      ACBP=A9
 0001:00002978 00000086 C=CODE     S=.text    G=(none)   M=Menus    ACBP=A9
 0001:00002A00 0000002E C=CODE     S=.text    G=(none)   M=Themes   ACBP=A9
 0001:00002A30 0000000E C=CODE     S=.text    G=(none)   M=UxTheme  ACBP=A9
 0001:00002A40 00000046 C=CODE     S=.text    G=(none)   M=SyncObjs ACBP=A9
 0001:00002A88 000001B6 C=CODE     S=.text    G=(none)   M=ComCtrls ACBP=A9
 0001:00002C40 00000038 C=CODE     S=.text    G=(none)   M=ShlObj   ACBP=A9
 0001:00002C78 00000040 C=CODE     S=.text    G=(none)   M=UrlMon   ACBP=A9
 0001:00002CB8 00000038 C=CODE     S=.text    G=(none)   M=WinInet  ACBP=A9
 0001:00002CF0 00000038 C=CODE     S=.text    G=(none)   M=RegStr   ACBP=A9
 0001:00002D28 00000048 C=CODE     S=.text    G=(none)   M=ShellAPI ACBP=A9
 0001:00002D70 0000000E C=CODE     S=.text    G=(none)   M=ListActns ACBP=A9
 0001:00002D80 000000D6 C=CODE     S=.text    G=(none)   M=ExtCtrls ACBP=A9
 0001:00002E58 000001E6 C=CODE     S=.text    G=(none)   M=StdCtrls ACBP=A9
 0001:00003040 0000000E C=CODE     S=.text    G=(none)   M=WinHelpViewer ACBP=A9
 0001:00003050 0000000E C=CODE     S=.text    G=(none)   M=StdActns ACBP=A9
 0001:00003060 00000046 C=CODE     S=.text    G=(none)   M=Dialogs  ACBP=A9
 0001:000030A8 00000056 C=CODE     S=.text    G=(none)   M=Printers ACBP=A9
 0001:00003100 00000038 C=CODE     S=.text    G=(none)   M=WinSpool ACBP=A9
 0001:00003138 00000038 C=CODE     S=.text    G=(none)   M=CommDlg  ACBP=A9
 0001:00003170 00000038 C=CODE     S=.text    G=(none)   M=Dlgs     ACBP=A9
 0001:000031A8 0000004E C=CODE     S=.text    G=(none)   M=StrUtils ACBP=A9
 0001:000031F8 0000000E C=CODE     S=.text    G=(none)   M=Clipbrd  ACBP=A9
 0001:00003208 0000000E C=CODE     S=.text    G=(none)   M=FlatSB   ACBP=A9
 0001:00003218 0000000E C=CODE     S=.text    G=(none)   M=ToolWin  ACBP=A9
 0001:00003228 00000038 C=CODE     S=.text    G=(none)   M=RichEdit ACBP=A9
 0001:00003260 0000000E C=CODE     S=.text    G=(none)   M=ExtActns ACBP=A9
 0001:00003270 0000009E C=CODE     S=.text    G=(none)   M=Registry ACBP=A9
 0001:00003310 00000016 C=CODE     S=.text    G=(none)   M=IniFiles ACBP=A9
 0001:00003328 0000000E C=CODE     S=.text    G=(none)   M=ExtDlgs  ACBP=A9
 0001:00003338 00000036 C=CODE     S=.text    G=(none)   M=Buttons  ACBP=A9
 0001:00003370 0000000E C=CODE     S=.text    G=(none)   M=Mapi     ACBP=A9
 0001:00003380 0000000E C=CODE     S=.text    G=(none)   M=ComStrs  ACBP=A9
 0001:00003390 0000000E C=CODE     S=.text    G=(none)   M=Grids    ACBP=A9
 0001:000033A0 00000016 C=CODE     S=.text    G=(none)   M=Mask     ACBP=A9
 0001:000033B8 0000000E C=CODE     S=.text    G=(none)   M=MaskUtils ACBP=A9
 0001:000033C8 0000195E C=CODE     S=.text    G=(none)   M=VCLFixPack ACBP=A9
 0001:00004D28 00000264 C=CODE     S=.text    G=(none)   M=LU_MutexSystem ACBP=A9
 0001:00004F8C 000000CE C=CODE     S=.text    G=(none)   M=DBCtrls  ACBP=A9
 0001:0000505C 000008E6 C=CODE     S=.text    G=(none)   M=DB       ACBP=A9
 0001:00005944 0000003E C=CODE     S=.text    G=(none)   M=FMTBcd   ACBP=A9
 0001:00005984 0000000E C=CODE     S=.text    G=(none)   M=DBConsts ACBP=A9
 0001:00005994 0000001E C=CODE     S=.text    G=(none)   M=SqlTimSt ACBP=A9
 0001:000059B4 0000009E C=CODE     S=.text    G=(none)   M=DateUtils ACBP=A9
 0001:00005A54 00000016 C=CODE     S=.text    G=(none)   M=ComObj   ACBP=A9
 0001:00005A6C 0000000E C=CODE     S=.text    G=(none)   M=ComConst ACBP=A9
 0001:00005A7C 0000000E C=CODE     S=.text    G=(none)   M=VDBConsts ACBP=A9
 0001:00005A8C 0000000E C=CODE     S=.text    G=(none)   M=DBPWDlg  ACBP=A9
 0001:00005A9C 0000000E C=CODE     S=.text    G=(none)   M=DBLogDlg ACBP=A9
 0001:00005AAC 00000026 C=CODE     S=.text    G=(none)   M=ToughDBGrid ACBP=A9
 0001:00005AD4 00000176 C=CODE     S=.text    G=(none)   M=DBGridEh ACBP=A9
 0001:00005C4C 0000000E C=CODE     S=.text    G=(none)   M=PropFilerEh ACBP=A9
 0001:00005C5C 0000000E C=CODE     S=.text    G=(none)   M=EhLibVCL ACBP=A9
 0001:00005C6C 0000000E C=CODE     S=.text    G=(none)   M=ConvUtils ACBP=A9
 0001:00005C7C 0000000E C=CODE     S=.text    G=(none)   M=ToolCtrlsEh ACBP=A9
 0001:00005C8C 0000000E C=CODE     S=.text    G=(none)   M=DBCtrlsEh ACBP=A9
 0001:00005C9C 0000000E C=CODE     S=.text    G=(none)   M=CalculatorEh ACBP=A9
 0001:00005CAC 0000000E C=CODE     S=.text    G=(none)   M=DBSumLst ACBP=A9
 0001:00005CBC 0000002E C=CODE     S=.text    G=(none)   M=GridsEh  ACBP=A9
 0001:00005CEC 0000000E C=CODE     S=.text    G=(none)   M=DBLookupEh ACBP=A9
 0001:00005CFC 0000000E C=CODE     S=.text    G=(none)   M=DBLookupGridsEh ACBP=A9
 0001:00005D0C 00000056 C=CODE     S=.text    G=(none)   M=DbUtilsEh ACBP=A9
 0001:00005D64 0000000E C=CODE     S=.text    G=(none)   M=DBGridEhFindDlgs ACBP=A9
 0001:00005D74 0000000E C=CODE     S=.text    G=(none)   M=EhLibConsts ACBP=A9
 0001:00005D84 0000001E C=CODE     S=.text    G=(none)   M=DBGridEhImpExp ACBP=A9
 0001:00005DA4 00000016 C=CODE     S=.text    G=(none)   M=ForceRus ACBP=A9
 0001:00005DBC 0000000E C=CODE     S=.text    G=(none)   M=ToughDBGridColumns ACBP=A9
 0001:00005DCC 0000000E C=CODE     S=.text    G=(none)   M=CheckLst ACBP=A9
 0001:00005DDC 000000E4 C=CODE     S=.text    G=(none)   M=XPMan    ACBP=A9
 0001:00005EC0 0000000E C=CODE     S=.text    G=(none)   M=DBGrids  ACBP=A9
 0001:00005ED0 000020FE C=CODE     S=.text    G=(none)   M=CLRClasses ACBP=A9
 0001:00007FD0 0000004E C=CODE     S=.text    G=(none)   M=ZLib     ACBP=A9
 0001:00008020 0000000E C=CODE     S=.text    G=(none)   M=ZLibConst ACBP=A9
 0001:00008030 000001F0 C=CODE     S=.text    G=(none)   M=DAConsts ACBP=A9
 0001:00008220 00000E5D C=CODE     S=.text    G=(none)   M=MemUtils ACBP=A9
 0001:00009080 00002928 C=CODE     S=.text    G=(none)   M=CRParser ACBP=A9
 0001:0000B9A8 00000540 C=CODE     S=.text    G=(none)   M=CRXml    ACBP=A9
 0001:0000BEE8 0000022C C=CODE     S=.text    G=(none)   M=MTSCall  ACBP=A9
 0001:0000C114 00000740 C=CODE     S=.text    G=(none)   M=CRVio    ACBP=A9
 0001:0000C854 0000E790 C=CODE     S=.text    G=(none)   M=MemData  ACBP=A9
 0001:0001AFE4 00001348 C=CODE     S=.text    G=(none)   M=CRConnectionPool ACBP=A9
 0001:0001C32C 00005718 C=CODE     S=.text    G=(none)   M=CRAccess ACBP=A9
 0001:00021A44 000079A4 C=CODE     S=.text    G=(none)   M=MemDS    ACBP=A9
 0001:000293E8 000003F0 C=CODE     S=.text    G=(none)   M=Win32Timer ACBP=A9
 0001:000297D8 00000016 C=CODE     S=.text    G=(none)   M=DBCommon ACBP=A9
 0001:000297F0 000000D8 C=CODE     S=.text    G=(none)   M=DBMonitorIntf ACBP=A9
 0001:000298C8 00000248 C=CODE     S=.text    G=(none)   M=DBMonitorClient ACBP=A9
 0001:00029B10 00002BF9 C=CODE     S=.text    G=(none)   M=DASQLMonitor ACBP=A9
 0001:0002C70C 0001B048 C=CODE     S=.text    G=(none)   M=DBAccess ACBP=A9
 0001:00047754 000000D0 C=CODE     S=.text    G=(none)   M=MyConsts ACBP=A9
 0001:00047824 00000813 C=CODE     S=.text    G=(none)   M=MyCall   ACBP=A9
 0001:00048038 00000974 C=CODE     S=.text    G=(none)   M=MDLHelper ACBP=A9
 0001:000489AC 0000100C C=CODE     S=.text    G=(none)   M=infver   ACBP=A9
 0001:000499B8 000009B8 C=CODE     S=.text    G=(none)   M=infvercls ACBP=A9
 0001:0004A370 00000638 C=CODE     S=.text    G=(none)   M=INFHelpers ACBP=A9
 0001:0004A9A8 00000038 C=CODE     S=.text    G=(none)   M=WinSvc   ACBP=A9
 0001:0004A9E0 00000038 C=CODE     S=.text    G=(none)   M=TlHelp32 ACBP=A9
 0001:0004AA18 0000000E C=CODE     S=.text    G=(none)   M=ImageHlp ACBP=A9
 0001:0004AA28 00000038 C=CODE     S=.text    G=(none)   M=MySqlType ACBP=A9
 0001:0004AA60 00000228 C=CODE     S=.text    G=(none)   M=MySqlBind ACBP=A9
 0001:0004AC88 000000A0 C=CODE     S=.text    G=(none)   M=WinSock  ACBP=A9
 0001:0004AD28 0000000E C=CODE     S=.text    G=(none)   M=ScktComp ACBP=A9
 0001:0004AD38 00000C00 C=CODE     S=.text    G=(none)   M=MySqlErrors ACBP=A9
 0001:0004B938 000017A0 C=CODE     S=.text    G=(none)   M=MySqlNet ACBP=A9
 0001:0004D0D8 000003F0 C=CODE     S=.text    G=(none)   M=MySqlVioPipe ACBP=A9
 0001:0004D4C8 00000968 C=CODE     S=.text    G=(none)   M=CRVioTcp ACBP=A9
 0001:0004DE30 00001051 C=CODE     S=.text    G=(none)   M=CRVioTcpSSL ACBP=A9
 0001:0004EE84 000014EC C=CODE     S=.text    G=(none)   M=MySqlResultSet ACBP=A9
 0001:00050370 00001FF8 C=CODE     S=.text    G=(none)   M=MySqlSession ACBP=A9
 0001:00052368 00000ED0 C=CODE     S=.text    G=(none)   M=MySqlStmt ACBP=A9
 0001:00053238 00001927 C=CODE     S=.text    G=(none)   M=MySqlApiDirect ACBP=A9
 0001:00054B60 00000C74 C=CODE     S=.text    G=(none)   M=MyParser ACBP=A9
 0001:000557D4 00012020 C=CODE     S=.text    G=(none)   M=MyClasses ACBP=A9
 0001:000677F4 0000526F C=CODE     S=.text    G=(none)   M=MySqlApi ACBP=A9
 0001:0006CA64 00000956 C=CODE     S=.text    G=(none)   M=MyConnectionPool ACBP=A9
 0001:0006D3BC 00001F7C C=CODE     S=.text    G=(none)   M=DAScript ACBP=A9
 0001:0006F338 0000140C C=CODE     S=.text    G=(none)   M=DADump   ACBP=A9
 0001:00070744 00005798 C=CODE     S=.text    G=(none)   M=MyServices ACBP=A9
 0001:00075EDC 00000388 C=CODE     S=.text    G=(none)   M=MyDacMonitor ACBP=A9
 0001:00076264 0000803C C=CODE     S=.text    G=(none)   M=MyAccess ACBP=A9
 0001:0007E2A0 00000048 C=CODE     S=.text    G=(none)   M=MaxMin   ACBP=A9
 0001:0007E2E8 00000098 C=CODE     S=.text    G=(none)   M=RXConst  ACBP=A9
 0001:0007E380 00000038 C=CODE     S=.text    G=(none)   M=RXCConst ACBP=A9
 0001:0007E3B8 00000950 C=CODE     S=.text    G=(none)   M=VCLUtils ACBP=A9
 0001:0007ED08 00000414 C=CODE     S=.text    G=(none)   M=rxStrUtils ACBP=A9
 0001:0007F11C 000000A4 C=CODE     S=.text    G=(none)   M=DateUtil ACBP=A9
 0001:0007F1C0 0000001E C=CODE     S=.text    G=(none)   M=FileCtrl ACBP=A9
 0001:0007F1E0 0000000E C=CODE     S=.text    G=(none)   M=Gauges   ACBP=A9
 0001:0007F1F0 00000044 C=CODE     S=.text    G=(none)   M=RxPrgrss ACBP=A9
 0001:0007F234 000004D8 C=CODE     S=.text    G=(none)   M=FileUtil ACBP=A9
 0001:0007F70C 00000C6D C=CODE     S=.text    G=(none)   M=RxHook   ACBP=A9
 0001:0008037C 00000050 C=CODE     S=.text    G=(none)   M=RXProps  ACBP=A9
 0001:000803CC 00001A78 C=CODE     S=.text    G=(none)   M=Placemnt ACBP=A9
 0001:00081E44 00000D98 C=CODE     S=.text    G=(none)   M=AppUtils ACBP=A9
 0001:00082BDC 0000000E C=CODE     S=.text    G=(none)   M=IdFTP    ACBP=A9
 0001:00082BEC 0000000E C=CODE     S=.text    G=(none)   M=IdAssignedNumbers ACBP=A9
 0001:00082BFC 00000016 C=CODE     S=.text    G=(none)   M=IdGlobal ACBP=A9
 0001:00082C14 0000000E C=CODE     S=.text    G=(none)   M=IdException ACBP=A9
 0001:00082C24 0000000E C=CODE     S=.text    G=(none)   M=IdResourceStrings ACBP=A9
 0001:00082C34 0000000E C=CODE     S=.text    G=(none)   M=IdStream ACBP=A9
 0001:00082C44 0000000E C=CODE     S=.text    G=(none)   M=IdStreamVCL ACBP=A9
 0001:00082C54 0000000E C=CODE     S=.text    G=(none)   M=IdCustomTransparentProxy ACBP=A9
 0001:00082C64 0000000E C=CODE     S=.text    G=(none)   M=IdComponent ACBP=A9
 0001:00082C74 0000000E C=CODE     S=.text    G=(none)   M=IdAntiFreezeBase ACBP=A9
 0001:00082C84 00000016 C=CODE     S=.text    G=(none)   M=IdBaseComponent ACBP=A9
 0001:00082C9C 0000000E C=CODE     S=.text    G=(none)   M=IdStack  ACBP=A9
 0001:00082CAC 0000000E C=CODE     S=.text    G=(none)   M=IdStackConsts ACBP=A9
 0001:00082CBC 0000000E C=CODE     S=.text    G=(none)   M=IdWship6 ACBP=A9
 0001:00082CCC 0000000E C=CODE     S=.text    G=(none)   M=IdWinsock2 ACBP=A9
 0001:00082CDC 0000000E C=CODE     S=.text    G=(none)   M=IdStackWindows ACBP=A9
 0001:00082CEC 0000000E C=CODE     S=.text    G=(none)   M=IdStackBSDBase ACBP=A9
 0001:00082CFC 0000000E C=CODE     S=.text    G=(none)   M=IdIOHandler ACBP=A9
 0001:00082D0C 0000000E C=CODE     S=.text    G=(none)   M=IdBuffer ACBP=A9
 0001:00082D1C 0000000E C=CODE     S=.text    G=(none)   M=IdResourceStringsCore ACBP=A9
 0001:00082D2C 0000000E C=CODE     S=.text    G=(none)   M=IdExceptionCore ACBP=A9
 0001:00082D3C 0000000E C=CODE     S=.text    G=(none)   M=IdIntercept ACBP=A9
 0001:00082D4C 0000000E C=CODE     S=.text    G=(none)   M=IdSocketHandle ACBP=A9
 0001:00082D5C 0000000E C=CODE     S=.text    G=(none)   M=IdExplicitTLSClientServerBase ACBP=A9
 0001:00082D6C 0000000E C=CODE     S=.text    G=(none)   M=IdCmdTCPServer ACBP=A9
 0001:00082D7C 0000000E C=CODE     S=.text    G=(none)   M=IdCommandHandlers ACBP=A9
 0001:00082D8C 0000000E C=CODE     S=.text    G=(none)   M=IdReply  ACBP=A9
 0001:00082D9C 0000000E C=CODE     S=.text    G=(none)   M=IdContext ACBP=A9
 0001:00082DAC 00000016 C=CODE     S=.text    G=(none)   M=IdTCPConnection ACBP=A9
 0001:00082DC4 0000000E C=CODE     S=.text    G=(none)   M=IdIOHandlerSocket ACBP=A9
 0001:00082DD4 0000000E C=CODE     S=.text    G=(none)   M=IdSocks  ACBP=A9
 0001:00082DE4 0000000E C=CODE     S=.text    G=(none)   M=IdIPAddress ACBP=A9
 0001:00082DF4 0000001E C=CODE     S=.text    G=(none)   M=IdTCPClient ACBP=A9
 0001:00082E14 0000000E C=CODE     S=.text    G=(none)   M=IdIOHandlerStack ACBP=A9
 0001:00082E24 0000000E C=CODE     S=.text    G=(none)   M=IdReplyRFC ACBP=A9
 0001:00082E34 0000000E C=CODE     S=.text    G=(none)   M=IdTask   ACBP=A9
 0001:00082E44 0000000E C=CODE     S=.text    G=(none)   M=IdYarn   ACBP=A9
 0001:00082E54 0000000E C=CODE     S=.text    G=(none)   M=IdTCPServer ACBP=A9
 0001:00082E64 0000000E C=CODE     S=.text    G=(none)   M=IdCustomTCPServer ACBP=A9
 0001:00082E74 0000000E C=CODE     S=.text    G=(none)   M=IdScheduler ACBP=A9
 0001:00082E84 0000000E C=CODE     S=.text    G=(none)   M=IdThread ACBP=A9
 0001:00082E94 0000000E C=CODE     S=.text    G=(none)   M=IdThreadSafe ACBP=A9
 0001:00082EA4 0000000E C=CODE     S=.text    G=(none)   M=IdSchedulerOfThread ACBP=A9
 0001:00082EB4 0000000E C=CODE     S=.text    G=(none)   M=IdServerIOHandler ACBP=A9
 0001:00082EC4 0000000E C=CODE     S=.text    G=(none)   M=IdServerIOHandlerStack ACBP=A9
 0001:00082ED4 0000000E C=CODE     S=.text    G=(none)   M=IdServerIOHandlerSocket ACBP=A9
 0001:00082EE4 0000000E C=CODE     S=.text    G=(none)   M=IdGlobalCore ACBP=A9
 0001:00082EF4 0000000E C=CODE     S=.text    G=(none)   M=IdSchedulerOfThreadDefault ACBP=A9
 0001:00082F04 0000000E C=CODE     S=.text    G=(none)   M=IdResourceStringsProtocols ACBP=A9
 0001:00082F14 0000000E C=CODE     S=.text    G=(none)   M=IdSSL    ACBP=A9
 0001:00082F24 0000000E C=CODE     S=.text    G=(none)   M=IdFTPCommon ACBP=A9
 0001:00082F34 0000000E C=CODE     S=.text    G=(none)   M=IdGlobalProtocols ACBP=A9
 0001:00082F44 0000000E C=CODE     S=.text    G=(none)   M=IdCharsets ACBP=A9
 0001:00082F54 0000000E C=CODE     S=.text    G=(none)   M=IdFTPList ACBP=A9
 0001:00082F64 0000000E C=CODE     S=.text    G=(none)   M=IdContainers ACBP=A9
 0001:00082F74 0000000E C=CODE     S=.text    G=(none)   M=IdStrings ACBP=A9
 0001:00082F84 0000000E C=CODE     S=.text    G=(none)   M=IdFTPListParseBase ACBP=A9
 0001:00082F94 0000000E C=CODE     S=.text    G=(none)   M=IdFTPListTypes ACBP=A9
 0001:00082FA4 0000000E C=CODE     S=.text    G=(none)   M=IdReplyFTP ACBP=A9
 0001:00082FB4 0000000E C=CODE     S=.text    G=(none)   M=IdZLibCompressorBase ACBP=A9
 0001:00082FC4 00000016 C=CODE     S=.text    G=(none)   M=IdHash   ACBP=A9
 0001:00082FDC 0000000E C=CODE     S=.text    G=(none)   M=IdHashCRC ACBP=A9
 0001:00082FEC 0000000E C=CODE     S=.text    G=(none)   M=IdHashSHA1 ACBP=A9
 0001:00082FFC 00000016 C=CODE     S=.text    G=(none)   M=IdHashMessageDigest ACBP=A9
 0001:00083014 0000000E C=CODE     S=.text    G=(none)   M=IdSimpleServer ACBP=A9
 0001:00083024 0000000E C=CODE     S=.text    G=(none)   M=IdOTPCalculator ACBP=A9
 0001:00083034 0000004E C=CODE     S=.text    G=(none)   M=IdHTTP   ACBP=A9
 0001:00083084 0000001E C=CODE     S=.text    G=(none)   M=IdHeaderList ACBP=A9
 0001:000830A4 00000026 C=CODE     S=.text    G=(none)   M=IdHTTPHeaderInfo ACBP=A9
 0001:000830CC 0000000E C=CODE     S=.text    G=(none)   M=IdAuthentication ACBP=A9
 0001:000830DC 0000000E C=CODE     S=.text    G=(none)   M=IdCoderMIME ACBP=A9
 0001:000830EC 0000000E C=CODE     S=.text    G=(none)   M=IdCoder3to4 ACBP=A9
 0001:000830FC 00000016 C=CODE     S=.text    G=(none)   M=IdCoder  ACBP=A9
 0001:00083114 0000001E C=CODE     S=.text    G=(none)   M=IdURI    ACBP=A9
 0001:00083134 0000000E C=CODE     S=.text    G=(none)   M=IdCookie ACBP=A9
 0001:00083144 0000000E C=CODE     S=.text    G=(none)   M=IdCookieManager ACBP=A9
 0001:00083154 0000000E C=CODE     S=.text    G=(none)   M=IdAuthenticationManager ACBP=A9
 0001:00083164 0000000E C=CODE     S=.text    G=(none)   M=IdMultipartFormData ACBP=A9
 0001:00083174 0000000E C=CODE     S=.text    G=(none)   M=IdAllAuthentications ACBP=A9
 0001:00083184 0000000E C=CODE     S=.text    G=(none)   M=IdAuthenticationNTLM ACBP=A9
 0001:00083194 00000016 C=CODE     S=.text    G=(none)   M=IdSSLOpenSSLHeaders ACBP=A9
 0001:000831AC 0000000E C=CODE     S=.text    G=(none)   M=IdCTypes ACBP=A9
 0001:000831BC 0000000E C=CODE     S=.text    G=(none)   M=IdSSLOpenSSL ACBP=A9
 0001:000831CC 0000000E C=CODE     S=.text    G=(none)   M=IdNTLM   ACBP=A9
 0001:000831DC 0000000E C=CODE     S=.text    G=(none)   M=IdStruct ACBP=A9
 0001:000831EC 0000000E C=CODE     S=.text    G=(none)   M=IdAuthenticationDigest ACBP=A9
 0001:000831FC 0000136C C=CODE     S=.text    G=(none)   M=SevenZip ACBP=A9
 0001:00084568 000001A8 C=CODE     S=.text    G=(none)   M=U_SGXMLGeneral ACBP=A9
 0001:00084710 0000015C C=CODE     S=.text    G=(none)   M=U_SXConversions ACBP=A9
 0001:0008486C 00000454 C=CODE     S=.text    G=(none)   M=RxVerInf ACBP=A9
 0001:00084CC0 000008D3 C=CODE     S=.text    G=(none)   M=LU_Tracer ACBP=A9
 0001:00085594 00000437 C=CODE     S=.text    G=(none)   M=U_ExchangeLog ACBP=A9
 0001:000859CC 00000473 C=CODE     S=.text    G=(none)   M=NetworkSettings ACBP=A9
 0001:00085E40 0000468C C=CODE     S=.text    G=(none)   M=AProc    ACBP=A9
 0001:0008A4CC 00001314 C=CODE     S=.text    G=(none)   M=DBProc   ACBP=A9
 0001:0008B7E0 000001EC C=CODE     S=.text    G=(none)   M=U_VistaCorrectForm ACBP=A9
 0001:0008B9CC 0000000E C=CODE     S=.text    G=(none)   M=OleConst ACBP=A9
 0001:0008B9DC 00000118 C=CODE     S=.text    G=(none)   M=OleDlg   ACBP=A9
 0001:0008BAF4 00000016 C=CODE     S=.text    G=(none)   M=OleCtnrs ACBP=A9
 0001:0008BB0C 00006B6C C=CODE     S=.text    G=(none)   M=RxRichEd ACBP=A9
 0001:00092678 00000A30 C=CODE     S=.text    G=(none)   M=DescriptionFrm ACBP=A9
 0001:000930A8 000002B7 C=CODE     S=.text    G=(none)   M=DayOfWeekHelper ACBP=A9
 0001:00093360 000005E9 C=CODE     S=.text    G=(none)   M=vwPrint  ACBP=A9
 0001:0009394C 00000E90 C=CODE     S=.text    G=(none)   M=GDIPL2A  ACBP=A9
 0001:000947DC 000000C6 C=CODE     S=.text    G=(none)   M=jpeg     ACBP=A9
 0001:000948A4 0000000E C=CODE     S=.text    G=(none)   M=JConsts  ACBP=A9
 0001:000948B4 00000040 C=CODE     S=.text    G=(none)   M=MMSystem ACBP=A9
 0001:000948F4 00001ED0 C=CODE     S=.text    G=(none)   M=DitherUnit ACBP=A9
 0001:000967C4 000068A4 C=CODE     S=.text    G=(none)   M=PNGZLIB1 ACBP=A9
 0001:0009D068 0000398C C=CODE     S=.text    G=(none)   M=PngImage1 ACBP=A9
 0001:000A09F4 00000038 C=CODE     S=.text    G=(none)   M=MetaFilePrinter ACBP=A9
 0001:000A0A2C 000021C4 C=CODE     S=.text    G=(none)   M=HtmlGif1 ACBP=A9
 0001:000A2BF0 00006C44 C=CODE     S=.text    G=(none)   M=Htmlview ACBP=A9
 0001:000A9834 00002A80 C=CODE     S=.text    G=(none)   M=Htmlsbs1 ACBP=A9
 0001:000AC2B4 000199EC C=CODE     S=.text    G=(none)   M=Htmlsubs ACBP=A9
 0001:000C5CA0 00000EFC C=CODE     S=.text    G=(none)   M=HTMLGif2 ACBP=A9
 0001:000C6B9C 00000CCC C=CODE     S=.text    G=(none)   M=URLSubs  ACBP=A9
 0001:000C7868 000024C0 C=CODE     S=.text    G=(none)   M=StylePars ACBP=A9
 0001:000C9D28 0000AEFC C=CODE     S=.text    G=(none)   M=Readhtml ACBP=A9
 0001:000D4C24 00006AF0 C=CODE     S=.text    G=(none)   M=HTMLUn2  ACBP=A9
 0001:000DB714 00007B4F C=CODE     S=.text    G=(none)   M=StyleUn  ACBP=A9
 0001:000E3264 0000000E C=CODE     S=.text    G=(none)   M=ActnMan  ACBP=A9
 0001:000E3274 0000000E C=CODE     S=.text    G=(none)   M=ActnColorMaps ACBP=A9
 0001:000E3284 0000000E C=CODE     S=.text    G=(none)   M=GraphUtil ACBP=A9
 0001:000E3294 0000000E C=CODE     S=.text    G=(none)   M=ActnMenus ACBP=A9
 0001:000E32A4 0000000E C=CODE     S=.text    G=(none)   M=ShadowWnd ACBP=A9
 0001:000E32B4 0000000E C=CODE     S=.text    G=(none)   M=ActnCtrls ACBP=A9
 0001:000E32C4 0000000E C=CODE     S=.text    G=(none)   M=XPStyleActnCtrls ACBP=A9
 0001:000E32D4 0000000E C=CODE     S=.text    G=(none)   M=XPActnCtrls ACBP=A9
 0001:000E32E4 0000000E C=CODE     S=.text    G=(none)   M=OleCtrls ACBP=A9
 0001:000E32F4 0000000E C=CODE     S=.text    G=(none)   M=AxCtrls  ACBP=A9
 0001:000E3304 0000000E C=CODE     S=.text    G=(none)   M=StdVCL   ACBP=A9
 0001:000E3314 0000000E C=CODE     S=.text    G=(none)   M=AppEvnts ACBP=A9
 0001:000E3324 00000038 C=CODE     S=.text    G=(none)   M=Constant ACBP=A9
 0001:000E335C 00000CE0 C=CODE     S=.text    G=(none)   M=Ras      ACBP=A9
 0001:000E403C 000003A0 C=CODE     S=.text    G=(none)   M=CreateEntry ACBP=A9
 0001:000E43DC 00000300 C=CODE     S=.text    G=(none)   M=InputBox ACBP=A9
 0001:000E46DC 00001A08 C=CODE     S=.text    G=(none)   M=ARas     ACBP=A9
 0001:000E60E4 00000036 C=CODE     S=.text    G=(none)   M=FR_Class ACBP=A9
 0001:000E611C 0000000E C=CODE     S=.text    G=(none)   M=FR_DBRel ACBP=A9
 0001:000E612C 00000016 C=CODE     S=.text    G=(none)   M=FR_DBSet ACBP=A9
 0001:000E6144 0000000E C=CODE     S=.text    G=(none)   M=FR_DSet  ACBP=A9
 0001:000E6154 0000000E C=CODE     S=.text    G=(none)   M=FR_Intrp ACBP=A9
 0001:000E6164 00000016 C=CODE     S=.text    G=(none)   M=FR_Pars  ACBP=A9
 0001:000E617C 0000000E C=CODE     S=.text    G=(none)   M=FR_View  ACBP=A9
 0001:000E618C 0000000E C=CODE     S=.text    G=(none)   M=FR_Const ACBP=A9
 0001:000E619C 0000000E C=CODE     S=.text    G=(none)   M=FR_Dock  ACBP=A9
 0001:000E61AC 0000000E C=CODE     S=.text    G=(none)   M=FR_Ctrls ACBP=A9
 0001:000E61BC 0000000E C=CODE     S=.text    G=(none)   M=FR_Utils ACBP=A9
 0001:000E61CC 0000000E C=CODE     S=.text    G=(none)   M=FR_progr ACBP=A9
 0001:000E61DC 0000000E C=CODE     S=.text    G=(none)   M=FR_passw ACBP=A9
 0001:000E61EC 0000000E C=CODE     S=.text    G=(none)   M=FR_Prntr ACBP=A9
 0001:000E61FC 0000000E C=CODE     S=.text    G=(none)   M=FR_PrDlg ACBP=A9
 0001:000E620C 0000000E C=CODE     S=.text    G=(none)   M=FR_FmtEd ACBP=A9
 0001:000E621C 0000000E C=CODE     S=.text    G=(none)   M=FR_Srch  ACBP=A9
 0001:000E622C 0000000E C=CODE     S=.text    G=(none)   M=FR_DCtrl ACBP=A9
 0001:000E623C 0000000E C=CODE     S=.text    G=(none)   M=FR_LEdit ACBP=A9
 0001:000E624C 0000000E C=CODE     S=.text    G=(none)   M=FR_RRect ACBP=A9
 0001:000E625C 0000000E C=CODE     S=.text    G=(none)   M=FR_Chart ACBP=A9
 0001:000E626C 0000000E C=CODE     S=.text    G=(none)   M=Series   ACBP=A9
 0001:000E627C 0000000E C=CODE     S=.text    G=(none)   M=TeeProcs ACBP=A9
 0001:000E628C 0000000E C=CODE     S=.text    G=(none)   M=TeCanvas ACBP=A9
 0001:000E629C 0000000E C=CODE     S=.text    G=(none)   M=TeeConst ACBP=A9
 0001:000E62AC 0000000E C=CODE     S=.text    G=(none)   M=Chart    ACBP=A9
 0001:000E62BC 0000000E C=CODE     S=.text    G=(none)   M=TeeFunci ACBP=A9
 0001:000E62CC 0000000E C=CODE     S=.text    G=(none)   M=TeEngine ACBP=A9
 0001:000E62DC 0000000E C=CODE     S=.text    G=(none)   M=FR_Shape ACBP=A9
 0001:000E62EC 0000000E C=CODE     S=.text    G=(none)   M=FR_ChBox ACBP=A9
 0001:000E62FC 0000000E C=CODE     S=.text    G=(none)   M=frRtfExp ACBP=A9
 0001:000E630C 0000000E C=CODE     S=.text    G=(none)   M=frProgr  ACBP=A9
 0001:000E631C 0000000E C=CODE     S=.text    G=(none)   M=frIEMatrix ACBP=A9
 0001:000E632C 0000000E C=CODE     S=.text    G=(none)   M=FR_Rich  ACBP=A9
 0001:000E633C 0000000E C=CODE     S=.text    G=(none)   M=FR_Combo ACBP=A9
 0001:000E634C 0000000E C=CODE     S=.text    G=(none)   M=frexpimg ACBP=A9
 0001:000E635C 0000000E C=CODE     S=.text    G=(none)   M=FR_E_HTML2 ACBP=A9
 0001:000E636C 0000000E C=CODE     S=.text    G=(none)   M=FR_E_TXT ACBP=A9
 0001:000E637C 00000A50 C=CODE     S=.text    G=(none)   M=MyServerControl ACBP=A9
 0001:000E6DCC 00001128 C=CODE     S=.text    G=(none)   M=MyEmbConnection ACBP=A9
 0001:000E7EF4 000001B8 C=CODE     S=.text    G=(none)   M=MyScriptProcessor ACBP=A9
 0001:000E80AC 00000334 C=CODE     S=.text    G=(none)   M=MyScript ACBP=A9
 0001:000E83E0 00000038 C=CODE     S=.text    G=(none)   M=DALoader ACBP=A9
 0001:000E8418 00000038 C=CODE     S=.text    G=(none)   M=MyLoader ACBP=A9
 0001:000E8450 00001578 C=CODE     S=.text    G=(none)   M=MyDump   ACBP=A9
 0001:000E99C8 0000000E C=CODE     S=.text    G=(none)   M=IdIcmpClient ACBP=A9
 0001:000E99D8 0000000E C=CODE     S=.text    G=(none)   M=IdRawBase ACBP=A9
 0001:000E99E8 0000000E C=CODE     S=.text    G=(none)   M=IdRawClient ACBP=A9
 0001:000E99F8 0000000E C=CODE     S=.text    G=(none)   M=IdRawHeaders ACBP=A9
 0001:000E9A08 00000038 C=CODE     S=.text    G=(none)   M=inforoomalg ACBP=A9
 0001:000E9A40 00000038 C=CODE     S=.text    G=(none)   M=inforoomapi ACBP=A9
 0001:000E9A78 00000038 C=CODE     S=.text    G=(none)   M=incrt    ACBP=A9
 0001:000E9AB0 00000038 C=CODE     S=.text    G=(none)   M=hlpcodecs ACBP=A9
 0001:000E9AE8 00000038 C=CODE     S=.text    G=(none)   M=RXDConst ACBP=A9
 0001:000E9B20 00000550 C=CODE     S=.text    G=(none)   M=DBUtils  ACBP=A9
 0001:000EA070 00003208 C=CODE     S=.text    G=(none)   M=RxMemDS  ACBP=A9
 0001:000ED278 00000130 C=CODE     S=.text    G=(none)   M=MySQLMonitor ACBP=A9
 0001:000ED3A8 00000038 C=CODE     S=.text    G=(none)   M=MyBackup ACBP=A9
 0001:000ED3E0 00000098 C=CODE     S=.text    G=(none)   M=InforoomException ACBP=A9
 0001:000ED478 00000110 C=CODE     S=.text    G=(none)   M=DataIntegrityExceptions ACBP=A9
 0001:000ED588 00000038 C=CODE     S=.text    G=(none)   M=RegistryHelper ACBP=A9
 0001:000ED5C0 000006FC C=CODE     S=.text    G=(none)   M=GlobalParams ACBP=A9
 0001:000EDCBC 000000A4 C=CODE     S=.text    G=(none)   M=CRC32Unit ACBP=A9
 0001:000EDD60 00000080 C=CODE     S=.text    G=(none)   M=SysNames ACBP=A9
 0001:000EDDE0 000005B1 C=CODE     S=.text    G=(none)   M=UniqueID ACBP=A9
 0001:000EE394 00000520 C=CODE     S=.text    G=(none)   M=ExclusiveParams ACBP=A9
 0001:000EE8B4 0000019C C=CODE     S=.text    G=(none)   M=AllOrdersParams ACBP=A9
 0001:000EEA50 000000B0 C=CODE     S=.text    G=(none)   M=U_Address ACBP=A9
 0001:000EEB00 000006F0 C=CODE     S=.text    G=(none)   M=U_Offer  ACBP=A9
 0001:000EF1F0 00000F1C C=CODE     S=.text    G=(none)   M=U_CurrentOrderItem ACBP=A9
 0001:000F010C 00001210 C=CODE     S=.text    G=(none)   M=U_CurrentOrderHead ACBP=A9
 0001:000F131C 000000A8 C=CODE     S=.text    G=(none)   M=U_Supplier ACBP=A9
 0001:000F13C4 000002FC C=CODE     S=.text    G=(none)   M=U_SupplierPromotion ACBP=A9
 0001:000F16C0 00004B8C C=CODE     S=.text    G=(none)   M=U_DBMapping ACBP=A9
 0001:000F624C 0000047B C=CODE     S=.text    G=(none)   M=AddressController ACBP=A9
 0001:000F66C8 0000034B C=CODE     S=.text    G=(none)   M=KeyboardHelper ACBP=A9
 0001:000F6A14 00000383 C=CODE     S=.text    G=(none)   M=SupplierController ACBP=A9
 0001:000F6D98 00000038 C=CODE     S=.text    G=(none)   M=UserActions ACBP=A9
 0001:000F6DD0 000000F0 C=CODE     S=.text    G=(none)   M=SendWaybillTypes ACBP=A9
 0001:000F6EC0 00000160 C=CODE     S=.text    G=(none)   M=ExchangeParameters ACBP=A9
 0001:000F7020 000004F4 C=CODE     S=.text    G=(none)   M=SQLWaiting ACBP=A9
 0001:000F7514 00000056 C=CODE     S=.text    G=(none)   M=MemTableDataEh ACBP=A9
 0001:000F756C 0000000E C=CODE     S=.text    G=(none)   M=MemTreeEh ACBP=A9
 0001:000F757C 00000056 C=CODE     S=.text    G=(none)   M=MemTableEh ACBP=A9
 0001:000F75D4 0000001E C=CODE     S=.text    G=(none)   M=DataDriverEh ACBP=A9
 0001:000F75F4 000012C2 C=CODE     S=.text    G=(none)   M=EhLibMTE ACBP=A9
 0001:000F88B8 0000038C C=CODE     S=.text    G=(none)   M=NetworkParams ACBP=A9
 0001:000F8C44 00000F6C C=CODE     S=.text    G=(none)   M=SOAPThroughHTTP ACBP=A9
 0001:000F9BB0 00000BC0 C=CODE     S=.text    G=(none)   M=InternalRepareOrdersController ACBP=A9
 0001:000FA770 00000348 C=CODE     S=.text    G=(none)   M=GlobalSettingParams ACBP=A9
 0001:000FAAB8 00001D50 C=CODE     S=.text    G=(none)   M=DayOfWeekDelaysController ACBP=A9
 0001:000FC808 0000073B C=CODE     S=.text    G=(none)   M=U_SchedulesController ACBP=A9
 0001:000FCF44 00000620 C=CODE     S=.text    G=(none)   M=DataSetHelper ACBP=A9
 0001:000FD564 00000470 C=CODE     S=.text    G=(none)   M=U_frameBaseLegend ACBP=A9
 0001:000FD9D4 00001DF0 C=CODE     S=.text    G=(none)   M=U_frameMiniMail ACBP=A9
 0001:000FF7C4 00001F84 C=CODE     S=.text    G=(none)   M=U_frameEditVitallyImportantMarkups ACBP=A9
 0001:00101748 000010B0 C=CODE     S=.text    G=(none)   M=U_frameEditAddress ACBP=A9
 0001:001027F8 000041AC C=CODE     S=.text    G=(none)   M=Config   ACBP=A9
 0001:001069A4 00000038 C=CODE     S=.text    G=(none)   M=RxTimer  ACBP=A9
 0001:001069DC 000037ED C=CODE     S=.text    G=(none)   M=RXCtrls  ACBP=A9
 0001:0010A1CC 00000038 C=CODE     S=.text    G=(none)   M=PickDate ACBP=A9
 0001:0010A204 00000064 C=CODE     S=.text    G=(none)   M=ToolEdit ACBP=A9
 0001:0010A268 00000038 C=CODE     S=.text    G=(none)   M=RxCalc   ACBP=A9
 0001:0010A2A0 00000054 C=CODE     S=.text    G=(none)   M=CurrEdit ACBP=A9
 0001:0010A2F4 0000005C C=CODE     S=.text    G=(none)   M=RXDBCtrl ACBP=A9
 0001:0010A350 00000F30 C=CODE     S=.text    G=(none)   M=U_framePosition ACBP=A9
 0001:0010B280 0000001E C=CODE     S=.text    G=(none)   M=Spin     ACBP=A9
 0001:0010B2A0 00000348 C=CODE     S=.text    G=(none)   M=U_frameLegend ACBP=A9
 0001:0010B5E8 00000038 C=CODE     S=.text    G=(none)   M=U_frameContextReclame ACBP=A9
 0001:0010B620 0000016C C=CODE     S=.text    G=(none)   M=VCLHelper ACBP=A9
 0001:0010B78C 000013F0 C=CODE     S=.text    G=(none)   M=U_ShowPromotionsForm ACBP=A9
 0001:0010CB7C 0000033C C=CODE     S=.text    G=(none)   M=PromotionLabel ACBP=A9
 0001:0010CEB8 000007FC C=CODE     S=.text    G=(none)   M=U_frameBlockPromotion ACBP=A9
 0001:0010D6B4 00000CB0 C=CODE     S=.text    G=(none)   M=U_framePromotion ACBP=A9
 0001:0010E364 0000016C C=CODE     S=.text    G=(none)   M=DBViewHelper ACBP=A9
 0001:0010E4D0 00000414 C=CODE     S=.text    G=(none)   M=U_frameAutoComment ACBP=A9
 0001:0010E8E4 000006BC C=CODE     S=.text    G=(none)   M=SearchFilterController ACBP=A9
 0001:0010EFA0 0000069C C=CODE     S=.text    G=(none)   M=AlphaUtils ACBP=A9
 0001:0010F63C 00000F80 C=CODE     S=.text    G=(none)   M=MnnSearch ACBP=A9
 0001:001105BC 00004E09 C=CODE     S=.text    G=(none)   M=NamesForms ACBP=A9
 0001:001153C8 00000260 C=CODE     S=.text    G=(none)   M=ContextMenuGrid ACBP=A9
 0001:00115628 000002C4 C=CODE     S=.text    G=(none)   M=U_frameOrderHeadLegend ACBP=A9
 0001:001158EC 00000CEC C=CODE     S=.text    G=(none)   M=U_frameFilterAddresses ACBP=A9
 0001:001165D8 0000069C C=CODE     S=.text    G=(none)   M=NotFound ACBP=A9
 0001:00116C74 000002DC C=CODE     S=.text    G=(none)   M=WayBillList ACBP=A9
 0001:00116F50 00005624 C=CODE     S=.text    G=(none)   M=OrdersH  ACBP=A9
 0001:0011C574 00000898 C=CODE     S=.text    G=(none)   M=FormHistory ACBP=A9
 0001:0011CE0C 00001670 C=CODE     S=.text    G=(none)   M=Prices   ACBP=A9
 0001:0011E47C 00004934 C=CODE     S=.text    G=(none)   M=CoreFirm ACBP=A9
 0001:00122DB0 00002FF0 C=CODE     S=.text    G=(none)   M=Orders   ACBP=A9
 0001:00125DA0 000008D4 C=CODE     S=.text    G=(none)   M=U_GroupUtils ACBP=A9
 0001:00126674 000044E1 C=CODE     S=.text    G=(none)   M=Core     ACBP=A9
 0001:0012AB58 00000854 C=CODE     S=.text    G=(none)   M=PreviousOrders ACBP=A9
 0001:0012B3AC 00000C84 C=CODE     S=.text    G=(none)   M=Defectives ACBP=A9
 0001:0012C030 0000038C C=CODE     S=.text    G=(none)   M=Registers ACBP=A9
 0001:0012C3BC 0000377D C=CODE     S=.text    G=(none)   M=Summary  ACBP=A9
 0001:0012FB3C 00000258 C=CODE     S=.text    G=(none)   M=U_RecvThread ACBP=A9
 0001:0012FD94 000003E8 C=CODE     S=.text    G=(none)   M=U_frmOldOrdersDelete ACBP=A9
 0001:0013017C 000001A8 C=CODE     S=.text    G=(none)   M=HFileHelper ACBP=A9
 0001:00130324 0000276C C=CODE     S=.text    G=(none)   M=NetworkAdapterHelpers ACBP=A9
 0001:00132A90 00000158 C=CODE     S=.text    G=(none)   M=DocumentTypes ACBP=A9
 0001:00132BE8 0000230C C=CODE     S=.text    G=(none)   M=PostWaybillsController ACBP=A9
 0001:00134EF4 000009A0 C=CODE     S=.text    G=(none)   M=ArchiveHelper ACBP=A9
 0001:00135894 000004BC C=CODE     S=.text    G=(none)   M=UserMessageParams ACBP=A9
 0001:00135D50 00000038 C=CODE     S=.text    G=(none)   M=IdAntiFreeze ACBP=A9
 0001:00135D88 00000041 C=CODE     S=.text    G=(none)   M=GlobalExchangeParameters ACBP=A9
 0001:00135DCC 00000418 C=CODE     S=.text    G=(none)   M=Retry    ACBP=A9
 0001:001361E4 000004F0 C=CODE     S=.text    G=(none)   M=Compact  ACBP=A9
 0001:001366D4 00000D54 C=CODE     S=.text    G=(none)   M=NotOrders ACBP=A9
 0001:00137428 000003A0 C=CODE     S=.text    G=(none)   M=WaybillReportParams ACBP=A9
 0001:001377C8 00000700 C=CODE     S=.text    G=(none)   M=U_PrintSettingsForm ACBP=A9
 0001:00137EC8 0000063C C=CODE     S=.text    G=(none)   M=U_WaybillPrintSettingsForm ACBP=A9
 0001:00138504 00000364 C=CODE     S=.text    G=(none)   M=ReestrReportParams ACBP=A9
 0001:00138868 00000594 C=CODE     S=.text    G=(none)   M=U_ReestrPrintSettingsForm ACBP=A9
 0001:00138DFC 000011C8 C=CODE     S=.text    G=(none)   M=sumprops ACBP=A9
 0001:00139FC4 00000614 C=CODE     S=.text    G=(none)   M=EditVitallyImportantMarkups ACBP=A9
 0001:0013A5D8 00000A10 C=CODE     S=.text    G=(none)   M=EditAddressForm ACBP=A9
 0001:0013AFE8 000008A0 C=CODE     S=.text    G=(none)   M=TicketReportParams ACBP=A9
 0001:0013B888 00000FBC C=CODE     S=.text    G=(none)   M=EditTicketReportParams ACBP=A9
 0001:0013C844 00000810 C=CODE     S=.text    G=(none)   M=RackCardReportParams ACBP=A9
 0001:0013D054 00000DA0 C=CODE     S=.text    G=(none)   M=EditRackCardReportParams ACBP=A9
 0001:0013DDF4 00000448 C=CODE     S=.text    G=(none)   M=LU_TDataExportAsXls ACBP=A9
 0001:0013E23C 0000A89C C=CODE     S=.text    G=(none)   M=DocumentBodies ACBP=A9
 0001:00148AD8 000009C4 C=CODE     S=.text    G=(none)   M=U_frameFilterSuppliers ACBP=A9
 0001:0014949C 000012C8 C=CODE     S=.text    G=(none)   M=StrHlder ACBP=A9
 0001:0014A764 000012D0 C=CODE     S=.text    G=(none)   M=U_SerialNumberSearch ACBP=A9
 0001:0014BA34 000030CC C=CODE     S=.text    G=(none)   M=DocumentHeaders ACBP=A9
 0001:0014EB00 000071CC C=CODE     S=.text    G=(none)   M=jbDbf    ACBP=A9
 0001:00155CCC 00006341 C=CODE     S=.text    G=(none)   M=U_OrderBatchForm ACBP=A9
 0001:0015C010 000005AC C=CODE     S=.text    G=(none)   M=Exclusive ACBP=A9
 0001:0015C5BC 0000196A C=CODE     S=.text    G=(none)   M=Exchange ACBP=A9
 0001:0015DF28 0000093C C=CODE     S=.text    G=(none)   M=U_frmSendLetter ACBP=A9
 0001:0015E864 00000748 C=CODE     S=.text    G=(none)   M=U_SendArchivedOrdersThread ACBP=A9
 0001:0015EFAC 000010AC C=CODE     S=.text    G=(none)   M=ULoginHelper ACBP=A9
 0001:00160058 00015B2C C=CODE     S=.text    G=(none)   M=ExchangeThread ACBP=A9
 0001:00175B84 00000C3C C=CODE     S=.text    G=(none)   M=RecThread ACBP=A9
 0001:001767C0 0000199C C=CODE     S=.text    G=(none)   M=Expireds ACBP=A9
 0001:0017815C 00000C34 C=CODE     S=.text    G=(none)   M=About    ACBP=A9
 0001:00178D90 00002D4C C=CODE     S=.text    G=(none)   M=SynonymSearch ACBP=A9
 0001:0017BADC 00000390 C=CODE     S=.text    G=(none)   M=StartupHelper ACBP=A9
 0001:0017BE6C 000006B4 C=CODE     S=.text    G=(none)   M=Wait     ACBP=A9
 0001:0017C520 00004404 C=CODE     S=.text    G=(none)   M=U_MinPricesForm ACBP=A9
 0001:00180924 00000248 C=CODE     S=.text    G=(none)   M=U_frameServiceLogLegend ACBP=A9
 0001:00180B6C 00000C28 C=CODE     S=.text    G=(none)   M=U_ServiceLogForm ACBP=A9
 0001:00181794 0000791D C=CODE     S=.text    G=(none)   M=Main     ACBP=A9
 0001:001890B4 000004E0 C=CODE     S=.text    G=(none)   M=U_MiniMailForm ACBP=A9
 0001:00189594 000014E8 C=CODE     S=.text    G=(none)   M=DBGridHelper ACBP=A9
 0001:0018AA7C 00004AB8 C=CODE     S=.text    G=(none)   M=PostSomeOrdersController ACBP=A9
 0001:0018F534 0000541C C=CODE     S=.text    G=(none)   M=CorrectOrders ACBP=A9
 0001:00194950 00000038 C=CODE     S=.text    G=(none)   M=U_DeleteDBThread ACBP=A9
 0001:00194988 000002B0 C=CODE     S=.text    G=(none)   M=FileCountHelper ACBP=A9
 0001:00194C38 00013483 C=CODE     S=.text    G=(none)   M=DModule  ACBP=A9
 0001:001A80BC 0000047C C=CODE     S=.text    G=(none)   M=Waiting  ACBP=A9
 0001:001A8538 00000518 C=CODE     S=.text    G=(none)   M=U_UpdateDBThread ACBP=A9
 0001:001A8A50 00001988 C=CODE     S=.text    G=(none)   M=CompactThread ACBP=A9
 0001:001AA3D8 000060A6 C=CODE     S=.text    G=(none)   M=DatabaseObjects ACBP=A9
 0001:001B0480 00003070 C=CODE     S=.text    G=(none)   M=Child    ACBP=A9
 0001:001B34F0 00001F7E C=CODE     S=.text    G=(none)   M=CriticalDatabaseObjects ACBP=A9
 0001:001B5470 00007F02 C=CODE     S=.text    G=(none)   M=BackupDatabaseObjects ACBP=A9
 0001:001BD374 00000D5A C=CODE     S=.text    G=(none)   M=DatabaseViews ACBP=A9
 0001:001BE0D0 000027A6 C=CODE     S=.text    G=(none)   M=IgnoreDatabaseObjects ACBP=A9
 0001:001C0878 00000616 C=CODE     S=.text    G=(none)   M=SynonymDatabaseObjects ACBP=A9
 0001:001C0E90 00008386 C=CODE     S=.text    G=(none)   M=GeneralDatabaseObjects ACBP=A9
 0001:001C9218 00000038 C=CODE     S=.text    G=(none)   M=MyEmbConnectionEx ACBP=A9
 0001:001C9250 00001360 C=CODE     S=.text    G=(none)   M=AnalitF  ACBP=A9
 0002:00000000 00000020 C=DATA     S=.data    G=DGROUP   M=SysInit  ACBP=A9
 0002:00000020 00000010 C=DATA     S=.data    G=DGROUP   M=MTSCall  ACBP=A9
 0002:00000030 00000020 C=DATA     S=.data    G=DGROUP   M=MemData  ACBP=A9
 0002:00000050 00000004 C=DATA     S=.data    G=DGROUP   M=CRConnectionPool ACBP=A9
 0002:00000054 00000058 C=DATA     S=.data    G=DGROUP   M=MemDS    ACBP=A9
 0002:000000AC 00000028 C=DATA     S=.data    G=DGROUP   M=Win32Timer ACBP=A9
 0002:000000D4 00000010 C=DATA     S=.data    G=DGROUP   M=DBMonitorIntf ACBP=A9
 0002:000000E4 00000010 C=DATA     S=.data    G=DGROUP   M=DASQLMonitor ACBP=A9
 0002:000000F4 00000005 C=DATA     S=.data    G=DGROUP   M=DBAccess ACBP=A9
 0002:000000FC 000000D9 C=DATA     S=.data    G=DGROUP   M=MyCall   ACBP=A9
 0002:000001D8 000004FF C=DATA     S=.data    G=DGROUP   M=MDLHelper ACBP=A9
 0002:000006D8 00002828 C=DATA     S=.data    G=DGROUP   M=infver   ACBP=A9
 0002:00002F00 00000086 C=DATA     S=.data    G=DGROUP   M=infvercls ACBP=A9
 0002:00002F88 000000C4 C=DATA     S=.data    G=DGROUP   M=MySqlErrors ACBP=A9
 0002:0000304C 00000018 C=DATA     S=.data    G=DGROUP   M=MySqlNet ACBP=A9
 0002:00003064 0000004C C=DATA     S=.data    G=DGROUP   M=CRVioTcpSSL ACBP=A9
 0002:000030B0 00000004 C=DATA     S=.data    G=DGROUP   M=MySqlSession ACBP=A9
 0002:000030B4 00000004 C=DATA     S=.data    G=DGROUP   M=MySqlStmt ACBP=A9
 0002:000030B8 00000005 C=DATA     S=.data    G=DGROUP   M=MyClasses ACBP=A9
 0002:000030C0 00000004 C=DATA     S=.data    G=DGROUP   M=MyAccess ACBP=A9
 0002:000030C4 00000004 C=DATA     S=.data    G=DGROUP   M=VCLUtils ACBP=A9
 0002:000030C8 00000004 C=DATA     S=.data    G=DGROUP   M=RxPrgrss ACBP=A9
 0002:000030CC 00000004 C=DATA     S=.data    G=DGROUP   M=RXProps  ACBP=A9
 0002:000030D0 0000000A C=DATA     S=.data    G=DGROUP   M=Placemnt ACBP=A9
 0002:000030DC 00000009 C=DATA     S=.data    G=DGROUP   M=AppUtils ACBP=A9
 0002:000030E8 000000D8 C=DATA     S=.data    G=DGROUP   M=SevenZip ACBP=A9
 0002:000031C0 00000050 C=DATA     S=.data    G=DGROUP   M=U_SGXMLGeneral ACBP=A9
 0002:00003210 00000004 C=DATA     S=.data    G=DGROUP   M=U_ExchangeLog ACBP=A9
 0002:00003214 00000081 C=DATA     S=.data    G=DGROUP   M=RxRichEd ACBP=A9
 0002:00003298 00000058 C=DATA     S=.data    G=DGROUP   M=DescriptionFrm ACBP=A9
 0002:000032F0 0000001C C=DATA     S=.data    G=DGROUP   M=DayOfWeekHelper ACBP=A9
 0002:0000330C 0000000C C=DATA     S=.data    G=DGROUP   M=DitherUnit ACBP=A9
 0002:00003318 00002134 C=DATA     S=.data    G=DGROUP   M=PNGZLIB1 ACBP=A9
 0002:0000544C 0000008C C=DATA     S=.data    G=DGROUP   M=PngImage1 ACBP=A9
 0002:000054D8 0000008C C=DATA     S=.data    G=DGROUP   M=HtmlGif1 ACBP=A9
 0002:00005564 00000004 C=DATA     S=.data    G=DGROUP   M=Htmlview ACBP=A9
 0002:00005568 000000FC C=DATA     S=.data    G=DGROUP   M=Htmlsubs ACBP=A9
 0002:00005664 00000098 C=DATA     S=.data    G=DGROUP   M=StylePars ACBP=A9
 0002:000056FC 00001454 C=DATA     S=.data    G=DGROUP   M=Readhtml ACBP=A9
 0002:00006B50 000000A0 C=DATA     S=.data    G=DGROUP   M=HTMLUn2  ACBP=A9
 0002:00006BF0 0000138C C=DATA     S=.data    G=DGROUP   M=StyleUn  ACBP=A9
 0002:00007F7C 00000008 C=DATA     S=.data    G=DGROUP   M=Constant ACBP=A9
 0002:00007F84 00000009 C=DATA     S=.data    G=DGROUP   M=Ras      ACBP=A9
 0002:00007F90 00000400 C=DATA     S=.data    G=DGROUP   M=CRC32Unit ACBP=A9
 0002:00008390 00000014 C=DATA     S=.data    G=DGROUP   M=U_CurrentOrderItem ACBP=A9
 0002:000083A4 00000010 C=DATA     S=.data    G=DGROUP   M=SendWaybillTypes ACBP=A9
 0002:000083B4 0000000C C=DATA     S=.data    G=DGROUP   M=U_frameEditVitallyImportantMarkups ACBP=A9
 0002:000083C0 00000018 C=DATA     S=.data    G=DGROUP   M=RXCtrls  ACBP=A9
 0002:000083D8 00000008 C=DATA     S=.data    G=DGROUP   M=ToolEdit ACBP=A9
 0002:000083E0 00000004 C=DATA     S=.data    G=DGROUP   M=CurrEdit ACBP=A9
 0002:000083E4 00000024 C=DATA     S=.data    G=DGROUP   M=RXDBCtrl ACBP=A9
 0002:00008408 00000008 C=DATA     S=.data    G=DGROUP   M=AlphaUtils ACBP=A9
 0002:00008410 00000030 C=DATA     S=.data    G=DGROUP   M=DocumentTypes ACBP=A9
 0002:00008440 00000120 C=DATA     S=.data    G=DGROUP   M=sumprops ACBP=A9
 0002:00008560 00000026 C=DATA     S=.data    G=DGROUP   M=LU_TDataExportAsXls ACBP=A9
 0002:00008588 00000020 C=DATA     S=.data    G=DGROUP   M=jbDbf    ACBP=A9
 0002:000085A8 00000024 C=DATA     S=.data    G=DGROUP   M=U_OrderBatchForm ACBP=A9
 0002:000085CC 00000004 C=DATA     S=.data    G=DGROUP   M=ExchangeThread ACBP=A9
 0002:000085D0 00000008 C=DATA     S=.data    G=DGROUP   M=Main     ACBP=A9
 0002:000085D8 0000001C C=DATA     S=.data    G=DGROUP   M=PostSomeOrdersController ACBP=A9
 0002:000085F4 00000168 C=DATA     S=.data    G=DGROUP   M=DModule  ACBP=A9
 0002:0000875C 00000044 C=DATA     S=.data    G=DGROUP   M=DatabaseObjects ACBP=A9
 0002:00009000 00000014 C=BSS      S=.bss     G=DGROUP   M=SysInit  ACBP=A9
 0002:00009014 00000004 C=BSS      S=.bss     G=DGROUP   M=Windows  ACBP=A9
 0002:00009018 00000004 C=BSS      S=.bss     G=DGROUP   M=Messages ACBP=A9
 0002:0000901C 00000004 C=BSS      S=.bss     G=DGROUP   M=CommCtrl ACBP=A9
 0002:00009020 00000004 C=BSS      S=.bss     G=DGROUP   M=Imm      ACBP=A9
 0002:00009024 00000004 C=BSS      S=.bss     G=DGROUP   M=ShlObj   ACBP=A9
 0002:00009028 00000004 C=BSS      S=.bss     G=DGROUP   M=UrlMon   ACBP=A9
 0002:0000902C 00000004 C=BSS      S=.bss     G=DGROUP   M=WinInet  ACBP=A9
 0002:00009030 00000004 C=BSS      S=.bss     G=DGROUP   M=RegStr   ACBP=A9
 0002:00009034 00000004 C=BSS      S=.bss     G=DGROUP   M=ShellAPI ACBP=A9
 0002:00009038 00000004 C=BSS      S=.bss     G=DGROUP   M=WinSpool ACBP=A9
 0002:0000903C 00000004 C=BSS      S=.bss     G=DGROUP   M=CommDlg  ACBP=A9
 0002:00009040 00000004 C=BSS      S=.bss     G=DGROUP   M=Dlgs     ACBP=A9
 0002:00009044 00000004 C=BSS      S=.bss     G=DGROUP   M=RichEdit ACBP=A9
 0002:00009048 00000070 C=BSS      S=.bss     G=DGROUP   M=VCLFixPack ACBP=A9
 0002:000090B8 0000000C C=BSS      S=.bss     G=DGROUP   M=LU_MutexSystem ACBP=A9
 0002:000090C4 00000004 C=BSS      S=.bss     G=DGROUP   M=XPMan    ACBP=A9
 0002:000090C8 00000014 C=BSS      S=.bss     G=DGROUP   M=CLRClasses ACBP=A9
 0002:000090DC 00000004 C=BSS      S=.bss     G=DGROUP   M=DAConsts ACBP=A9
 0002:000090E0 000000A4 C=BSS      S=.bss     G=DGROUP   M=MemUtils ACBP=A9
 0002:00009184 00000010 C=BSS      S=.bss     G=DGROUP   M=CRParser ACBP=A9
 0002:00009194 0000000C C=BSS      S=.bss     G=DGROUP   M=CRXml    ACBP=A9
 0002:000091A0 00000028 C=BSS      S=.bss     G=DGROUP   M=MTSCall  ACBP=A9
 0002:000091C8 00000004 C=BSS      S=.bss     G=DGROUP   M=CRVio    ACBP=A9
 0002:000091CC 0000001C C=BSS      S=.bss     G=DGROUP   M=MemData  ACBP=A9
 0002:000091E8 00000004 C=BSS      S=.bss     G=DGROUP   M=CRConnectionPool ACBP=A9
 0002:000091EC 00000004 C=BSS      S=.bss     G=DGROUP   M=CRAccess ACBP=A9
 0002:000091F0 00000004 C=BSS      S=.bss     G=DGROUP   M=MemDS    ACBP=A9
 0002:000091F4 00000004 C=BSS      S=.bss     G=DGROUP   M=Win32Timer ACBP=A9
 0002:000091F8 00000004 C=BSS      S=.bss     G=DGROUP   M=DBMonitorIntf ACBP=A9
 0002:000091FC 00000004 C=BSS      S=.bss     G=DGROUP   M=DBMonitorClient ACBP=A9
 0002:00009200 00000008 C=BSS      S=.bss     G=DGROUP   M=DASQLMonitor ACBP=A9
 0002:00009208 00000044 C=BSS      S=.bss     G=DGROUP   M=DBAccess ACBP=A9
 0002:0000924C 00000004 C=BSS      S=.bss     G=DGROUP   M=MyConsts ACBP=A9
 0002:00009250 00000004 C=BSS      S=.bss     G=DGROUP   M=MyCall   ACBP=A9
 0002:00009254 00000020 C=BSS      S=.bss     G=DGROUP   M=MDLHelper ACBP=A9
 0002:00009274 00000004 C=BSS      S=.bss     G=DGROUP   M=infver   ACBP=A9
 0002:00009278 00000004 C=BSS      S=.bss     G=DGROUP   M=infvercls ACBP=A9
 0002:0000927C 00000008 C=BSS      S=.bss     G=DGROUP   M=INFHelpers ACBP=A9
 0002:00009284 00000004 C=BSS      S=.bss     G=DGROUP   M=WinSvc   ACBP=A9
 0002:00009288 00000004 C=BSS      S=.bss     G=DGROUP   M=TlHelp32 ACBP=A9
 0002:0000928C 00000004 C=BSS      S=.bss     G=DGROUP   M=MySqlType ACBP=A9
 0002:00009290 00000004 C=BSS      S=.bss     G=DGROUP   M=MySqlBind ACBP=A9
 0002:00009294 00000004 C=BSS      S=.bss     G=DGROUP   M=WinSock  ACBP=A9
 0002:00009298 00000004 C=BSS      S=.bss     G=DGROUP   M=MySqlErrors ACBP=A9
 0002:0000929C 00000004 C=BSS      S=.bss     G=DGROUP   M=MySqlNet ACBP=A9
 0002:000092A0 00000004 C=BSS      S=.bss     G=DGROUP   M=MySqlVioPipe ACBP=A9
 0002:000092A4 00000194 C=BSS      S=.bss     G=DGROUP   M=CRVioTcp ACBP=A9
 0002:00009438 000000B0 C=BSS      S=.bss     G=DGROUP   M=CRVioTcpSSL ACBP=A9
 0002:000094E8 00000004 C=BSS      S=.bss     G=DGROUP   M=MySqlResultSet ACBP=A9
 0002:000094EC 00000004 C=BSS      S=.bss     G=DGROUP   M=MySqlSession ACBP=A9
 0002:000094F0 00000004 C=BSS      S=.bss     G=DGROUP   M=MySqlStmt ACBP=A9
 0002:000094F4 00000008 C=BSS      S=.bss     G=DGROUP   M=MySqlApiDirect ACBP=A9
 0002:000094FC 0000000C C=BSS      S=.bss     G=DGROUP   M=MyParser ACBP=A9
 0002:00009508 0000000C C=BSS      S=.bss     G=DGROUP   M=MyClasses ACBP=A9
 0002:00009514 00000018 C=BSS      S=.bss     G=DGROUP   M=MySqlApi ACBP=A9
 0002:0000952C 00000010 C=BSS      S=.bss     G=DGROUP   M=MyConnectionPool ACBP=A9
 0002:0000953C 00000004 C=BSS      S=.bss     G=DGROUP   M=DAScript ACBP=A9
 0002:00009540 00000004 C=BSS      S=.bss     G=DGROUP   M=DADump   ACBP=A9
 0002:00009544 00000004 C=BSS      S=.bss     G=DGROUP   M=MyServices ACBP=A9
 0002:00009548 00000008 C=BSS      S=.bss     G=DGROUP   M=MyDacMonitor ACBP=A9
 0002:00009550 00000004 C=BSS      S=.bss     G=DGROUP   M=MyAccess ACBP=A9
 0002:00009554 00000004 C=BSS      S=.bss     G=DGROUP   M=MaxMin   ACBP=A9
 0002:00009558 00000004 C=BSS      S=.bss     G=DGROUP   M=RXConst  ACBP=A9
 0002:0000955C 00000004 C=BSS      S=.bss     G=DGROUP   M=RXCConst ACBP=A9
 0002:00009560 00000004 C=BSS      S=.bss     G=DGROUP   M=VCLUtils ACBP=A9
 0002:00009564 00000004 C=BSS      S=.bss     G=DGROUP   M=rxStrUtils ACBP=A9
 0002:00009568 00000008 C=BSS      S=.bss     G=DGROUP   M=DateUtil ACBP=A9
 0002:00009570 00000004 C=BSS      S=.bss     G=DGROUP   M=RxPrgrss ACBP=A9
 0002:00009574 00000004 C=BSS      S=.bss     G=DGROUP   M=FileUtil ACBP=A9
 0002:00009578 00000008 C=BSS      S=.bss     G=DGROUP   M=RxHook   ACBP=A9
 0002:00009580 00000004 C=BSS      S=.bss     G=DGROUP   M=RXProps  ACBP=A9
 0002:00009584 00000004 C=BSS      S=.bss     G=DGROUP   M=Placemnt ACBP=A9
 0002:00009588 00000004 C=BSS      S=.bss     G=DGROUP   M=AppUtils ACBP=A9
 0002:0000958C 0000000C C=BSS      S=.bss     G=DGROUP   M=SevenZip ACBP=A9
 0002:00009598 00000004 C=BSS      S=.bss     G=DGROUP   M=U_SGXMLGeneral ACBP=A9
 0002:0000959C 00000004 C=BSS      S=.bss     G=DGROUP   M=U_SXConversions ACBP=A9
 0002:000095A0 00000004 C=BSS      S=.bss     G=DGROUP   M=RxVerInf ACBP=A9
 0002:000095A4 00000008 C=BSS      S=.bss     G=DGROUP   M=LU_Tracer ACBP=A9
 0002:000095AC 00000004 C=BSS      S=.bss     G=DGROUP   M=U_ExchangeLog ACBP=A9
 0002:000095B0 00000008 C=BSS      S=.bss     G=DGROUP   M=NetworkSettings ACBP=A9
 0002:000095B8 000000E1 C=BSS      S=.bss     G=DGROUP   M=AProc    ACBP=A9
 0002:0000969C 00000004 C=BSS      S=.bss     G=DGROUP   M=DBProc   ACBP=A9
 0002:000096A0 00000004 C=BSS      S=.bss     G=DGROUP   M=U_VistaCorrectForm ACBP=A9
 0002:000096A4 00000004 C=BSS      S=.bss     G=DGROUP   M=OleDlg   ACBP=A9
 0002:000096A8 000000B4 C=BSS      S=.bss     G=DGROUP   M=RxRichEd ACBP=A9
 0002:0000975C 00000004 C=BSS      S=.bss     G=DGROUP   M=DescriptionFrm ACBP=A9
 0002:00009760 00000008 C=BSS      S=.bss     G=DGROUP   M=DayOfWeekHelper ACBP=A9
 0002:00009768 00000008 C=BSS      S=.bss     G=DGROUP   M=vwPrint  ACBP=A9
 0002:00009770 00000088 C=BSS      S=.bss     G=DGROUP   M=GDIPL2A  ACBP=A9
 0002:000097F8 00000004 C=BSS      S=.bss     G=DGROUP   M=MMSystem ACBP=A9
 0002:000097FC 00000004 C=BSS      S=.bss     G=DGROUP   M=DitherUnit ACBP=A9
 0002:00009800 00000004 C=BSS      S=.bss     G=DGROUP   M=PNGZLIB1 ACBP=A9
 0002:00009804 00000408 C=BSS      S=.bss     G=DGROUP   M=PngImage1 ACBP=A9
 0002:00009C0C 00000004 C=BSS      S=.bss     G=DGROUP   M=MetaFilePrinter ACBP=A9
 0002:00009C10 0000000C C=BSS      S=.bss     G=DGROUP   M=HtmlGif1 ACBP=A9
 0002:00009C1C 00000004 C=BSS      S=.bss     G=DGROUP   M=Htmlview ACBP=A9
 0002:00009C20 00000004 C=BSS      S=.bss     G=DGROUP   M=Htmlsbs1 ACBP=A9
 0002:00009C24 00000014 C=BSS      S=.bss     G=DGROUP   M=Htmlsubs ACBP=A9
 0002:00009C38 00000008 C=BSS      S=.bss     G=DGROUP   M=HTMLGif2 ACBP=A9
 0002:00009C40 00000004 C=BSS      S=.bss     G=DGROUP   M=URLSubs  ACBP=A9
 0002:00009C44 00000010 C=BSS      S=.bss     G=DGROUP   M=StylePars ACBP=A9
 0002:00009C54 00000124 C=BSS      S=.bss     G=DGROUP   M=Readhtml ACBP=A9
 0002:00009D78 00000024 C=BSS      S=.bss     G=DGROUP   M=HTMLUn2  ACBP=A9
 0002:00009D9C 00000014 C=BSS      S=.bss     G=DGROUP   M=StyleUn  ACBP=A9
 0002:00009DB0 00000004 C=BSS      S=.bss     G=DGROUP   M=Constant ACBP=A9
 0002:00009DB4 000000A0 C=BSS      S=.bss     G=DGROUP   M=Ras      ACBP=A9
 0002:00009E54 00000004 C=BSS      S=.bss     G=DGROUP   M=CreateEntry ACBP=A9
 0002:00009E58 00000004 C=BSS      S=.bss     G=DGROUP   M=InputBox ACBP=A9
 0002:00009E5C 00000009 C=BSS      S=.bss     G=DGROUP   M=ARas     ACBP=A9
 0002:00009E68 00000004 C=BSS      S=.bss     G=DGROUP   M=MyServerControl ACBP=A9
 0002:00009E6C 00000008 C=BSS      S=.bss     G=DGROUP   M=MyEmbConnection ACBP=A9
 0002:00009E74 00000004 C=BSS      S=.bss     G=DGROUP   M=MyScriptProcessor ACBP=A9
 0002:00009E78 00000004 C=BSS      S=.bss     G=DGROUP   M=MyScript ACBP=A9
 0002:00009E7C 00000004 C=BSS      S=.bss     G=DGROUP   M=DALoader ACBP=A9
 0002:00009E80 00000004 C=BSS      S=.bss     G=DGROUP   M=MyLoader ACBP=A9
 0002:00009E84 00000004 C=BSS      S=.bss     G=DGROUP   M=MyDump   ACBP=A9
 0002:00009E88 00000004 C=BSS      S=.bss     G=DGROUP   M=inforoomalg ACBP=A9
 0002:00009E8C 00000004 C=BSS      S=.bss     G=DGROUP   M=inforoomapi ACBP=A9
 0002:00009E90 00000004 C=BSS      S=.bss     G=DGROUP   M=incrt    ACBP=A9
 0002:00009E94 00000004 C=BSS      S=.bss     G=DGROUP   M=hlpcodecs ACBP=A9
 0002:00009E98 00000004 C=BSS      S=.bss     G=DGROUP   M=RXDConst ACBP=A9
 0002:00009E9C 00000004 C=BSS      S=.bss     G=DGROUP   M=DBUtils  ACBP=A9
 0002:00009EA0 00000004 C=BSS      S=.bss     G=DGROUP   M=RxMemDS  ACBP=A9
 0002:00009EA4 00000004 C=BSS      S=.bss     G=DGROUP   M=MySQLMonitor ACBP=A9
 0002:00009EA8 00000004 C=BSS      S=.bss     G=DGROUP   M=MyBackup ACBP=A9
 0002:00009EAC 00000004 C=BSS      S=.bss     G=DGROUP   M=InforoomException ACBP=A9
 0002:00009EB0 00000004 C=BSS      S=.bss     G=DGROUP   M=DataIntegrityExceptions ACBP=A9
 0002:00009EB4 00000004 C=BSS      S=.bss     G=DGROUP   M=RegistryHelper ACBP=A9
 0002:00009EB8 00000004 C=BSS      S=.bss     G=DGROUP   M=GlobalParams ACBP=A9
 0002:00009EBC 0000000C C=BSS      S=.bss     G=DGROUP   M=CRC32Unit ACBP=A9
 0002:00009EC8 00000004 C=BSS      S=.bss     G=DGROUP   M=SysNames ACBP=A9
 0002:00009ECC 00000008 C=BSS      S=.bss     G=DGROUP   M=UniqueID ACBP=A9
 0002:00009ED4 00000004 C=BSS      S=.bss     G=DGROUP   M=ExclusiveParams ACBP=A9
 0002:00009ED8 00000004 C=BSS      S=.bss     G=DGROUP   M=AllOrdersParams ACBP=A9
 0002:00009EDC 00000004 C=BSS      S=.bss     G=DGROUP   M=U_Address ACBP=A9
 0002:00009EE0 00000004 C=BSS      S=.bss     G=DGROUP   M=U_Offer  ACBP=A9
 0002:00009EE4 00000004 C=BSS      S=.bss     G=DGROUP   M=U_CurrentOrderItem ACBP=A9
 0002:00009EE8 00000004 C=BSS      S=.bss     G=DGROUP   M=U_CurrentOrderHead ACBP=A9
 0002:00009EEC 00000004 C=BSS      S=.bss     G=DGROUP   M=U_Supplier ACBP=A9
 0002:00009EF0 00000004 C=BSS      S=.bss     G=DGROUP   M=U_SupplierPromotion ACBP=A9
 0002:00009EF4 00000004 C=BSS      S=.bss     G=DGROUP   M=U_DBMapping ACBP=A9
 0002:00009EF8 00000008 C=BSS      S=.bss     G=DGROUP   M=AddressController ACBP=A9
 0002:00009F00 00000008 C=BSS      S=.bss     G=DGROUP   M=KeyboardHelper ACBP=A9
 0002:00009F08 00000008 C=BSS      S=.bss     G=DGROUP   M=SupplierController ACBP=A9
 0002:00009F10 00000004 C=BSS      S=.bss     G=DGROUP   M=UserActions ACBP=A9
 0002:00009F14 00000004 C=BSS      S=.bss     G=DGROUP   M=SendWaybillTypes ACBP=A9
 0002:00009F18 00000004 C=BSS      S=.bss     G=DGROUP   M=ExchangeParameters ACBP=A9
 0002:00009F1C 00000008 C=BSS      S=.bss     G=DGROUP   M=SQLWaiting ACBP=A9
 0002:00009F24 00000008 C=BSS      S=.bss     G=DGROUP   M=EhLibMTE ACBP=A9
 0002:00009F2C 00000004 C=BSS      S=.bss     G=DGROUP   M=NetworkParams ACBP=A9
 0002:00009F30 00000004 C=BSS      S=.bss     G=DGROUP   M=SOAPThroughHTTP ACBP=A9
 0002:00009F34 00000004 C=BSS      S=.bss     G=DGROUP   M=InternalRepareOrdersController ACBP=A9
 0002:00009F38 00000004 C=BSS      S=.bss     G=DGROUP   M=GlobalSettingParams ACBP=A9
 0002:00009F3C 00000004 C=BSS      S=.bss     G=DGROUP   M=DayOfWeekDelaysController ACBP=A9
 0002:00009F40 00000008 C=BSS      S=.bss     G=DGROUP   M=U_SchedulesController ACBP=A9
 0002:00009F48 00000004 C=BSS      S=.bss     G=DGROUP   M=DataSetHelper ACBP=A9
 0002:00009F4C 00000004 C=BSS      S=.bss     G=DGROUP   M=U_frameBaseLegend ACBP=A9
 0002:00009F50 00000004 C=BSS      S=.bss     G=DGROUP   M=U_frameMiniMail ACBP=A9
 0002:00009F54 00000004 C=BSS      S=.bss     G=DGROUP   M=U_frameEditVitallyImportantMarkups ACBP=A9
 0002:00009F58 00000004 C=BSS      S=.bss     G=DGROUP   M=U_frameEditAddress ACBP=A9
 0002:00009F5C 00000004 C=BSS      S=.bss     G=DGROUP   M=Config   ACBP=A9
 0002:00009F60 00000004 C=BSS      S=.bss     G=DGROUP   M=RxTimer  ACBP=A9
 0002:00009F64 00000004 C=BSS      S=.bss     G=DGROUP   M=RXCtrls  ACBP=A9
 0002:00009F68 00000004 C=BSS      S=.bss     G=DGROUP   M=PickDate ACBP=A9
 0002:00009F6C 00000004 C=BSS      S=.bss     G=DGROUP   M=ToolEdit ACBP=A9
 0002:00009F70 00000004 C=BSS      S=.bss     G=DGROUP   M=RxCalc   ACBP=A9
 0002:00009F74 00000004 C=BSS      S=.bss     G=DGROUP   M=CurrEdit ACBP=A9
 0002:00009F78 00000004 C=BSS      S=.bss     G=DGROUP   M=RXDBCtrl ACBP=A9
 0002:00009F7C 00000004 C=BSS      S=.bss     G=DGROUP   M=U_framePosition ACBP=A9
 0002:00009F80 00000004 C=BSS      S=.bss     G=DGROUP   M=U_frameLegend ACBP=A9
 0002:00009F84 00000004 C=BSS      S=.bss     G=DGROUP   M=U_frameContextReclame ACBP=A9
 0002:00009F88 00000004 C=BSS      S=.bss     G=DGROUP   M=VCLHelper ACBP=A9
 0002:00009F8C 00000004 C=BSS      S=.bss     G=DGROUP   M=U_ShowPromotionsForm ACBP=A9
 0002:00009F90 00000004 C=BSS      S=.bss     G=DGROUP   M=PromotionLabel ACBP=A9
 0002:00009F94 00000004 C=BSS      S=.bss     G=DGROUP   M=U_frameBlockPromotion ACBP=A9
 0002:00009F98 00000004 C=BSS      S=.bss     G=DGROUP   M=U_framePromotion ACBP=A9
 0002:00009F9C 00000004 C=BSS      S=.bss     G=DGROUP   M=DBViewHelper ACBP=A9
 0002:00009FA0 00000004 C=BSS      S=.bss     G=DGROUP   M=U_frameAutoComment ACBP=A9
 0002:00009FA4 00000004 C=BSS      S=.bss     G=DGROUP   M=SearchFilterController ACBP=A9
 0002:00009FA8 00000004 C=BSS      S=.bss     G=DGROUP   M=AlphaUtils ACBP=A9
 0002:00009FAC 00000004 C=BSS      S=.bss     G=DGROUP   M=MnnSearch ACBP=A9
 0002:00009FB0 00000005 C=BSS      S=.bss     G=DGROUP   M=NamesForms ACBP=A9
 0002:00009FB8 00000004 C=BSS      S=.bss     G=DGROUP   M=ContextMenuGrid ACBP=A9
 0002:00009FBC 00000004 C=BSS      S=.bss     G=DGROUP   M=U_frameOrderHeadLegend ACBP=A9
 0002:00009FC0 00000004 C=BSS      S=.bss     G=DGROUP   M=U_frameFilterAddresses ACBP=A9
 0002:00009FC4 00000004 C=BSS      S=.bss     G=DGROUP   M=NotFound ACBP=A9
 0002:00009FC8 00000008 C=BSS      S=.bss     G=DGROUP   M=WayBillList ACBP=A9
 0002:00009FD0 00000004 C=BSS      S=.bss     G=DGROUP   M=OrdersH  ACBP=A9
 0002:00009FD4 00000004 C=BSS      S=.bss     G=DGROUP   M=FormHistory ACBP=A9
 0002:00009FD8 00000014 C=BSS      S=.bss     G=DGROUP   M=Prices   ACBP=A9
 0002:00009FEC 00000004 C=BSS      S=.bss     G=DGROUP   M=CoreFirm ACBP=A9
 0002:00009FF0 00000004 C=BSS      S=.bss     G=DGROUP   M=Orders   ACBP=A9
 0002:00009FF4 00000004 C=BSS      S=.bss     G=DGROUP   M=U_GroupUtils ACBP=A9
 0002:00009FF8 0000000C C=BSS      S=.bss     G=DGROUP   M=Core     ACBP=A9
 0002:0000A004 00000004 C=BSS      S=.bss     G=DGROUP   M=PreviousOrders ACBP=A9
 0002:0000A008 00000004 C=BSS      S=.bss     G=DGROUP   M=Defectives ACBP=A9
 0002:0000A00C 00000004 C=BSS      S=.bss     G=DGROUP   M=Registers ACBP=A9
 0002:0000A010 0000001C C=BSS      S=.bss     G=DGROUP   M=Summary  ACBP=A9
 0002:0000A02C 00000004 C=BSS      S=.bss     G=DGROUP   M=U_RecvThread ACBP=A9
 0002:0000A030 00000008 C=BSS      S=.bss     G=DGROUP   M=U_frmOldOrdersDelete ACBP=A9
 0002:0000A038 00000004 C=BSS      S=.bss     G=DGROUP   M=HFileHelper ACBP=A9
 0002:0000A03C 00000004 C=BSS      S=.bss     G=DGROUP   M=NetworkAdapterHelpers ACBP=A9
 0002:0000A040 00000004 C=BSS      S=.bss     G=DGROUP   M=DocumentTypes ACBP=A9
 0002:0000A044 00000004 C=BSS      S=.bss     G=DGROUP   M=PostWaybillsController ACBP=A9
 0002:0000A048 00000004 C=BSS      S=.bss     G=DGROUP   M=ArchiveHelper ACBP=A9
 0002:0000A04C 00000004 C=BSS      S=.bss     G=DGROUP   M=UserMessageParams ACBP=A9
 0002:0000A050 00000004 C=BSS      S=.bss     G=DGROUP   M=IdAntiFreeze ACBP=A9
 0002:0000A054 00000008 C=BSS      S=.bss     G=DGROUP   M=GlobalExchangeParameters ACBP=A9
 0002:0000A05C 00000008 C=BSS      S=.bss     G=DGROUP   M=Retry    ACBP=A9
 0002:0000A064 00000004 C=BSS      S=.bss     G=DGROUP   M=Compact  ACBP=A9
 0002:0000A068 00000004 C=BSS      S=.bss     G=DGROUP   M=NotOrders ACBP=A9
 0002:0000A06C 00000004 C=BSS      S=.bss     G=DGROUP   M=WaybillReportParams ACBP=A9
 0002:0000A070 00000004 C=BSS      S=.bss     G=DGROUP   M=U_PrintSettingsForm ACBP=A9
 0002:0000A074 00000008 C=BSS      S=.bss     G=DGROUP   M=U_WaybillPrintSettingsForm ACBP=A9
 0002:0000A07C 00000004 C=BSS      S=.bss     G=DGROUP   M=ReestrReportParams ACBP=A9
 0002:0000A080 00000008 C=BSS      S=.bss     G=DGROUP   M=U_ReestrPrintSettingsForm ACBP=A9
 0002:0000A088 00000004 C=BSS      S=.bss     G=DGROUP   M=sumprops ACBP=A9
 0002:0000A08C 00000004 C=BSS      S=.bss     G=DGROUP   M=EditVitallyImportantMarkups ACBP=A9
 0002:0000A090 00000004 C=BSS      S=.bss     G=DGROUP   M=EditAddressForm ACBP=A9
 0002:0000A094 00000004 C=BSS      S=.bss     G=DGROUP   M=TicketReportParams ACBP=A9
 0002:0000A098 00000004 C=BSS      S=.bss     G=DGROUP   M=EditTicketReportParams ACBP=A9
 0002:0000A09C 00000004 C=BSS      S=.bss     G=DGROUP   M=RackCardReportParams ACBP=A9
 0002:0000A0A0 00000004 C=BSS      S=.bss     G=DGROUP   M=EditRackCardReportParams ACBP=A9
 0002:0000A0A4 00000004 C=BSS      S=.bss     G=DGROUP   M=LU_TDataExportAsXls ACBP=A9
 0002:0000A0A8 00000004 C=BSS      S=.bss     G=DGROUP   M=DocumentBodies ACBP=A9
 0002:0000A0AC 00000004 C=BSS      S=.bss     G=DGROUP   M=U_frameFilterSuppliers ACBP=A9
 0002:0000A0B0 00000004 C=BSS      S=.bss     G=DGROUP   M=StrHlder ACBP=A9
 0002:0000A0B4 00000004 C=BSS      S=.bss     G=DGROUP   M=U_SerialNumberSearch ACBP=A9
 0002:0000A0B8 00000004 C=BSS      S=.bss     G=DGROUP   M=DocumentHeaders ACBP=A9
 0002:0000A0BC 00000004 C=BSS      S=.bss     G=DGROUP   M=jbDbf    ACBP=A9
 0002:0000A0C0 0000000C C=BSS      S=.bss     G=DGROUP   M=U_OrderBatchForm ACBP=A9
 0002:0000A0CC 00000004 C=BSS      S=.bss     G=DGROUP   M=Exclusive ACBP=A9
 0002:0000A0D0 00000014 C=BSS      S=.bss     G=DGROUP   M=Exchange ACBP=A9
 0002:0000A0E4 00000008 C=BSS      S=.bss     G=DGROUP   M=U_frmSendLetter ACBP=A9
 0002:0000A0EC 00000004 C=BSS      S=.bss     G=DGROUP   M=U_SendArchivedOrdersThread ACBP=A9
 0002:0000A0F0 00000004 C=BSS      S=.bss     G=DGROUP   M=ULoginHelper ACBP=A9
 0002:0000A0F4 00000004 C=BSS      S=.bss     G=DGROUP   M=ExchangeThread ACBP=A9
 0002:0000A0F8 00000004 C=BSS      S=.bss     G=DGROUP   M=RecThread ACBP=A9
 0002:0000A0FC 00000004 C=BSS      S=.bss     G=DGROUP   M=Expireds ACBP=A9
 0002:0000A100 00000004 C=BSS      S=.bss     G=DGROUP   M=About    ACBP=A9
 0002:0000A104 00000004 C=BSS      S=.bss     G=DGROUP   M=SynonymSearch ACBP=A9
 0002:0000A108 00000008 C=BSS      S=.bss     G=DGROUP   M=StartupHelper ACBP=A9
 0002:0000A110 00000004 C=BSS      S=.bss     G=DGROUP   M=Wait     ACBP=A9
 0002:0000A114 00000004 C=BSS      S=.bss     G=DGROUP   M=U_MinPricesForm ACBP=A9
 0002:0000A118 00000004 C=BSS      S=.bss     G=DGROUP   M=U_frameServiceLogLegend ACBP=A9
 0002:0000A11C 00000004 C=BSS      S=.bss     G=DGROUP   M=U_ServiceLogForm ACBP=A9
 0002:0000A120 0000000C C=BSS      S=.bss     G=DGROUP   M=Main     ACBP=A9
 0002:0000A12C 00000004 C=BSS      S=.bss     G=DGROUP   M=U_MiniMailForm ACBP=A9
 0002:0000A130 00000004 C=BSS      S=.bss     G=DGROUP   M=DBGridHelper ACBP=A9
 0002:0000A134 00000004 C=BSS      S=.bss     G=DGROUP   M=PostSomeOrdersController ACBP=A9
 0002:0000A138 00000004 C=BSS      S=.bss     G=DGROUP   M=CorrectOrders ACBP=A9
 0002:0000A13C 00000004 C=BSS      S=.bss     G=DGROUP   M=U_DeleteDBThread ACBP=A9
 0002:0000A140 00000004 C=BSS      S=.bss     G=DGROUP   M=FileCountHelper ACBP=A9
 0002:0000A144 00000018 C=BSS      S=.bss     G=DGROUP   M=DModule  ACBP=A9
 0002:0000A15C 00000004 C=BSS      S=.bss     G=DGROUP   M=Waiting  ACBP=A9
 0002:0000A160 00000004 C=BSS      S=.bss     G=DGROUP   M=U_UpdateDBThread ACBP=A9
 0002:0000A164 00000004 C=BSS      S=.bss     G=DGROUP   M=CompactThread ACBP=A9
 0002:0000A168 00000008 C=BSS      S=.bss     G=DGROUP   M=DatabaseObjects ACBP=A9
 0002:0000A170 00000004 C=BSS      S=.bss     G=DGROUP   M=Child    ACBP=A9
 0002:0000A174 00000004 C=BSS      S=.bss     G=DGROUP   M=CriticalDatabaseObjects ACBP=A9
 0002:0000A178 00000004 C=BSS      S=.bss     G=DGROUP   M=BackupDatabaseObjects ACBP=A9
 0002:0000A17C 00000004 C=BSS      S=.bss     G=DGROUP   M=DatabaseViews ACBP=A9
 0002:0000A180 00000004 C=BSS      S=.bss     G=DGROUP   M=IgnoreDatabaseObjects ACBP=A9
 0002:0000A184 00000004 C=BSS      S=.bss     G=DGROUP   M=SynonymDatabaseObjects ACBP=A9
 0002:0000A188 00000004 C=BSS      S=.bss     G=DGROUP   M=GeneralDatabaseObjects ACBP=A9
 0002:0000A18C 00000004 C=BSS      S=.bss     G=DGROUP   M=MyEmbConnectionEx ACBP=A9


  Address         Publics by Name

 0002:00004934       ..
 0002:000001D8       ..
 0002:000049AC       ..
 0002:000049E0       ..
 0002:00003474       ..
 0002:00003530       ..
 0002:00003344       ..
 0001:00099B34       ..
 0002:000033FC       ..
 0001:0009B0BC       ..
 0002:00009F64       .01
 0002:0000A188       .03
 0002:00009C30       .04
 0002:00009C40       .1
 0002:00009018       .1
 0002:00009024       .1
 0002:00009294       .1
 0002:000090BC       .1
 0002:0000928C       .1
 0002:000095AC       .1
 0002:0000A058       .1
 0002:0000959C       .1
 0002:00009288       .1
 0002:00009594       .1
 0002:00009028       .1
 0002:00009284       .1
 0002:00009588       .1
 0002:0000902C       .1
 0002:00009C44       .1
 0002:00009280       .1
 0002:00009574       .1
 0002:00009570       .1
 0002:0000956C       .1
 0002:00009030       .1
 0002:00009DB0       .1
 0002:00009034       .1
 0002:00009FA8       .1
 0002:00009EBC       .1
 0002:0000903C       .1
 0002:00009040       .1
 0002:00009DB4       .1
 0002:00009E88       .1
 0002:00009044       .1
 0002:0000A13C       .1
 0002:00009EC8       .1
 0002:00009ECC       .1
 0002:00009E8C       .1
 0002:0000955C       .1
 0002:00009274       .1
 0002:00009558       .1
 0002:0000900C       .1
 0002:00009E90       .1
 0002:000091A4       .1
 0002:00009554       .1
 0002:00009048       .1
 0002:00009E94       .1
 0002:00009E98       .1
 0002:0000A160       .1
 0002:000090EC       .1
 0002:00009564       .1
 0002:00009020       .1
 0002:0000A088       .1
 0002:000096A4       .1
 0002:000090DC       .1
 0002:000091FC       .1
 0002:000091F8       .1
 0002:0000901C       .1
 0002:0000924C       .1
 0002:00009250       .1
 0002:00009F68       .1
 0002:0000969C       .1
 0002:00009F10       .1
 0002:00009C20       .11
 0002:00009F6C       .11
 0002:00009510       .11
 0002:000091EC       .12
 0002:000091D8       .12
 0002:00009D94       .12
 0002:00009254       .2
 0002:00009EA4       .2
 0002:00009FB8       .2
 0002:00009FBC       .2
 0002:00009FC0       .2
 0002:00009FC4       .2
 0002:00009204       .2
 0002:0000A060       .2
 0002:00009FCC       .2
 0002:00009FD0       .2
 0002:00009FD4       .2
 0002:00009FDC       .2
 0002:00009E9C       .2
 0002:000091F4       .2
 0002:0000A0CC       .2
 0002:00009FEC       .2
 0002:0000A15C       .2
 0002:00009548       .2
 0002:00009FF0       .2
 0002:0000A0E0       .2
 0002:0000A09C       .2
 0002:0000A140       .2
 0002:00009560       .2
 0002:00009278       .2
 0002:0000A004       .2
 0002:0000A098       .2
 0002:0000A0E8       .2
 0002:0000A008       .2
 0002:00009578       .2
 0002:0000A094       .2
 0002:0000A0EC       .2
 0002:0000A0F0       .2
 0002:000095A0       .2
 0002:000095A8       .2
 0002:0000A0A4       .2
 0002:0000A00C       .2
 0002:000095B0       .2
 0002:000097FC       .2
 0002:00009694       .2
 0002:0000A138       .2
 0002:0000A050       .2
 0002:0000A04C       .2
 0002:0000A014       .2
 0002:0000A130       .2
 0002:00009E78       .2
 0002:0000A12C       .2
 0002:00009E74       .2
 0002:0000A02C       .2
 0002:00009F54       .2
 0002:0000A128       .2
 0002:0000A034       .2
 0002:0000A11C       .2
 0002:0000A118       .2
 0002:000096A0       .2
 0002:00009EAC       .2
 0002:00009FB0       .2
 0002:00009EB4       .2
 0002:00009FAC       .2
 0002:0000A0BC       .2
 0002:000090C4       .2
 0002:00009FA4       .2
 0002:00009FA0       .2
 0002:00009F9C       .2
 0002:00009ED4       .2
 0002:00009F98       .2
 0002:00009ED8       .2
 0002:00009F94       .2
 0002:0000A068       .2
 0002:00009F90       .2
 0002:0000A06C       .2
 0002:00009EDC       .2
 0002:00009EE0       .2
 0002:0000A070       .2
 0002:00009F88       .2
 0002:0000A0B4       .2
 0002:00009F84       .2
 0002:00009F80       .2
 0002:00009EEC       .2
 0002:00009EF0       .2
 0002:0000A078       .2
 0002:00009F7C       .2
 0002:00009EF4       .2
 0002:00009EF8       .2
 0002:00009C0C       .2
 0002:00009C10       .2
 0002:0000A174       .2
 0002:00009F00       .2
 0002:00009F08       .2
 0002:0000A0AC       .2
 0002:0000A07C       .2
 0002:0000A084       .2
 0002:00009F14       .2
 0002:00009F18       .2
 0002:00009F20       .2
 0002:00009F28       .2
 0002:0000A0A8       .2
 0002:000094FC       .2
 0002:000094F8       .2
 0002:000094F0       .2
 0002:0000A18C       .2
 0002:0000A08C       .2
 0002:00009F5C       .2
 0002:000094C4       .2
 0002:0000A090       .2
 0002:000092A0       .2
 0002:0000929C       .2
 0002:00009F2C       .2
 0002:0000A0A0       .2
 0002:00009F30       .2
 0002:00009F50       .2
 0002:00009F38       .2
 0002:00009F3C       .2
 0002:00009F58       .2
 0002:00009F48       .2
 0002:0000A114       .2
 0002:0000A110       .2
 0002:0000A048       .2
 0002:0000A10C       .2
 0002:0000A104       .2
 0002:00009F4C       .2
 0002:0000A100       .2
 0002:00009F60       .2
 0002:0000A0F4       .2
 0002:0000A0FC       .2
 0002:00009768       .2
 0002:0000A0F8       .2
 0002:00009E58       .2
 0002:0000A038       .2
 0002:00009760       .2
 0002:00009E54       .2
 0002:0000975C       .2
 0002:0000A064       .2
 0002:00009E5C       .3
 0002:00009E68       .3
 0002:00009E70       .3
 0002:00009E80       .3
 0002:00009580       .3
 0002:00009038       .3
 0002:00009FF8       .3
 0002:00009FF4       .3
 0002:00009184       .3
 0002:0000A0C8       .3
 0002:00009EA8       .3
 0002:00009EB0       .3
 0002:00009EB8       .3
 0002:0000A0B8       .3
 0002:00009EE4       .3
 0002:000094EC       .3
 0002:00009F70       .3
 0002:000092A4       .3
 0002:00009298       .3
 0002:00009F34       .3
 0002:00009F40       .3
 0002:00009014       .3
 0002:0000A184       .3
 0002:00009C68       .3
 0002:000090C8       .31
 0002:0000A180       .31
 0002:00009550       .32
 0002:0000921C       .33
 0002:0000A0B0       .4
 0002:00009528       .4
 0002:0000952C       .4
 0002:00009290       .4
 0002:0000A044       .4
 0002:00009774       .4
 0002:000094E8       .4
 0002:00009EA0       .4
 0002:0000A17C       .4
 0002:00009E84       .4
 0002:0000A040       .4
 0002:00009598       .4
 0002:0000A170       .4
 0002:00009804       .41
 0002:00009C1C       .5
 0002:00009E7C       .5
 0002:000091C8       .5
 0002:00009C38       .5
 0002:00009F74       .5
 0002:00009540       .5
 0002:0000A164       .5
 0002:00009194       .5
 0002:0000A168       .6
 0002:00009EE8       .6
 0002:00009F78       .6
 0002:0000A134       .6
 0002:0000953C       .6
 0002:00009F8C       .6
 0002:000096AC       .6
 0002:000091E8       .6
 0002:0000A03C       .7
 0002:00009544       .7
 0002:00009800       .7
 0002:00009584       .7
 0002:000097F8       .7
 0002:0000A178       .71
 0002:0000A158       .8
 0002:00009D9C       .9
 0002:000091F0       .9
 0001:0009CF04       @adler32
 0001:000005F8       @GetTls
 0001:00098E0C       @inflate_blocks
 0001:00099AD4       @inflate_blocks_free
 0001:00098D74       @inflate_blocks_new
 0001:00098D10       @inflate_blocks_reset
 0001:00099B28       @inflate_blocks_sync_point
 0001:0009A280       @inflate_codes
 0001:0009AB30       @inflate_codes_free
 0001:0009A230       @inflate_codes_new
 0001:0009AC4C       @inflate_fast
 0001:0009AB3C       @inflate_flush
 0001:00099B04       @inflate_set_dictionary
 0001:0009A028       @inflate_trees_bits
 0001:0009A0C4       @inflate_trees_dynamic
 0001:0009A204       @inflate_trees_fixed
 0001:00000644       @InitExe
 0001:0009C2B4       @_tr_align
 0001:0009C574       @_tr_flush_block
 0001:0009B0C0       @_tr_init
 0001:0009C1F8       @_tr_stored_block
 0001:00000900       AbortDoc
 0001:00178D88       About
 0001:00000B30       ActivateKeyboardLayout
 0002:00006B70       AD
 0001:00190B8C       AddClient
 0001:0000E59C       AddCRString
 0001:0000E6F0       AddCRUnicode
 0001:001260C4       AddElem
 0001:00038E64       AddField
 0001:00036AFC       AddFieldToList
 0001:0016CA84       AddFile
 0001:0016C354       AddFile
 0001:0015E4BC       AddFile
 0001:00106508       AddFolder
 0001:000C23B4       AddHyphen
 0001:000D34F8       AddNumericChar
 0001:000D3830       AddNumericChar
 0001:00190ECC       AddOrder
 0001:0019072C       AddOrderInfo
 0001:000C7948       AddPath
 0001:00190F60       AddPosition
 0001:001614FC       AddPostParam
 0001:00171B68       AddPostParam
 0001:0016FCF8       AddPostParam
 0001:00086D50       AddRangeStartToURL
 0001:000F66AC       AddressController
 0001:000CC638       AddRow
 0001:000CC5B4       AddSection
 0001:0007A66C       AddWhere
 0001:0008F95C       AdjustLineBreaks
 0001:0009EC4C       AdjustValue
 0002:00009C3C       AHandle
 0002:000000AC       AlerterWindowClass
 0001:00094A8C       AlignBit
 0001:000DBFB0       AlignmentFromString
 0002:000083C0       Alignments
 0001:00003718       AlignWork
 0001:000D619C       Allocate
 0001:000189F4       AllocDestPiece
 0001:00019558       AllocDestPiece
 0001:0001912C       AllocDestPiece
 0001:00018DEC       AllocDestPiece
 0001:000085D8       AllocGCHandle
 0001:000005A0       AllocTlsBuffer
 0001:000EEA48       AllOrdersParams
 0001:0010F204       AlphaBlendRect
 0001:000A6AC0       AlphaNum
 0001:0010F634       AlphaUtils
 0001:001CA37C       AnalitF
 0001:00008984       AnsiCompareStrS
 0001:00008940       AnsiCompareTextS
 0001:000F7FE8       AnsiContainsStr
 0001:000F7F78       AnsiContainsText
 0001:000088F0       AnsiStrCompS
 0001:000087E8       AnsiStrCompWS
 0001:00008918       AnsiStrICompS
 0001:00008820       AnsiStrICompWS
 0001:000074EC       AnsiStringBuilder.Append
 0001:00007460       AnsiStringBuilder.Append
 0001:000075A4       AnsiStringBuilder.Append
 0001:000073B0       AnsiStringBuilder.Create
 0001:00007408       AnsiStringBuilder.SetActualLength
 0001:0000761C       AnsiStringBuilder.ToString
 0001:00008748       AnsiStrLCompWS
 0001:00008798       AnsiStrLICompWS
 0002:00006BB0       AP
 0002:0000909C       AppCancelHintHook
 0001:00057AE0       AppendValueToSQL
 0001:0000D49C       ApplicationTitle
 0002:000091D4       ApplicationTitleProc
 0001:000048C8       Application_CancelHint
 0001:000F7904       ApplyFilterForSQLDataDriver
 0001:0016DA5C       ApplyNewSettings
 0001:000F7670       ApplySortingForSQLDataDriver
 0001:00082BD4       AppUtils
 0001:0008A294       AProc
 0002:00006DA8       Ar
 0002:000056D8       Ar
 0002:00006DCC       Ar1
 0001:000E60DC       ARas
 0001:00087070       ArchiveAttach
 0001:001334CC       ArchiveAttach
 0001:0013588C       ArchiveHelper
 0001:00007EA8       ArgumentException.Create
 0001:00007EE0       ArgumentException.Create
 0001:0003DFAC       AssignFieldValueEx
 0001:0004E4E0       AssignProc
 0001:0006BF9C       AssignProc
 0001:0006ABF8       AssignProc
 0001:000E9EAC       AssignRecord
 0002:00003238       AttrFlags
 0002:00005B98       Attrib
 0002:0000612C       AttribSym
 0002:00009C84       Attributes
 0002:00009C49       Back
 0002:00009058       BackupAlignControl
 0001:000E8B18       BackupDatabase
 0001:001BD1E4       BackupDatabaseObjects
 0002:0000907C       BackupDefaultHandler
 0001:001AA76C       backupFileName
 0002:00009068       BackupSetBounds
 0001:000E92D0       BackupSP
 0001:000E8FF4       BackupStoredProc
 0001:00074F98       BackupTable
 0001:00075BA0       BackupTablesAndData
 0001:000E8E6C       BackupUsers
 0002:00009060       BackupWMSize
 0002:00009C5C       Base
 0002:00009C88       BaseFontSize
 0002:00009218       BaseSQLOldBehavior
 0002:00009C60       BaseTarget
 0002:0000A0DC       BatchFileName
 0001:0006A1BC       BCDParamDescToStr
 0001:00000908       BeginPath
 0001:00061C38       BinToInt64
 0001:00061CF0       BinToUInt32
 0001:00000910       BitBlt
 0001:00006514       BitConverter.DoubleToInt64Bits
 0001:000064C4       BitConverter.GetBytes
 0001:000064F4       BitConverter.Int64BitsToDouble
 0001:00006550       BitConverter.ToInt32
 0001:00006558       BitConverter.ToInt32
 0001:00006534       BitConverter.ToInt64
 0001:00006560       BitConverter.ToUInt16
 0001:000D9800       BitmapToRegion
 0002:0000949C       BN_bin2bn
 0002:00009C94       BodyBlock
 0002:000091E0       BoolKeywordLexems
 0002:000091DC       BoolSymbolLexems
 0001:000C5B84       BorderRec.DrawTheBorder
 0001:000DDB90       BorderStyleFromString
 0001:000B4370       BordPad
 0001:00056DE4       BracketIfNeed
 0001:00056DC8       BracketIfNeed
 0001:000C96F0       Brackets
 0002:00007F84       bRasAvail
 0002:00009CBC       Buff
 0002:00009CC0       BuffEnd
 0001:00007C10       Buffer.BlockCopy
[...]
 0002:000090D0       theUnicodeEncoding
 0002:000090D4       theUTF8Encoding
 0002:000090D8       codepageEncodings
 0002:000090DC       .1
 0002:000090E0       CompressProc
 0002:000090E4       UncompressProc
 0002:000090E8       IsWin9x
 0002:000090EC       .1
 0002:000090F0       lpVersionInformation
 0002:00009184       .3
 0002:00009188       CommonSymbolLexems
 0002:0000918C       CommonKeywordLexems
 0002:00009190       SQLKeywordLexems
 0002:00009194       .5
 0002:00009198       XmlSymbolLexems
 0002:0000919C       XmlKeywordLexems
 0002:000091A0       DtcGetTransactionManagerEx
 0002:000091A4       .1
 0002:000091A8       MSDTCInited
 0002:000091AC       hMSDTCInit
 0002:000091C4       hxOLEhlpLib
 0002:000091C8       .5
 0002:000091CC       StartWaitProc
 0002:000091D0       StopWaitProc
 0002:000091D4       ApplicationTitleProc
 0002:000091D8       .12
 0002:000091DC       BoolSymbolLexems
 0002:000091E0       BoolKeywordLexems
 0002:000091E4       RefreshIteration
 0002:000091E8       .6
 0002:000091EC       .12
 0002:000091F0       .9
 0002:000091F4       .2
 0002:000091F8       .1
 0002:000091FC       .1
 0002:00009200       ShowDebugFormProc
 0002:00009204       .2
 0002:00009208       CRNetManager
 0002:0000920C       ChangeCursor
 0002:0000920D       MacroChar
 0002:00009210       SetCursorProc
 0002:00009214       ShowConnectFormProc
 0002:00009218       BaseSQLOldBehavior
 0002:00009219       SQLGeneratorCompatibility
 0002:0000921C       .33
 0002:00009220       hAdvapi32Lib
 0002:00009224       hNetapi32Lib
 0002:00009228       OpenSCManager
 0002:0000922C       CloseServiceHandle
 0002:00009230       OpenService
 0002:00009234       EnumServicesStatus
 0002:00009238       QueryServiceStatus
 0002:0000923C       StartService
 0002:00009240       ControlService
 0002:00009244       NetServerEnum
 0002:00009248       NetApiBufferFree
 0002:0000924C       .1
 0002:00009250       .1
 0002:00009254       .2
 0002:00009258       __imp__virtualalloc16
 0002:0000925C       __imp__wsprintfa
 0002:00009260       __imp__virtualfree12
 0002:00009264       __imp__isbadreadptr8
 0002:00009268       __imp__loadlibrarya4
 0002:0000926C       __imp__getmodulehandlea4
 0002:00009270       __imp__getprocaddress8
 0002:00009274       .1
 0002:00009278       .2
 0002:0000927C       LibraryFileNameEnd
 0002:00009280       .1
 0002:00009284       .1
 0002:00009288       .1
 0002:0000928C       .1
 0002:00009290       .4
 0002:00009294       .1
 0002:00009298       .3
 0002:0000929C       .2
 0002:000092A0       .2
 0002:000092A4       .3
 0002:000092A8       WsaData
 0002:00009438       SSL_write
 0002:0000943C       SSL_read
 0002:00009440       SSL_get_error
 0002:00009444       SSL_free
 0002:00009448       SSL_load_error_strings
 0002:0000944C       TLSv1_client_method
 0002:00009450       SSL_library_init
 0002:00009454       SSL_CTX_new
 0002:00009458       SSL_CTX_set_cipher_list
 0002:0000945C       SSL_new
 0002:00009460       SSL_clear
 0002:00009464       SSL_SESSION_set_timeout
 0002:00009468       SSL_get_session
 0002:0000946C       SSL_set_fd
 0002:00009470       SSL_set_connect_state
 0002:00009474       SSL_do_handshake
 0002:00009478       SSL_CTX_set_verify
 0002:0000947C       SSL_CTX_load_verify_locations
 0002:00009480       SSL_CTX_set_default_verify_paths
 0002:00009484       SSL_CTX_use_certificate_file
 0002:00009488       SSL_CTX_use_PrivateKey_file
 0002:0000948C       SSL_CTX_check_private_key
 0002:00009490       DH_new
 0002:00009494       DH_free
 0002:00009498       OPENSSL_add_all_algorithms_noconf
 0002:0000949C       BN_bin2bn
 0002:000094A0       X509_get_subject_name
 0002:000094A4       X509_NAME_oneline
 0002:000094A8       X509_STORE_CTX_get_error_depth
 0002:000094AC       X509_STORE_CTX_get_error
 0002:000094B0       X509_STORE_CTX_get_current_cert
 0002:000094B4       SSL_CTX_ctrl
 0002:000094B8       X509_get_issuer_name
 0002:000094BC       LIBEAY32DLL
 0002:000094C0       SSLEAY32DLL
 0002:000094C4       .2
 0002:000094C8       hlibeay
 0002:000094CC       hssleay
 0002:000094D0       hSSLInit
 0002:000094E8       .4
 0002:000094EC       .3
 0002:000094F0       .2
 0002:000094F4       MyAPIDirect
 0002:000094F8       .2
 0002:000094FC       .2
 0002:00009500       MySymbolLexems
 0002:00009504       MyKeywordLexems
 0002:00009508       ZeroDate
 0002:00009510       .11
 0002:00009514       MyAPIClient
 0002:00009518       MyAPIEmbedded
 0002:0000951C       MySQLClientLibrary
 0002:00009520       MySQLEmbServerInitMessage
 0002:00009524       MySQLEmbServerIniting
 0002:00009528       .4
 0002:0000952C       .4
 0002:00009530       ConnectionPoolManager
 0002:00009534       LockPoolManagerCreate
 0002:00009538       OldDLLProc
 0002:0000953C       .6
 0002:00009540       .5
 0002:00009544       .7
 0002:00009548       .2
 0002:0000954C       MyMonitor
 0002:00009550       .32
 0002:00009554       .1
 0002:00009558       .1
 0002:0000955C       .1
 0002:00009560       .2
 0002:00009564       .1
 0002:00009568       FourDigitYear
 0002:0000956C       .1
 0002:00009570       .1
 0002:00009574       .1
 0002:00009578       .2
 0002:0000957C       HookList
 0002:00009580       .3
 0002:00009584       .7
 0002:00009588       .1
 0002:0000958C       LastError
 0002:00009590       LastSevenZipErrorCode
 0002:00009594       .1
 0002:00009598       .4
 0002:0000959C       .1
 0002:000095A0       .2
 0002:000095A4       Tracer
 0002:000095A8       .2
 0002:000095AC       .1
 0002:000095B0       .2
 0002:000095B4       FNetworkSettings
 0002:000095B8       ExePath
 0002:000095BC       ExeName
 0002:000095C0       DatabaseName
 0002:000095C4       TempPath
 0002:000095C8       IniFile
 0002:000095CC       ExportFormat
 0002:0000968C       TimeZoneBias
 0002:00009690       SZCS
 0002:00009694       .2
 0002:00009698       FSilentMode
 0002:0000969C       .1
 0002:000096A0       .2
 0002:000096A4       .1
 0002:000096A8       RichEditVersion
 0002:000096AC       .6
 0002:000096B0       CFEmbeddedObject
 0002:000096B4       CFLinkSource
 0002:000096B8       CFRtf
 0002:000096BC       CFRtfNoObjs
 0002:000096C0       OldError
 0002:000096C4       FLibHandle
 0002:000096C8       Ver
 0002:0000975C       .2
 0002:00009760       .2
 0002:00009764       FCurrentDayOfWeek
 0002:00009768       .2
 0002:0000976C       FPrinter
 0002:00009770       GDIPlusActive
 0002:00009774       .4
 0002:00009778       GdiplusStartup
 0002:0000977C       GdiplusShutdown
 0002:00009780       GdipDrawImageI
 0002:00009784       GdipCreateHBITMAPFromBitmap
 0002:00009788       GdipGetInterpolationMode
 0002:0000978C       GdipDeleteGraphics
 0002:00009790       GdipCreateFromHDC
 0002:00009794       GdipDrawImageRectI
 0002:00009798       GdipLoadImageFromFile
 0002:0000979C       GdipLoadImageFromStream
 0002:000097A0       GdipCreateBitmapFromStream
 0002:000097A4       GdipDisposeImage
 0002:000097A8       GdipGetImageWidth
 0002:000097AC       GdipGetImageHeight
 0002:000097B0       GdipGetImageGraphicsContext
 0002:000097B4       GdipGraphicsClear
 0002:000097B8       GdipCreateBitmapFromScan0
 0002:000097BC       GdipDrawImagePointRect
 0002:000097C0       GdipScaleWorldTransform
 0002:000097C4       GdipCreateBitmapFromGraphics
 0002:000097C8       GdipBitmapGetPixel
 0002:000097CC       GdipDrawImageRectRectI
 0002:000097D0       GdipSetInterpolationMode
 0002:000097D4       GdipBitmapSetPixel
 0002:000097D8       Err
 0002:000097DC       InitToken
 0002:000097E0       Startup
 0002:000097F0       LibHandle
 0002:000097F4       GDIPlusCount
 0002:000097F8       .7
 0002:000097FC       .2
 0002:00009800       .7
 0002:00009804       .41
 0002:00009808       ChunkClasses
 0002:0000980C       crc_table
 0002:00009C0C       .2
 0002:00009C10       .2
 0002:00009C14       GIF_ErrorCode
 0002:00009C18       GIF_ErrorString
 0002:00009C1C       .5
 0002:00009C20       .11
 0002:00009C24       CurrentStyle
 0002:00009C28       CurrentForm
 0002:00009C2C       UnicodeControls
 0002:00009C30       .04
 0002:00009C34       NLevel
 0002:00009C38       .5
 0002:00009C3C       AHandle
 0002:00009C40       .1
 0002:00009C44       .1
 0002:00009C48       LCh
 0002:00009C49       Back
 0002:00009C4C       Get
 0002:00009C50       LinkPath
 0002:00009C54       PropStack
 0002:00009C58       Title
 0002:00009C5C       Base
 0002:00009C60       BaseTarget
 0002:00009C64       NoBreak
 0002:00009C68       .3
 0002:00009C6C       Sy
 0002:00009C70       Section
 0002:00009C74       SectionList
 0002:00009C78       MasterList
 0002:00009C7C       CurrentURLTarget
 0002:00009C80       InHref
 0002:00009C84       Attributes
 0002:00009C88       BaseFontSize
 0002:00009C8C       InScript
 0002:00009C90       TagIndex
 0002:00009C94       BodyBlock
 0002:00009C98       ListLevel
 0002:00009C9C       TableLevel
 0002:00009CA0       Entities
 0002:00009CA4       InComment
 0002:00009CA5       LinkSearch
 0002:00009CA8       SIndex
 0002:00009CAC       IsUTF8
 0002:00009CAD       LCh
 0002:00009CAE       Ch
 0002:00009CAF       LastChar
 0002:00009CB0       Value
 0002:00009CB4       LCToken
 0002:00009CB8       LoadStyle
 0002:00009CBC       Buff
 0002:00009CC0       BuffEnd
 0002:00009CC4       DocS
 0002:00009CC8       HaveTranslated
 0002:00009CCC       IBuff
 0002:00009CD0       IBuffEnd
 0002:00009CD4       SIBuff
 0002:00009CD8       IncludeEvent
 0002:00009CE0       CallingObject
 0002:00009CE4       SaveLoadStyle
 0002:00009CE8       SoundEvent
 0002:00009CF0       MetaEvent
 0002:00009CF8       LinkEvent
 0002:00009D00       FontConv
 0002:00009D38       PreFontConv
 0002:00009D70       slS
 0002:00009D74       slI
 0002:00009D78       IsWin95
 0002:00009D79       IsWin32Platform
 0002:00009D7A       ColorBits
 0002:00009D7C       ThePalette
 0002:00009D80       PalRelative
 0002:00009D84       DefBitMap
 0002:00009D88       ErrorBitMap
 0002:00009D8C       ErrorBitmapMask
 0002:00009D90       WaitStream
 0002:00009D94       .12
 0002:00009D98       DC
 0002:00009D9C       .9
 0002:00009DA0       DefPointSize
 0002:00009DA8       Sequence
 0002:00009DAC       ColorStrings
 0002:00009DB0       .1
 0002:00009DB4       .1
 0002:00009DB8       hRas
 0002:00009DBC       _RasDialA
 0002:00009DC0       _RasDialW
 0002:00009DC4       _RasEnumConnectionsA
 0002:00009DC8       _RasEnumConnectionsW
 0002:00009DCC       _RasEnumEntriesA
 0002:00009DD0       _RasEnumEntriesW
 0002:00009DD4       _RasGetConnectStatusA
 0002:00009DD8       _RasGetConnectStatusW
 0002:00009DDC       _RasGetErrorStringA
 0002:00009DE0       _RasGetErrorStringW
 0002:00009DE4       _RasHangUpA
 0002:00009DE8       _RasHangUpW
 0002:00009DEC       _RasGetProjectionInfoA
 0002:00009DF0       _RasGetProjectionInfoW
 0002:00009DF4       _RasCreatePhonebookEntryA
 0002:00009DF8       _RasCreatePhonebookEntryW
 0002:00009DFC       _RasEditPhonebookEntryA
 0002:00009E00       _RasEditPhonebookEntryW
 0002:00009E04       _RasSetEntryDialParamsA
 0002:00009E08       _RasSetEntryDialParamsW
 0002:00009E0C       _RasGetEntryDialParamsA
 0002:00009E10       _RasGetEntryDialParamsW
 0002:00009E14       _RasEnumDevicesA
 0002:00009E18       _RasEnumDevicesW
 0002:00009E1C       _RasGetCountryInfoA
 0002:00009E20       _RasGetCountryInfoW
 0002:00009E24       _RasGetEntryPropertiesA
 0002:00009E28       _RasGetEntryPropertiesW
 0002:00009E2C       _RasSetEntryPropertiesA
 0002:00009E30       _RasSetEntryPropertiesW
 0002:00009E34       _RasRenameEntryA
 0002:00009E38       _RasRenameEntryW
 0002:00009E3C       _RasDeleteEntryA
 0002:00009E40       _RasDeleteEntryW
 0002:00009E44       _RasValidateEntryNameA
 0002:00009E48       _RasValidateEntryNameW
 0002:00009E4C       lib
 0002:00009E50       em
 0002:00009E54       .2
 0002:00009E58       .2
 0002:00009E5C       .3
 0002:00009E60       CurrentRas
 0002:00009E64       DoCallback
 0002:00009E68       .3
 0002:00009E6C       CurrentProjectOutputDir
 0002:00009E70       .3
 0002:00009E74       .2
 0002:00009E78       .2
 0002:00009E7C       .5
 0002:00009E80       .3
 0002:00009E84       .4
 0002:00009E88       .1
 0002:00009E8C       .1
 0002:00009E90       .1
 0002:00009E94       .1
 0002:00009E98       .1
 0002:00009E9C       .2
 0002:00009EA0       .4
 0002:00009EA4       .2
 0002:00009EA8       .3
 0002:00009EAC       .2
 0002:00009EB0       .3
 0002:00009EB4       .2
 0002:00009EB8       .3
 0002:00009EBC       .1
 0002:00009EC0       i
 0002:00009EC4       q
 0002:00009EC8       .1
 0002:00009ECC       .1
 0002:00009ED0       FComputerName
 0002:00009ED4       .2
 0002:00009ED8       .2
 0002:00009EDC       .2
 0002:00009EE0       .2
 0002:00009EE4       .3
 0002:00009EE8       .6
 0002:00009EEC       .2
 0002:00009EF0       .2
 0002:00009EF4       .2
 0002:00009EF8       .2
 0002:00009EFC       FAddressController
 0002:00009F00       .2
 0002:00009F04       FKeyboardHelper
 0002:00009F08       .2
 0002:00009F0C       FSupplierController
 0002:00009F10       .1
 0002:00009F14       .2
 0002:00009F18       .2
 0002:00009F1C       frmSQLWaiting
 0002:00009F20       .2
 0002:00009F24       SortInView
 0002:00009F28       .2
 0002:00009F2C       .2
 0002:00009F30       .2
 0002:00009F34       .3
 0002:00009F38       .2
 0002:00009F3C       .2
 0002:00009F40       .3
 0002:00009F44       FSchedulesController
 0002:00009F48       .2
 0002:00009F4C       .2
 0002:00009F50       .2
 0002:00009F54       .2
 0002:00009F58       .2
 0002:00009F5C       .2
 0002:00009F60       .2
 0002:00009F64       .01
 0002:00009F68       .1
 0002:00009F6C       .11
 0002:00009F70       .3
 0002:00009F74       .5
 0002:00009F78       .6
 0002:00009F7C       .2
 0002:00009F80       .2
 0002:00009F84       .2
 0002:00009F88       .2
 0002:00009F8C       .6
 0002:00009F90       .2
 0002:00009F94       .2
 0002:00009F98       .2
 0002:00009F9C       .2
 0002:00009FA0       .2
 0002:00009FA4       .2
 0002:00009FA8       .1
 0002:00009FAC       .2
 0002:00009FB0       .2
 0002:00009FB4       SearchInBegin
 0002:00009FB8       .2
 0002:00009FBC       .2
 0002:00009FC0       .2
 0002:00009FC4       .2
 0002:00009FC8       WayBillListForm
 0002:00009FCC       .2
 0002:00009FD0       .2
 0002:00009FD4       .2
 0002:00009FD8       PricesForm
 0002:00009FDC       .2
 0002:00009FE0       LastPriceCode
 0002:00009FE4       LastRegionCode
 0002:00009FEC       .2
 0002:00009FF0       .2
 0002:00009FF4       .3
 0002:00009FF8       .3
 0002:00009FFC       UserSetRetUpCost
 0002:00009FFD       ProgramSetSetRetUpCost
 0002:0000A000       RetUpCostValue
 0002:0000A004       .2
 0002:0000A008       .2
 0002:0000A00C       .2
 0002:0000A010       SummaryForm
 0002:0000A014       .2
 0002:0000A018       LastDateFrom
 0002:0000A020       LastDateTo
 0002:0000A028       LastSymmaryType
 0002:0000A02C       .2
 0002:0000A030       frmOldOrdersDelete
 0002:0000A034       .2
 0002:0000A038       .2
 0002:0000A03C       .7
 0002:0000A040       .4
 0002:0000A044       .4
 0002:0000A048       .2
 0002:0000A04C       .2
 0002:0000A050       .2
 0002:0000A054       GlobalExchangeParams
 0002:0000A058       .1
 0002:0000A05C       RetryForm
 0002:0000A060       .2
 0002:0000A064       .2
 0002:0000A068       .2
 0002:0000A06C       .2
 0002:0000A070       .2
 0002:0000A074       WaybillPrintSettingsForm
 0002:0000A078       .2
 0002:0000A07C       .2
 0002:0000A080       ReestrPrintSettingsForm
 0002:0000A084       .2
 0002:0000A088       .1
 0002:0000A08C       .2
 0002:0000A090       .2
 0002:0000A094       .2
 0002:0000A098       .2
 0002:0000A09C       .2
 0002:0000A0A0       .2
 0002:0000A0A4       .2
 0002:0000A0A8       .2
 0002:0000A0AC       .2
 0002:0000A0B0       .4
 0002:0000A0B4       .2
 0002:0000A0B8       .3
 0002:0000A0BC       .2
 0002:0000A0C0       LastUsedDir
 0002:0000A0C4       LastUsedSaveDir
 0002:0000A0C8       .3
 0002:0000A0CC       .2
 0002:0000A0D0       ExchangeForm
 0002:0000A0D4       ExThread
 0002:0000A0D8       NeedRetrySendOrder
 0002:0000A0D9       NeedEditCurrentOrders
 0002:0000A0DA       NeedShowMiniMail
 0002:0000A0DC       BatchFileName
 0002:0000A0E0       .2
 0002:0000A0E4       frmSendLetter
 0002:0000A0E8       .2
 0002:0000A0EC       .2
 0002:0000A0F0       .2
 0002:0000A0F4       .2
 0002:0000A0F8       .2
 0002:0000A0FC       .2
 0002:0000A100       .2
 0002:0000A104       .2
 0002:0000A108       mainStartupHelper
 0002:0000A10C       .2
 0002:0000A110       .2
 0002:0000A114       .2
 0002:0000A118       .2
 0002:0000A11C       .2
 0002:0000A120       MainForm
 0002:0000A124       ProcessFatalMySqlError
 0002:0000A128       .2
 0002:0000A12C       .2
 0002:0000A130       .2
 0002:0000A134       .6
 0002:0000A138       .2
 0002:0000A13C       .1
 0002:0000A140       .2
 0002:0000A144       DM
 0002:0000A148       PassC
 0002:0000A14C       SummarySelectedPrices
 0002:0000A150       SynonymSelectedPrices
 0002:0000A154       MinCostSelectedPrices
 0002:0000A158       .8
 0002:0000A15C       .2
 0002:0000A160       .1
 0002:0000A164       .5
 0002:0000A168       .6
 0002:0000A16C       FDatabaseController
 0002:0000A170       .4
 0002:0000A174       .2
 0002:0000A178       .71
 0002:0000A17C       .4
 0002:0000A180       .31
 0002:0000A184       .3
 0002:0000A188       .03
 0002:0000A18C       .2


Line numbers for IdAntiFreeze(IdAntiFreeze.pas) segment .text

   131 0001:00135D80   131 0001:00135D87

Bound resource files

WindowsXP.res
..\lib\MyDac\Source\DBAccess.res
..\lib\RXLib\src\RXCONST.R32
..\lib\RXLib\src\RXCCONST.R32
U_VistaCorrectForm.dfm
DescriptionFrm.dfm
..\..\..\tools\NativeHtmlViewer\thtmlviewer\package\Html32.res
..\lib\ARas\src\CreateEntry.dfm
..\lib\ARas\src\InputBox.dfm
..\lib\RXLib\src\RXDCONST.R32
SQLWaiting.dfm
U_frameBaseLegend.dfm
U_frameMiniMail.dfm
U_frameEditVitallyImportantMarkups.dfm
U_frameEditAddress.dfm
Config.dfm
..\lib\RXLib\src\RXCTRLS.R32
..\lib\RXLib\src\PICKDATE.R32
..\lib\RXLib\src\TOOLEDIT.R32
..\lib\RXLib\src\RXCALC.R32
..\lib\RXLib\src\CURREDIT.R32
..\lib\RXLib\src\RXDBCTRL.R32
U_framePosition.dfm
U_frameLegend.dfm
U_frameContextReclame.dfm
U_ShowPromotionsForm.dfm
U_frameBlockPromotion.dfm
U_framePromotion.dfm
U_frameAutoComment.dfm
MnnSearch.dfm
NamesForms.dfm
U_frameOrderHeadLegend.dfm
U_frameFilterAddresses.dfm
NotFound.dfm
WayBillList.dfm
OrdersH.dfm
FormHistory.dfm
Prices.dfm
CoreFirm.dfm
Orders.dfm
Core.dfm
PreviousOrders.dfm
Defectives.dfm
Registers.dfm
Summary.dfm
U_frmOldOrdersDelete.dfm
Retry.dfm
Compact.dfm
NotOrders.dfm
U_PrintSettingsForm.dfm
U_WaybillPrintSettingsForm.dfm
U_ReestrPrintSettingsForm.dfm
EditVitallyImportantMarkups.dfm
EditAddressForm.dfm
EditTicketReportParams.dfm
EditRackCardReportParams.dfm
DocumentBodies.dfm
U_frameFilterSuppliers.dfm
U_SerialNumberSearch.dfm
DocumentHeaders.dfm
U_OrderBatchForm.dfm
Exclusive.dfm
Exchange.dfm
U_frmSendLetter.dfm
Expireds.dfm
About.dfm
SynonymSearch.dfm
Wait.dfm
U_MinPricesForm.dfm
U_frameServiceLogLegend.dfm
U_ServiceLogForm.dfm
Main.dfm
U_MiniMailForm.dfm
CorrectOrders.dfm
DModule.dfm
Waiting.dfm
Child.dfm
AnalitF.res
Progress.RES
Icons.RES
Bitmaps.RES
CompareScript80.RES
CompareScript82.RES
CompareScript83.RES
CompareScript85.RES
CompareScript86.RES
C:\Users\morozov\AppData\Local\Temp\dtfE233.tmp


Program entry point at 0001:001CA37C
