
 Start         Length     Name                   Class
 0001:00000000 001752F8H .text                   CODE
 0002:00000000 00003EE4H .data                   DATA
 0002:00003EE4 00000B51H .bss                    BSS


Detailed map of segments

 0001:00000000 00000526 C=CODE     S=.text    G=(none)   M=System   ACBP=A9
 0001:00000528 00000140 C=CODE     S=.text    G=(none)   M=SysInit  ACBP=A9
 0001:00000668 0000052C C=CODE     S=.text    G=(none)   M=Windows  ACBP=A9
 0001:00000B94 0000001E C=CODE     S=.text    G=(none)   M=Types    ACBP=A9
 0001:00000BB4 00000038 C=CODE     S=.text    G=(none)   M=Messages ACBP=A9
 0001:00000BEC 000003E6 C=CODE     S=.text    G=(none)   M=SysUtils ACBP=A9
 0001:00000FD4 0000000E C=CODE     S=.text    G=(none)   M=SysConst ACBP=A9
 0001:00000FE4 0000051E C=CODE     S=.text    G=(none)   M=Classes  ACBP=A9
 0001:00001504 0000005E C=CODE     S=.text    G=(none)   M=ActiveX  ACBP=A9
 0001:00001564 00000016 C=CODE     S=.text    G=(none)   M=TypInfo  ACBP=A9
 0001:0000157C 000001CE C=CODE     S=.text    G=(none)   M=Variants ACBP=A9
 0001:0000174C 0000000E C=CODE     S=.text    G=(none)   M=VarUtils ACBP=A9
 0001:0000175C 0000000E C=CODE     S=.text    G=(none)   M=RTLConsts ACBP=A9
 0001:0000176C 0000006E C=CODE     S=.text    G=(none)   M=ActnList ACBP=A9
 0001:000017DC 0000004E C=CODE     S=.text    G=(none)   M=Contnrs  ACBP=A9
 0001:0000182C 0000005E C=CODE     S=.text    G=(none)   M=Math     ACBP=A9
 0001:0000188C 000000AE C=CODE     S=.text    G=(none)   M=ImgList  ACBP=A9
 0001:0000193C 00000048 C=CODE     S=.text    G=(none)   M=CommCtrl ACBP=A9
 0001:00001984 000001B6 C=CODE     S=.text    G=(none)   M=Graphics ACBP=A9
 0001:00001B3C 0000000E C=CODE     S=.text    G=(none)   M=Consts   ACBP=A9
 0001:00001B4C 00000276 C=CODE     S=.text    G=(none)   M=Forms    ACBP=A9
 0001:00001DC4 0000000E C=CODE     S=.text    G=(none)   M=HelpIntfs ACBP=A9
 0001:00001DD4 0000000E C=CODE     S=.text    G=(none)   M=MultiMon ACBP=A9
 0001:00001DE4 000004D6 C=CODE     S=.text    G=(none)   M=Controls ACBP=A9
 0001:000022BC 00000038 C=CODE     S=.text    G=(none)   M=Imm      ACBP=A9
 0001:000022F4 00000086 C=CODE     S=.text    G=(none)   M=Menus    ACBP=A9
 0001:0000237C 0000002E C=CODE     S=.text    G=(none)   M=Themes   ACBP=A9
 0001:000023AC 0000000E C=CODE     S=.text    G=(none)   M=UxTheme  ACBP=A9
 0001:000023BC 00000046 C=CODE     S=.text    G=(none)   M=SyncObjs ACBP=A9
 0001:00002404 000001B6 C=CODE     S=.text    G=(none)   M=ComCtrls ACBP=A9
 0001:000025BC 00000038 C=CODE     S=.text    G=(none)   M=ShlObj   ACBP=A9
 0001:000025F4 00000040 C=CODE     S=.text    G=(none)   M=UrlMon   ACBP=A9
 0001:00002634 00000038 C=CODE     S=.text    G=(none)   M=WinInet  ACBP=A9
 0001:0000266C 00000038 C=CODE     S=.text    G=(none)   M=RegStr   ACBP=A9
 0001:000026A4 00000048 C=CODE     S=.text    G=(none)   M=ShellAPI ACBP=A9
 0001:000026EC 0000000E C=CODE     S=.text    G=(none)   M=ListActns ACBP=A9
 0001:000026FC 000000A6 C=CODE     S=.text    G=(none)   M=ExtCtrls ACBP=A9
 0001:000027A4 00000136 C=CODE     S=.text    G=(none)   M=StdCtrls ACBP=A9
 0001:000028DC 0000000E C=CODE     S=.text    G=(none)   M=WinHelpViewer ACBP=A9
 0001:000028EC 0000000E C=CODE     S=.text    G=(none)   M=StdActns ACBP=A9
 0001:000028FC 00000046 C=CODE     S=.text    G=(none)   M=Dialogs  ACBP=A9
 0001:00002944 0000004E C=CODE     S=.text    G=(none)   M=Printers ACBP=A9
 0001:00002994 00000038 C=CODE     S=.text    G=(none)   M=WinSpool ACBP=A9
 0001:000029CC 00000038 C=CODE     S=.text    G=(none)   M=CommDlg  ACBP=A9
 0001:00002A04 00000038 C=CODE     S=.text    G=(none)   M=Dlgs     ACBP=A9
 0001:00002A3C 0000004E C=CODE     S=.text    G=(none)   M=StrUtils ACBP=A9
 0001:00002A8C 0000000E C=CODE     S=.text    G=(none)   M=Clipbrd  ACBP=A9
 0001:00002A9C 0000000E C=CODE     S=.text    G=(none)   M=FlatSB   ACBP=A9
 0001:00002AAC 0000000E C=CODE     S=.text    G=(none)   M=ToolWin  ACBP=A9
 0001:00002ABC 00000038 C=CODE     S=.text    G=(none)   M=RichEdit ACBP=A9
 0001:00002AF4 0000000E C=CODE     S=.text    G=(none)   M=ExtActns ACBP=A9
 0001:00002B04 0000009E C=CODE     S=.text    G=(none)   M=Registry ACBP=A9
 0001:00002BA4 00000016 C=CODE     S=.text    G=(none)   M=IniFiles ACBP=A9
 0001:00002BBC 0000000E C=CODE     S=.text    G=(none)   M=ExtDlgs  ACBP=A9
 0001:00002BCC 00000036 C=CODE     S=.text    G=(none)   M=Buttons  ACBP=A9
 0001:00002C04 0000000E C=CODE     S=.text    G=(none)   M=Mapi     ACBP=A9
 0001:00002C14 0000000E C=CODE     S=.text    G=(none)   M=ComStrs  ACBP=A9
 0001:00002C24 0000000E C=CODE     S=.text    G=(none)   M=Grids    ACBP=A9
 0001:00002C34 00000016 C=CODE     S=.text    G=(none)   M=Mask     ACBP=A9
 0001:00002C4C 0000000E C=CODE     S=.text    G=(none)   M=MaskUtils ACBP=A9
 0001:00002C5C 0000195E C=CODE     S=.text    G=(none)   M=VCLFixPack ACBP=A9
 0001:000045BC 0000000E C=CODE     S=.text    G=(none)   M=OleServer ACBP=A9
 0001:000045CC 00000016 C=CODE     S=.text    G=(none)   M=ComObj   ACBP=A9
 0001:000045E4 0000000E C=CODE     S=.text    G=(none)   M=ComConst ACBP=A9
 0001:000045F4 0000000E C=CODE     S=.text    G=(none)   M=OleConst ACBP=A9
 0001:00004604 000000CE C=CODE     S=.text    G=(none)   M=OleCtrls ACBP=A9
 0001:000046D4 0000000E C=CODE     S=.text    G=(none)   M=AxCtrls  ACBP=A9
 0001:000046E4 0000000E C=CODE     S=.text    G=(none)   M=StdVCL   ACBP=A9
 0001:000046F4 00000FD0 C=CODE     S=.text    G=(none)   M=SHDocVw  ACBP=A9
 0001:000056C4 00000264 C=CODE     S=.text    G=(none)   M=LU_MutexSystem ACBP=A9
 0001:00005928 000000CE C=CODE     S=.text    G=(none)   M=DBCtrls  ACBP=A9
 0001:000059F8 000008E6 C=CODE     S=.text    G=(none)   M=DB       ACBP=A9
 0001:000062E0 0000003E C=CODE     S=.text    G=(none)   M=FMTBcd   ACBP=A9
 0001:00006320 0000000E C=CODE     S=.text    G=(none)   M=DBConsts ACBP=A9
 0001:00006330 0000001E C=CODE     S=.text    G=(none)   M=SqlTimSt ACBP=A9
 0001:00006350 0000009E C=CODE     S=.text    G=(none)   M=DateUtils ACBP=A9
 0001:000063F0 0000000E C=CODE     S=.text    G=(none)   M=VDBConsts ACBP=A9
 0001:00006400 0000000E C=CODE     S=.text    G=(none)   M=DBPWDlg  ACBP=A9
 0001:00006410 0000000E C=CODE     S=.text    G=(none)   M=DBLogDlg ACBP=A9
 0001:00006420 00000026 C=CODE     S=.text    G=(none)   M=ToughDBGrid ACBP=A9
 0001:00006448 00000176 C=CODE     S=.text    G=(none)   M=DBGridEh ACBP=A9
 0001:000065C0 0000000E C=CODE     S=.text    G=(none)   M=PropFilerEh ACBP=A9
 0001:000065D0 0000000E C=CODE     S=.text    G=(none)   M=EhLibVCL ACBP=A9
 0001:000065E0 0000000E C=CODE     S=.text    G=(none)   M=ConvUtils ACBP=A9
 0001:000065F0 0000000E C=CODE     S=.text    G=(none)   M=ToolCtrlsEh ACBP=A9
 0001:00006600 0000000E C=CODE     S=.text    G=(none)   M=DBCtrlsEh ACBP=A9
 0001:00006610 0000000E C=CODE     S=.text    G=(none)   M=CalculatorEh ACBP=A9
 0001:00006620 0000000E C=CODE     S=.text    G=(none)   M=DBSumLst ACBP=A9
 0001:00006630 0000002E C=CODE     S=.text    G=(none)   M=GridsEh  ACBP=A9
 0001:00006660 0000000E C=CODE     S=.text    G=(none)   M=DBLookupEh ACBP=A9
 0001:00006670 0000000E C=CODE     S=.text    G=(none)   M=DBLookupGridsEh ACBP=A9
 0001:00006680 00000056 C=CODE     S=.text    G=(none)   M=DbUtilsEh ACBP=A9
 0001:000066D8 0000000E C=CODE     S=.text    G=(none)   M=DBGridEhFindDlgs ACBP=A9
 0001:000066E8 0000000E C=CODE     S=.text    G=(none)   M=EhLibConsts ACBP=A9
 0001:000066F8 0000001E C=CODE     S=.text    G=(none)   M=DBGridEhImpExp ACBP=A9
 0001:00006718 00000016 C=CODE     S=.text    G=(none)   M=ForceRus ACBP=A9
 0001:00006730 0000000E C=CODE     S=.text    G=(none)   M=ToughDBGridColumns ACBP=A9
 0001:00006740 0000000E C=CODE     S=.text    G=(none)   M=CheckLst ACBP=A9
 0001:00006750 000000E4 C=CODE     S=.text    G=(none)   M=XPMan    ACBP=A9
 0001:00006834 0000000E C=CODE     S=.text    G=(none)   M=DBGrids  ACBP=A9
 0001:00006844 000020FE C=CODE     S=.text    G=(none)   M=CLRClasses ACBP=A9
 0001:00008944 0000004E C=CODE     S=.text    G=(none)   M=ZLib     ACBP=A9
 0001:00008994 0000000E C=CODE     S=.text    G=(none)   M=ZLibConst ACBP=A9
 0001:000089A4 000001F0 C=CODE     S=.text    G=(none)   M=DAConsts ACBP=A9
 0001:00008B94 00000E5D C=CODE     S=.text    G=(none)   M=MemUtils ACBP=A9
 0001:000099F4 00002928 C=CODE     S=.text    G=(none)   M=CRParser ACBP=A9
 0001:0000C31C 00000540 C=CODE     S=.text    G=(none)   M=CRXml    ACBP=A9
 0001:0000C85C 0000022C C=CODE     S=.text    G=(none)   M=MTSCall  ACBP=A9
 0001:0000CA88 00000740 C=CODE     S=.text    G=(none)   M=CRVio    ACBP=A9
 0001:0000D1C8 0000E790 C=CODE     S=.text    G=(none)   M=MemData  ACBP=A9
 0001:0001B958 00001348 C=CODE     S=.text    G=(none)   M=CRConnectionPool ACBP=A9
 0001:0001CCA0 00005718 C=CODE     S=.text    G=(none)   M=CRAccess ACBP=A9
 0001:000223B8 000079A4 C=CODE     S=.text    G=(none)   M=MemDS    ACBP=A9
 0001:00029D5C 000003F0 C=CODE     S=.text    G=(none)   M=Win32Timer ACBP=A9
 0001:0002A14C 00000016 C=CODE     S=.text    G=(none)   M=DBCommon ACBP=A9
 0001:0002A164 000000D8 C=CODE     S=.text    G=(none)   M=DBMonitorIntf ACBP=A9
 0001:0002A23C 00000248 C=CODE     S=.text    G=(none)   M=DBMonitorClient ACBP=A9
 0001:0002A484 00002BF9 C=CODE     S=.text    G=(none)   M=DASQLMonitor ACBP=A9
 0001:0002D080 0001B048 C=CODE     S=.text    G=(none)   M=DBAccess ACBP=A9
 0001:000480C8 000000D0 C=CODE     S=.text    G=(none)   M=MyConsts ACBP=A9
 0001:00048198 00000813 C=CODE     S=.text    G=(none)   M=MyCall   ACBP=A9
 0001:000489AC 00000974 C=CODE     S=.text    G=(none)   M=MDLHelper ACBP=A9
 0001:00049320 00000038 C=CODE     S=.text    G=(none)   M=WinSvc   ACBP=A9
 0001:00049358 00000038 C=CODE     S=.text    G=(none)   M=TlHelp32 ACBP=A9
 0001:00049390 0000000E C=CODE     S=.text    G=(none)   M=ImageHlp ACBP=A9
 0001:000493A0 0000100C C=CODE     S=.text    G=(none)   M=infver   ACBP=A9
 0001:0004A3AC 000009B8 C=CODE     S=.text    G=(none)   M=infvercls ACBP=A9
 0001:0004AD64 00000638 C=CODE     S=.text    G=(none)   M=INFHelpers ACBP=A9
 0001:0004B39C 00000038 C=CODE     S=.text    G=(none)   M=MySqlType ACBP=A9
 0001:0004B3D4 00000228 C=CODE     S=.text    G=(none)   M=MySqlBind ACBP=A9
 0001:0004B5FC 000000A0 C=CODE     S=.text    G=(none)   M=WinSock  ACBP=A9
 0001:0004B69C 0000000E C=CODE     S=.text    G=(none)   M=ScktComp ACBP=A9
 0001:0004B6AC 00000C00 C=CODE     S=.text    G=(none)   M=MySqlErrors ACBP=A9
 0001:0004C2AC 000017A0 C=CODE     S=.text    G=(none)   M=MySqlNet ACBP=A9
 0001:0004DA4C 000003F0 C=CODE     S=.text    G=(none)   M=MySqlVioPipe ACBP=A9
 0001:0004DE3C 00000968 C=CODE     S=.text    G=(none)   M=CRVioTcp ACBP=A9
 0001:0004E7A4 00001051 C=CODE     S=.text    G=(none)   M=CRVioTcpSSL ACBP=A9
 0001:0004F7F8 000014EC C=CODE     S=.text    G=(none)   M=MySqlResultSet ACBP=A9
 0001:00050CE4 00001FF8 C=CODE     S=.text    G=(none)   M=MySqlSession ACBP=A9
 0001:00052CDC 00000ED0 C=CODE     S=.text    G=(none)   M=MySqlStmt ACBP=A9
 0001:00053BAC 00001927 C=CODE     S=.text    G=(none)   M=MySqlApiDirect ACBP=A9
 0001:000554D4 00000C74 C=CODE     S=.text    G=(none)   M=MyParser ACBP=A9
 0001:00056148 00012020 C=CODE     S=.text    G=(none)   M=MyClasses ACBP=A9
 0001:00068168 00005263 C=CODE     S=.text    G=(none)   M=MySqlApi ACBP=A9
 0001:0006D3CC 00000956 C=CODE     S=.text    G=(none)   M=MyConnectionPool ACBP=A9
 0001:0006DD24 00001F7C C=CODE     S=.text    G=(none)   M=DAScript ACBP=A9
 0001:0006FCA0 0000140C C=CODE     S=.text    G=(none)   M=DADump   ACBP=A9
 0001:000710AC 00005798 C=CODE     S=.text    G=(none)   M=MyServices ACBP=A9
 0001:00076844 00000388 C=CODE     S=.text    G=(none)   M=MyDacMonitor ACBP=A9
 0001:00076BCC 0000803C C=CODE     S=.text    G=(none)   M=MyAccess ACBP=A9
 0001:0007EC08 00000048 C=CODE     S=.text    G=(none)   M=MaxMin   ACBP=A9
 0001:0007EC50 00000098 C=CODE     S=.text    G=(none)   M=RXConst  ACBP=A9
 0001:0007ECE8 00000038 C=CODE     S=.text    G=(none)   M=RXCConst ACBP=A9
 0001:0007ED20 00000950 C=CODE     S=.text    G=(none)   M=VCLUtils ACBP=A9
 0001:0007F670 00000414 C=CODE     S=.text    G=(none)   M=rxStrUtils ACBP=A9
 0001:0007FA84 000000A4 C=CODE     S=.text    G=(none)   M=DateUtil ACBP=A9
 0001:0007FB28 0000001E C=CODE     S=.text    G=(none)   M=FileCtrl ACBP=A9
 0001:0007FB48 0000000E C=CODE     S=.text    G=(none)   M=Gauges   ACBP=A9
 0001:0007FB58 00000044 C=CODE     S=.text    G=(none)   M=RxPrgrss ACBP=A9
 0001:0007FB9C 000004D8 C=CODE     S=.text    G=(none)   M=FileUtil ACBP=A9
 0001:00080074 00000C6D C=CODE     S=.text    G=(none)   M=RxHook   ACBP=A9
 0001:00080CE4 00000050 C=CODE     S=.text    G=(none)   M=RXProps  ACBP=A9
 0001:00080D34 00001A78 C=CODE     S=.text    G=(none)   M=Placemnt ACBP=A9
 0001:000827AC 00000D98 C=CODE     S=.text    G=(none)   M=AppUtils ACBP=A9
 0001:00083544 0000000E C=CODE     S=.text    G=(none)   M=IdFTP    ACBP=A9
 0001:00083554 0000000E C=CODE     S=.text    G=(none)   M=IdAssignedNumbers ACBP=A9
 0001:00083564 00000016 C=CODE     S=.text    G=(none)   M=IdGlobal ACBP=A9
 0001:0008357C 0000000E C=CODE     S=.text    G=(none)   M=IdException ACBP=A9
 0001:0008358C 0000000E C=CODE     S=.text    G=(none)   M=IdResourceStrings ACBP=A9
 0001:0008359C 0000000E C=CODE     S=.text    G=(none)   M=IdStream ACBP=A9
 0001:000835AC 0000000E C=CODE     S=.text    G=(none)   M=IdStreamVCL ACBP=A9
 0001:000835BC 0000000E C=CODE     S=.text    G=(none)   M=IdCustomTransparentProxy ACBP=A9
 0001:000835CC 0000000E C=CODE     S=.text    G=(none)   M=IdComponent ACBP=A9
 0001:000835DC 0000000E C=CODE     S=.text    G=(none)   M=IdAntiFreezeBase ACBP=A9
 0001:000835EC 00000016 C=CODE     S=.text    G=(none)   M=IdBaseComponent ACBP=A9
 0001:00083604 0000000E C=CODE     S=.text    G=(none)   M=IdStack  ACBP=A9
 0001:00083614 0000000E C=CODE     S=.text    G=(none)   M=IdStackConsts ACBP=A9
 0001:00083624 0000000E C=CODE     S=.text    G=(none)   M=IdWship6 ACBP=A9
 0001:00083634 0000000E C=CODE     S=.text    G=(none)   M=IdWinsock2 ACBP=A9
 0001:00083644 0000000E C=CODE     S=.text    G=(none)   M=IdStackWindows ACBP=A9
 0001:00083654 0000000E C=CODE     S=.text    G=(none)   M=IdStackBSDBase ACBP=A9
 0001:00083664 0000000E C=CODE     S=.text    G=(none)   M=IdIOHandler ACBP=A9
 0001:00083674 0000000E C=CODE     S=.text    G=(none)   M=IdBuffer ACBP=A9
 0001:00083684 0000000E C=CODE     S=.text    G=(none)   M=IdResourceStringsCore ACBP=A9
 0001:00083694 0000000E C=CODE     S=.text    G=(none)   M=IdExceptionCore ACBP=A9
 0001:000836A4 0000000E C=CODE     S=.text    G=(none)   M=IdIntercept ACBP=A9
 0001:000836B4 0000000E C=CODE     S=.text    G=(none)   M=IdSocketHandle ACBP=A9
 0001:000836C4 0000000E C=CODE     S=.text    G=(none)   M=IdExplicitTLSClientServerBase ACBP=A9
 0001:000836D4 0000000E C=CODE     S=.text    G=(none)   M=IdCmdTCPServer ACBP=A9
 0001:000836E4 0000000E C=CODE     S=.text    G=(none)   M=IdCommandHandlers ACBP=A9
 0001:000836F4 0000000E C=CODE     S=.text    G=(none)   M=IdReply  ACBP=A9
 0001:00083704 0000000E C=CODE     S=.text    G=(none)   M=IdContext ACBP=A9
 0001:00083714 00000016 C=CODE     S=.text    G=(none)   M=IdTCPConnection ACBP=A9
 0001:0008372C 0000000E C=CODE     S=.text    G=(none)   M=IdIOHandlerSocket ACBP=A9
 0001:0008373C 0000000E C=CODE     S=.text    G=(none)   M=IdSocks  ACBP=A9
 0001:0008374C 0000000E C=CODE     S=.text    G=(none)   M=IdIPAddress ACBP=A9
 0001:0008375C 0000001E C=CODE     S=.text    G=(none)   M=IdTCPClient ACBP=A9
 0001:0008377C 0000000E C=CODE     S=.text    G=(none)   M=IdIOHandlerStack ACBP=A9
 0001:0008378C 0000000E C=CODE     S=.text    G=(none)   M=IdReplyRFC ACBP=A9
 0001:0008379C 0000000E C=CODE     S=.text    G=(none)   M=IdTask   ACBP=A9
 0001:000837AC 0000000E C=CODE     S=.text    G=(none)   M=IdYarn   ACBP=A9
 0001:000837BC 0000000E C=CODE     S=.text    G=(none)   M=IdTCPServer ACBP=A9
 0001:000837CC 0000000E C=CODE     S=.text    G=(none)   M=IdCustomTCPServer ACBP=A9
 0001:000837DC 0000000E C=CODE     S=.text    G=(none)   M=IdScheduler ACBP=A9
 0001:000837EC 0000000E C=CODE     S=.text    G=(none)   M=IdThread ACBP=A9
 0001:000837FC 0000000E C=CODE     S=.text    G=(none)   M=IdThreadSafe ACBP=A9
 0001:0008380C 0000000E C=CODE     S=.text    G=(none)   M=IdSchedulerOfThread ACBP=A9
 0001:0008381C 0000000E C=CODE     S=.text    G=(none)   M=IdServerIOHandler ACBP=A9
 0001:0008382C 0000000E C=CODE     S=.text    G=(none)   M=IdServerIOHandlerStack ACBP=A9
 0001:0008383C 0000000E C=CODE     S=.text    G=(none)   M=IdServerIOHandlerSocket ACBP=A9
 0001:0008384C 0000000E C=CODE     S=.text    G=(none)   M=IdGlobalCore ACBP=A9
 0001:0008385C 0000000E C=CODE     S=.text    G=(none)   M=IdSchedulerOfThreadDefault ACBP=A9
 0001:0008386C 0000000E C=CODE     S=.text    G=(none)   M=IdResourceStringsProtocols ACBP=A9
 0001:0008387C 0000000E C=CODE     S=.text    G=(none)   M=IdSSL    ACBP=A9
 0001:0008388C 0000000E C=CODE     S=.text    G=(none)   M=IdFTPCommon ACBP=A9
 0001:0008389C 0000000E C=CODE     S=.text    G=(none)   M=IdGlobalProtocols ACBP=A9
 0001:000838AC 0000000E C=CODE     S=.text    G=(none)   M=IdCharsets ACBP=A9
 0001:000838BC 0000000E C=CODE     S=.text    G=(none)   M=IdFTPList ACBP=A9
 0001:000838CC 0000000E C=CODE     S=.text    G=(none)   M=IdContainers ACBP=A9
 0001:000838DC 0000000E C=CODE     S=.text    G=(none)   M=IdStrings ACBP=A9
 0001:000838EC 0000000E C=CODE     S=.text    G=(none)   M=IdFTPListParseBase ACBP=A9
 0001:000838FC 0000000E C=CODE     S=.text    G=(none)   M=IdFTPListTypes ACBP=A9
 0001:0008390C 0000000E C=CODE     S=.text    G=(none)   M=IdReplyFTP ACBP=A9
 0001:0008391C 0000000E C=CODE     S=.text    G=(none)   M=IdZLibCompressorBase ACBP=A9
 0001:0008392C 00000016 C=CODE     S=.text    G=(none)   M=IdHash   ACBP=A9
 0001:00083944 0000000E C=CODE     S=.text    G=(none)   M=IdHashCRC ACBP=A9
 0001:00083954 0000000E C=CODE     S=.text    G=(none)   M=IdHashSHA1 ACBP=A9
 0001:00083964 00000016 C=CODE     S=.text    G=(none)   M=IdHashMessageDigest ACBP=A9
 0001:0008397C 0000000E C=CODE     S=.text    G=(none)   M=IdSimpleServer ACBP=A9
 0001:0008398C 0000000E C=CODE     S=.text    G=(none)   M=IdOTPCalculator ACBP=A9
 0001:0008399C 0000004E C=CODE     S=.text    G=(none)   M=IdHTTP   ACBP=A9
 0001:000839EC 0000001E C=CODE     S=.text    G=(none)   M=IdHeaderList ACBP=A9
 0001:00083A0C 00000026 C=CODE     S=.text    G=(none)   M=IdHTTPHeaderInfo ACBP=A9
 0001:00083A34 0000000E C=CODE     S=.text    G=(none)   M=IdAuthentication ACBP=A9
 0001:00083A44 0000000E C=CODE     S=.text    G=(none)   M=IdCoderMIME ACBP=A9
 0001:00083A54 0000000E C=CODE     S=.text    G=(none)   M=IdCoder3to4 ACBP=A9
 0001:00083A64 00000016 C=CODE     S=.text    G=(none)   M=IdCoder  ACBP=A9
 0001:00083A7C 0000001E C=CODE     S=.text    G=(none)   M=IdURI    ACBP=A9
 0001:00083A9C 0000000E C=CODE     S=.text    G=(none)   M=IdCookie ACBP=A9
 0001:00083AAC 0000000E C=CODE     S=.text    G=(none)   M=IdCookieManager ACBP=A9
 0001:00083ABC 0000000E C=CODE     S=.text    G=(none)   M=IdAuthenticationManager ACBP=A9
 0001:00083ACC 0000000E C=CODE     S=.text    G=(none)   M=IdMultipartFormData ACBP=A9
 0001:00083ADC 0000000E C=CODE     S=.text    G=(none)   M=IdAllAuthentications ACBP=A9
 0001:00083AEC 0000000E C=CODE     S=.text    G=(none)   M=IdAuthenticationNTLM ACBP=A9
 0001:00083AFC 00000016 C=CODE     S=.text    G=(none)   M=IdSSLOpenSSLHeaders ACBP=A9
 0001:00083B14 0000000E C=CODE     S=.text    G=(none)   M=IdCTypes ACBP=A9
 0001:00083B24 0000000E C=CODE     S=.text    G=(none)   M=IdSSLOpenSSL ACBP=A9
 0001:00083B34 0000000E C=CODE     S=.text    G=(none)   M=IdNTLM   ACBP=A9
 0001:00083B44 0000000E C=CODE     S=.text    G=(none)   M=IdStruct ACBP=A9
 0001:00083B54 0000000E C=CODE     S=.text    G=(none)   M=IdAuthenticationDigest ACBP=A9
 0001:00083B64 0000136C C=CODE     S=.text    G=(none)   M=SevenZip ACBP=A9
 0001:00084ED0 000001A8 C=CODE     S=.text    G=(none)   M=U_SGXMLGeneral ACBP=A9
 0001:00085078 0000015C C=CODE     S=.text    G=(none)   M=U_SXConversions ACBP=A9
 0001:000851D4 00000454 C=CODE     S=.text    G=(none)   M=RxVerInf ACBP=A9
 0001:00085628 000008D3 C=CODE     S=.text    G=(none)   M=LU_Tracer ACBP=A9
 0001:00085EFC 00000437 C=CODE     S=.text    G=(none)   M=U_ExchangeLog ACBP=A9
 0001:00086334 00000473 C=CODE     S=.text    G=(none)   M=NetworkSettings ACBP=A9
 0001:000867A8 000046E0 C=CODE     S=.text    G=(none)   M=AProc    ACBP=A9
 0001:0008AE88 00001314 C=CODE     S=.text    G=(none)   M=DBProc   ACBP=A9
 0001:0008C19C 000001EC C=CODE     S=.text    G=(none)   M=U_VistaCorrectForm ACBP=A9
 0001:0008C388 00000118 C=CODE     S=.text    G=(none)   M=OleDlg   ACBP=A9
 0001:0008C4A0 00000016 C=CODE     S=.text    G=(none)   M=OleCtnrs ACBP=A9
 0001:0008C4B8 00006B6C C=CODE     S=.text    G=(none)   M=RxRichEd ACBP=A9
 0001:00093024 00000A30 C=CODE     S=.text    G=(none)   M=DescriptionFrm ACBP=A9
 0001:00093A54 000002B7 C=CODE     S=.text    G=(none)   M=DayOfWeekHelper ACBP=A9
 0001:00093D0C 0000000E C=CODE     S=.text    G=(none)   M=ActnMan  ACBP=A9
 0001:00093D1C 0000000E C=CODE     S=.text    G=(none)   M=ActnColorMaps ACBP=A9
 0001:00093D2C 0000000E C=CODE     S=.text    G=(none)   M=GraphUtil ACBP=A9
 0001:00093D3C 0000000E C=CODE     S=.text    G=(none)   M=ActnMenus ACBP=A9
 0001:00093D4C 0000000E C=CODE     S=.text    G=(none)   M=ShadowWnd ACBP=A9
 0001:00093D5C 0000000E C=CODE     S=.text    G=(none)   M=ActnCtrls ACBP=A9
 0001:00093D6C 00000038 C=CODE     S=.text    G=(none)   M=MMSystem ACBP=A9
 0001:00093DA4 0000000E C=CODE     S=.text    G=(none)   M=XPStyleActnCtrls ACBP=A9
 0001:00093DB4 0000000E C=CODE     S=.text    G=(none)   M=XPActnCtrls ACBP=A9
 0001:00093DC4 0000000E C=CODE     S=.text    G=(none)   M=AppEvnts ACBP=A9
 0001:00093DD4 00000038 C=CODE     S=.text    G=(none)   M=Constant ACBP=A9
 0001:00093E0C 00000CE0 C=CODE     S=.text    G=(none)   M=Ras      ACBP=A9
 0001:00094AEC 000003A0 C=CODE     S=.text    G=(none)   M=CreateEntry ACBP=A9
 0001:00094E8C 00000300 C=CODE     S=.text    G=(none)   M=InputBox ACBP=A9
 0001:0009518C 00001A08 C=CODE     S=.text    G=(none)   M=ARas     ACBP=A9
 0001:00096B94 00000036 C=CODE     S=.text    G=(none)   M=FR_Class ACBP=A9
 0001:00096BCC 0000000E C=CODE     S=.text    G=(none)   M=FR_DBRel ACBP=A9
 0001:00096BDC 00000016 C=CODE     S=.text    G=(none)   M=FR_DBSet ACBP=A9
 0001:00096BF4 0000000E C=CODE     S=.text    G=(none)   M=FR_DSet  ACBP=A9
 0001:00096C04 0000000E C=CODE     S=.text    G=(none)   M=FR_Intrp ACBP=A9
 0001:00096C14 00000016 C=CODE     S=.text    G=(none)   M=FR_Pars  ACBP=A9
 0001:00096C2C 0000000E C=CODE     S=.text    G=(none)   M=FR_View  ACBP=A9
 0001:00096C3C 0000000E C=CODE     S=.text    G=(none)   M=FR_Const ACBP=A9
 0001:00096C4C 0000000E C=CODE     S=.text    G=(none)   M=FR_Dock  ACBP=A9
 0001:00096C5C 0000000E C=CODE     S=.text    G=(none)   M=FR_Ctrls ACBP=A9
 0001:00096C6C 0000000E C=CODE     S=.text    G=(none)   M=FR_Utils ACBP=A9
 0001:00096C7C 0000000E C=CODE     S=.text    G=(none)   M=FR_progr ACBP=A9
 0001:00096C8C 00000016 C=CODE     S=.text    G=(none)   M=jpeg     ACBP=A9
 0001:00096CA4 0000000E C=CODE     S=.text    G=(none)   M=JConsts  ACBP=A9
 0001:00096CB4 0000000E C=CODE     S=.text    G=(none)   M=FR_passw ACBP=A9
 0001:00096CC4 0000000E C=CODE     S=.text    G=(none)   M=FR_Prntr ACBP=A9
 0001:00096CD4 0000000E C=CODE     S=.text    G=(none)   M=FR_PrDlg ACBP=A9
 0001:00096CE4 0000000E C=CODE     S=.text    G=(none)   M=FR_FmtEd ACBP=A9
 0001:00096CF4 0000000E C=CODE     S=.text    G=(none)   M=FR_Srch  ACBP=A9
 0001:00096D04 0000000E C=CODE     S=.text    G=(none)   M=FR_DCtrl ACBP=A9
 0001:00096D14 0000000E C=CODE     S=.text    G=(none)   M=FR_LEdit ACBP=A9
 0001:00096D24 0000000E C=CODE     S=.text    G=(none)   M=FR_RRect ACBP=A9
 0001:00096D34 0000000E C=CODE     S=.text    G=(none)   M=FR_Chart ACBP=A9
 0001:00096D44 0000000E C=CODE     S=.text    G=(none)   M=Series   ACBP=A9
 0001:00096D54 0000000E C=CODE     S=.text    G=(none)   M=TeeProcs ACBP=A9
 0001:00096D64 0000000E C=CODE     S=.text    G=(none)   M=TeCanvas ACBP=A9
 0001:00096D74 0000000E C=CODE     S=.text    G=(none)   M=TeeConst ACBP=A9
 0001:00096D84 0000000E C=CODE     S=.text    G=(none)   M=Chart    ACBP=A9
 0001:00096D94 0000000E C=CODE     S=.text    G=(none)   M=TeeFunci ACBP=A9
 0001:00096DA4 0000000E C=CODE     S=.text    G=(none)   M=TeEngine ACBP=A9
 0001:00096DB4 0000000E C=CODE     S=.text    G=(none)   M=FR_Shape ACBP=A9
 0001:00096DC4 0000000E C=CODE     S=.text    G=(none)   M=FR_ChBox ACBP=A9
 0001:00096DD4 0000000E C=CODE     S=.text    G=(none)   M=frRtfExp ACBP=A9
 0001:00096DE4 0000000E C=CODE     S=.text    G=(none)   M=frProgr  ACBP=A9
 0001:00096DF4 0000000E C=CODE     S=.text    G=(none)   M=frIEMatrix ACBP=A9
 0001:00096E04 0000000E C=CODE     S=.text    G=(none)   M=FR_Rich  ACBP=A9
 0001:00096E14 0000000E C=CODE     S=.text    G=(none)   M=FR_Combo ACBP=A9
 0001:00096E24 0000000E C=CODE     S=.text    G=(none)   M=frexpimg ACBP=A9
 0001:00096E34 0000000E C=CODE     S=.text    G=(none)   M=FR_E_HTML2 ACBP=A9
 0001:00096E44 0000000E C=CODE     S=.text    G=(none)   M=FR_E_TXT ACBP=A9
 0001:00096E54 00000A50 C=CODE     S=.text    G=(none)   M=MyServerControl ACBP=A9
 0001:000978A4 00001128 C=CODE     S=.text    G=(none)   M=MyEmbConnection ACBP=A9
 0001:000989CC 000001B8 C=CODE     S=.text    G=(none)   M=MyScriptProcessor ACBP=A9
 0001:00098B84 00000334 C=CODE     S=.text    G=(none)   M=MyScript ACBP=A9
 0001:00098EB8 00000038 C=CODE     S=.text    G=(none)   M=DALoader ACBP=A9
 0001:00098EF0 00000038 C=CODE     S=.text    G=(none)   M=MyLoader ACBP=A9
 0001:00098F28 00001578 C=CODE     S=.text    G=(none)   M=MyDump   ACBP=A9
 0001:0009A4A0 0000000E C=CODE     S=.text    G=(none)   M=IdIcmpClient ACBP=A9
 0001:0009A4B0 0000000E C=CODE     S=.text    G=(none)   M=IdRawBase ACBP=A9
 0001:0009A4C0 0000000E C=CODE     S=.text    G=(none)   M=IdRawClient ACBP=A9
 0001:0009A4D0 0000000E C=CODE     S=.text    G=(none)   M=IdRawHeaders ACBP=A9
 0001:0009A4E0 00000038 C=CODE     S=.text    G=(none)   M=inforoomalg ACBP=A9
 0001:0009A518 00000038 C=CODE     S=.text    G=(none)   M=inforoomapi ACBP=A9
 0001:0009A550 00000038 C=CODE     S=.text    G=(none)   M=incrt    ACBP=A9
 0001:0009A588 00000038 C=CODE     S=.text    G=(none)   M=hlpcodecs ACBP=A9
 0001:0009A5C0 00000038 C=CODE     S=.text    G=(none)   M=RXDConst ACBP=A9
 0001:0009A5F8 00000550 C=CODE     S=.text    G=(none)   M=DBUtils  ACBP=A9
 0001:0009AB48 00003208 C=CODE     S=.text    G=(none)   M=RxMemDS  ACBP=A9
 0001:0009DD50 00000130 C=CODE     S=.text    G=(none)   M=MySQLMonitor ACBP=A9
 0001:0009DE80 00000038 C=CODE     S=.text    G=(none)   M=MyBackup ACBP=A9
 0001:0009DEB8 00000098 C=CODE     S=.text    G=(none)   M=InforoomException ACBP=A9
 0001:0009DF50 00000110 C=CODE     S=.text    G=(none)   M=DataIntegrityExceptions ACBP=A9
 0001:0009E060 00000038 C=CODE     S=.text    G=(none)   M=RegistryHelper ACBP=A9
 0001:0009E098 000006FC C=CODE     S=.text    G=(none)   M=GlobalParams ACBP=A9
 0001:0009E794 000000A4 C=CODE     S=.text    G=(none)   M=CRC32Unit ACBP=A9
 0001:0009E838 00000080 C=CODE     S=.text    G=(none)   M=SysNames ACBP=A9
 0001:0009E8B8 000005B1 C=CODE     S=.text    G=(none)   M=UniqueID ACBP=A9
 0001:0009EE6C 00000520 C=CODE     S=.text    G=(none)   M=ExclusiveParams ACBP=A9
 0001:0009F38C 0000019C C=CODE     S=.text    G=(none)   M=AllOrdersParams ACBP=A9
 0001:0009F528 000000B0 C=CODE     S=.text    G=(none)   M=U_Address ACBP=A9
 0001:0009F5D8 000006F0 C=CODE     S=.text    G=(none)   M=U_Offer  ACBP=A9
 0001:0009FCC8 00000F1C C=CODE     S=.text    G=(none)   M=U_CurrentOrderItem ACBP=A9
 0001:000A0BE4 00001210 C=CODE     S=.text    G=(none)   M=U_CurrentOrderHead ACBP=A9
 0001:000A1DF4 000000A8 C=CODE     S=.text    G=(none)   M=U_Supplier ACBP=A9
 0001:000A1E9C 000002FC C=CODE     S=.text    G=(none)   M=U_SupplierPromotion ACBP=A9
 0001:000A2198 00004B8C C=CODE     S=.text    G=(none)   M=U_DBMapping ACBP=A9
 0001:000A6D24 0000047B C=CODE     S=.text    G=(none)   M=AddressController ACBP=A9
 0001:000A71A0 0000034B C=CODE     S=.text    G=(none)   M=KeyboardHelper ACBP=A9
 0001:000A74EC 00000383 C=CODE     S=.text    G=(none)   M=SupplierController ACBP=A9
 0001:000A7870 00000038 C=CODE     S=.text    G=(none)   M=UserActions ACBP=A9
 0001:000A78A8 000000F0 C=CODE     S=.text    G=(none)   M=SendWaybillTypes ACBP=A9
 0001:000A7998 00000160 C=CODE     S=.text    G=(none)   M=ExchangeParameters ACBP=A9
 0001:000A7AF8 000004F4 C=CODE     S=.text    G=(none)   M=SQLWaiting ACBP=A9
 0001:000A7FEC 00000056 C=CODE     S=.text    G=(none)   M=MemTableDataEh ACBP=A9
 0001:000A8044 0000000E C=CODE     S=.text    G=(none)   M=MemTreeEh ACBP=A9
 0001:000A8054 00000056 C=CODE     S=.text    G=(none)   M=MemTableEh ACBP=A9
 0001:000A80AC 0000001E C=CODE     S=.text    G=(none)   M=DataDriverEh ACBP=A9
 0001:000A80CC 000012C2 C=CODE     S=.text    G=(none)   M=EhLibMTE ACBP=A9
 0001:000A9390 0000038C C=CODE     S=.text    G=(none)   M=NetworkParams ACBP=A9
 0001:000A971C 00000F6C C=CODE     S=.text    G=(none)   M=SOAPThroughHTTP ACBP=A9
 0001:000AA688 00000BC0 C=CODE     S=.text    G=(none)   M=InternalRepareOrdersController ACBP=A9
 0001:000AB248 00000348 C=CODE     S=.text    G=(none)   M=GlobalSettingParams ACBP=A9
 0001:000AB590 00001D50 C=CODE     S=.text    G=(none)   M=DayOfWeekDelaysController ACBP=A9
 0001:000AD2E0 0000073B C=CODE     S=.text    G=(none)   M=U_SchedulesController ACBP=A9
 0001:000ADA1C 00000620 C=CODE     S=.text    G=(none)   M=DataSetHelper ACBP=A9
 0001:000AE03C 00000470 C=CODE     S=.text    G=(none)   M=U_frameBaseLegend ACBP=A9
 0001:000AE4AC 00001DF0 C=CODE     S=.text    G=(none)   M=U_frameMiniMail ACBP=A9
 0001:000B029C 00001F84 C=CODE     S=.text    G=(none)   M=U_frameEditVitallyImportantMarkups ACBP=A9
 0001:000B2220 000010B0 C=CODE     S=.text    G=(none)   M=U_frameEditAddress ACBP=A9
 0001:000B32D0 000041AC C=CODE     S=.text    G=(none)   M=Config   ACBP=A9
 0001:000B747C 00000038 C=CODE     S=.text    G=(none)   M=RxTimer  ACBP=A9
 0001:000B74B4 000037ED C=CODE     S=.text    G=(none)   M=RXCtrls  ACBP=A9
 0001:000BACA4 00000038 C=CODE     S=.text    G=(none)   M=PickDate ACBP=A9
 0001:000BACDC 00000064 C=CODE     S=.text    G=(none)   M=ToolEdit ACBP=A9
 0001:000BAD40 00000038 C=CODE     S=.text    G=(none)   M=RxCalc   ACBP=A9
 0001:000BAD78 00000054 C=CODE     S=.text    G=(none)   M=CurrEdit ACBP=A9
 0001:000BADCC 0000005C C=CODE     S=.text    G=(none)   M=RXDBCtrl ACBP=A9
 0001:000BAE28 00000E48 C=CODE     S=.text    G=(none)   M=U_framePosition ACBP=A9
 0001:000BBC70 0000001E C=CODE     S=.text    G=(none)   M=Spin     ACBP=A9
 0001:000BBC90 00000348 C=CODE     S=.text    G=(none)   M=U_frameLegend ACBP=A9
 0001:000BBFD8 00000038 C=CODE     S=.text    G=(none)   M=U_frameContextReclame ACBP=A9
 0001:000BC010 0000016C C=CODE     S=.text    G=(none)   M=VCLHelper ACBP=A9
 0001:000BC17C 00001414 C=CODE     S=.text    G=(none)   M=U_ShowPromotionsForm ACBP=A9
 0001:000BD590 0000033C C=CODE     S=.text    G=(none)   M=PromotionLabel ACBP=A9
 0001:000BD8CC 000007FC C=CODE     S=.text    G=(none)   M=U_frameBlockPromotion ACBP=A9
 0001:000BE0C8 00000CB0 C=CODE     S=.text    G=(none)   M=U_framePromotion ACBP=A9
 0001:000BED78 0000016C C=CODE     S=.text    G=(none)   M=DBViewHelper ACBP=A9
 0001:000BEEE4 00000414 C=CODE     S=.text    G=(none)   M=U_frameAutoComment ACBP=A9
 0001:000BF2F8 000006BC C=CODE     S=.text    G=(none)   M=SearchFilterController ACBP=A9
 0001:000BF9B4 0000069C C=CODE     S=.text    G=(none)   M=AlphaUtils ACBP=A9
 0001:000C0050 00000F80 C=CODE     S=.text    G=(none)   M=MnnSearch ACBP=A9
 0001:000C0FD0 00004E09 C=CODE     S=.text    G=(none)   M=NamesForms ACBP=A9
 0001:000C5DDC 00000260 C=CODE     S=.text    G=(none)   M=ContextMenuGrid ACBP=A9
 0001:000C603C 000002C4 C=CODE     S=.text    G=(none)   M=U_frameOrderHeadLegend ACBP=A9
 0001:000C6300 00000CEC C=CODE     S=.text    G=(none)   M=U_frameFilterAddresses ACBP=A9
 0001:000C6FEC 0000069C C=CODE     S=.text    G=(none)   M=NotFound ACBP=A9
 0001:000C7688 000002DC C=CODE     S=.text    G=(none)   M=WayBillList ACBP=A9
 0001:000C7964 0000565C C=CODE     S=.text    G=(none)   M=OrdersH  ACBP=A9
 0001:000CCFC0 00000898 C=CODE     S=.text    G=(none)   M=FormHistory ACBP=A9
 0001:000CD858 00001670 C=CODE     S=.text    G=(none)   M=Prices   ACBP=A9
 0001:000CEEC8 000048B8 C=CODE     S=.text    G=(none)   M=CoreFirm ACBP=A9
 0001:000D3780 00002F4C C=CODE     S=.text    G=(none)   M=Orders   ACBP=A9
 0001:000D66CC 000008D4 C=CODE     S=.text    G=(none)   M=U_GroupUtils ACBP=A9
 0001:000D6FA0 00004449 C=CODE     S=.text    G=(none)   M=Core     ACBP=A9
 0001:000DB3EC 00000854 C=CODE     S=.text    G=(none)   M=PreviousOrders ACBP=A9
 0001:000DBC40 00000C84 C=CODE     S=.text    G=(none)   M=Defectives ACBP=A9
 0001:000DC8C4 0000038C C=CODE     S=.text    G=(none)   M=Registers ACBP=A9
 0001:000DCC50 00003739 C=CODE     S=.text    G=(none)   M=Summary  ACBP=A9
 0001:000E038C 00000258 C=CODE     S=.text    G=(none)   M=U_RecvThread ACBP=A9
 0001:000E05E4 000003E8 C=CODE     S=.text    G=(none)   M=U_frmOldOrdersDelete ACBP=A9
 0001:000E09CC 000001A8 C=CODE     S=.text    G=(none)   M=HFileHelper ACBP=A9
 0001:000E0B74 0000276C C=CODE     S=.text    G=(none)   M=NetworkAdapterHelpers ACBP=A9
 0001:000E32E0 00000158 C=CODE     S=.text    G=(none)   M=DocumentTypes ACBP=A9
 0001:000E3438 0000230C C=CODE     S=.text    G=(none)   M=PostWaybillsController ACBP=A9
 0001:000E5744 000009A0 C=CODE     S=.text    G=(none)   M=ArchiveHelper ACBP=A9
 0001:000E60E4 000004BC C=CODE     S=.text    G=(none)   M=UserMessageParams ACBP=A9
 0001:000E65A0 00000038 C=CODE     S=.text    G=(none)   M=IdAntiFreeze ACBP=A9
 0001:000E65D8 00000041 C=CODE     S=.text    G=(none)   M=GlobalExchangeParameters ACBP=A9
 0001:000E661C 00000418 C=CODE     S=.text    G=(none)   M=Retry    ACBP=A9
 0001:000E6A34 000004F0 C=CODE     S=.text    G=(none)   M=Compact  ACBP=A9
 0001:000E6F24 00000D54 C=CODE     S=.text    G=(none)   M=NotOrders ACBP=A9
 0001:000E7C78 000003A0 C=CODE     S=.text    G=(none)   M=WaybillReportParams ACBP=A9
 0001:000E8018 00000700 C=CODE     S=.text    G=(none)   M=U_PrintSettingsForm ACBP=A9
 0001:000E8718 0000063C C=CODE     S=.text    G=(none)   M=U_WaybillPrintSettingsForm ACBP=A9
 0001:000E8D54 00000364 C=CODE     S=.text    G=(none)   M=ReestrReportParams ACBP=A9
 0001:000E90B8 00000594 C=CODE     S=.text    G=(none)   M=U_ReestrPrintSettingsForm ACBP=A9
 0001:000E964C 000011C8 C=CODE     S=.text    G=(none)   M=sumprops ACBP=A9
 0001:000EA814 00000614 C=CODE     S=.text    G=(none)   M=EditVitallyImportantMarkups ACBP=A9
 0001:000EAE28 00000A10 C=CODE     S=.text    G=(none)   M=EditAddressForm ACBP=A9
 0001:000EB838 000008A0 C=CODE     S=.text    G=(none)   M=TicketReportParams ACBP=A9
 0001:000EC0D8 00000EF0 C=CODE     S=.text    G=(none)   M=EditTicketReportParams ACBP=A9
 0001:000ECFC8 00000810 C=CODE     S=.text    G=(none)   M=RackCardReportParams ACBP=A9
 0001:000ED7D8 00000DA0 C=CODE     S=.text    G=(none)   M=EditRackCardReportParams ACBP=A9
 0001:000EE578 00000448 C=CODE     S=.text    G=(none)   M=LU_TDataExportAsXls ACBP=A9
 0001:000EE9C0 0000A828 C=CODE     S=.text    G=(none)   M=DocumentBodies ACBP=A9
 0001:000F91E8 000009C4 C=CODE     S=.text    G=(none)   M=U_frameFilterSuppliers ACBP=A9
 0001:000F9BAC 000012C8 C=CODE     S=.text    G=(none)   M=StrHlder ACBP=A9
 0001:000FAE74 000012D0 C=CODE     S=.text    G=(none)   M=U_SerialNumberSearch ACBP=A9
 0001:000FC144 000030CC C=CODE     S=.text    G=(none)   M=DocumentHeaders ACBP=A9
 0001:000FF210 000071CC C=CODE     S=.text    G=(none)   M=jbDbf    ACBP=A9
 0001:001063DC 00005901 C=CODE     S=.text    G=(none)   M=U_OrderBatchForm ACBP=A9
 0001:0010BCE0 000005AC C=CODE     S=.text    G=(none)   M=Exclusive ACBP=A9
 0001:0010C28C 0000196A C=CODE     S=.text    G=(none)   M=Exchange ACBP=A9
 0001:0010DBF8 000008A4 C=CODE     S=.text    G=(none)   M=U_frmSendLetter ACBP=A9
 0001:0010E49C 00000748 C=CODE     S=.text    G=(none)   M=U_SendArchivedOrdersThread ACBP=A9
 0001:0010EBE4 000010AC C=CODE     S=.text    G=(none)   M=ULoginHelper ACBP=A9
 0001:0010FC90 00015640 C=CODE     S=.text    G=(none)   M=ExchangeThread ACBP=A9
 0001:001252D0 00000C3C C=CODE     S=.text    G=(none)   M=RecThread ACBP=A9
 0001:00125F0C 00001990 C=CODE     S=.text    G=(none)   M=Expireds ACBP=A9
 0001:0012789C 00000C34 C=CODE     S=.text    G=(none)   M=About    ACBP=A9
 0001:001284D0 00002CD0 C=CODE     S=.text    G=(none)   M=SynonymSearch ACBP=A9
 0001:0012B1A0 00000390 C=CODE     S=.text    G=(none)   M=StartupHelper ACBP=A9
 0001:0012B530 000006B4 C=CODE     S=.text    G=(none)   M=Wait     ACBP=A9
 0001:0012BBE4 00004370 C=CODE     S=.text    G=(none)   M=U_MinPricesForm ACBP=A9
 0001:0012FF54 00000248 C=CODE     S=.text    G=(none)   M=U_frameServiceLogLegend ACBP=A9
 0001:0013019C 00000C28 C=CODE     S=.text    G=(none)   M=U_ServiceLogForm ACBP=A9
 0001:00130DC4 00007791 C=CODE     S=.text    G=(none)   M=Main     ACBP=A9
 0001:00138558 000004E0 C=CODE     S=.text    G=(none)   M=U_MiniMailForm ACBP=A9
 0001:00138A38 000014E8 C=CODE     S=.text    G=(none)   M=DBGridHelper ACBP=A9
 0001:00139F20 00004A50 C=CODE     S=.text    G=(none)   M=PostSomeOrdersController ACBP=A9
 0001:0013E970 000053A0 C=CODE     S=.text    G=(none)   M=CorrectOrders ACBP=A9
 0001:00143D10 00000038 C=CODE     S=.text    G=(none)   M=U_DeleteDBThread ACBP=A9
 0001:00143D48 000002B0 C=CODE     S=.text    G=(none)   M=FileCountHelper ACBP=A9
 0001:00143FF8 00011CA3 C=CODE     S=.text    G=(none)   M=DModule  ACBP=A9
 0001:00155C9C 0000047C C=CODE     S=.text    G=(none)   M=Waiting  ACBP=A9
 0001:00156118 00000518 C=CODE     S=.text    G=(none)   M=U_UpdateDBThread ACBP=A9
 0001:00156630 00001988 C=CODE     S=.text    G=(none)   M=CompactThread ACBP=A9
 0001:00157FB8 00005DCE C=CODE     S=.text    G=(none)   M=DatabaseObjects ACBP=A9
 0001:0015DD88 000030D0 C=CODE     S=.text    G=(none)   M=Child    ACBP=A9
 0001:00160E58 00001C06 C=CODE     S=.text    G=(none)   M=CriticalDatabaseObjects ACBP=A9
 0001:00162A60 0000696A C=CODE     S=.text    G=(none)   M=BackupDatabaseObjects ACBP=A9
 0001:001693CC 00000D5A C=CODE     S=.text    G=(none)   M=DatabaseViews ACBP=A9
 0001:0016A128 00002722 C=CODE     S=.text    G=(none)   M=IgnoreDatabaseObjects ACBP=A9
 0001:0016C84C 0000057E C=CODE     S=.text    G=(none)   M=SynonymDatabaseObjects ACBP=A9
 0001:0016CDCC 00007132 C=CODE     S=.text    G=(none)   M=GeneralDatabaseObjects ACBP=A9
 0001:00173F00 00000038 C=CODE     S=.text    G=(none)   M=MyEmbConnectionEx ACBP=A9
 0001:00173F38 000013C0 C=CODE     S=.text    G=(none)   M=AnalitF  ACBP=A9
 0002:00000000 00000020 C=DATA     S=.data    G=DGROUP   M=SysInit  ACBP=A9
 0002:00000020 0000009C C=DATA     S=.data    G=DGROUP   M=SHDocVw  ACBP=A9
 0002:000000BC 00000010 C=DATA     S=.data    G=DGROUP   M=MTSCall  ACBP=A9
 0002:000000CC 00000020 C=DATA     S=.data    G=DGROUP   M=MemData  ACBP=A9
 0002:000000EC 00000004 C=DATA     S=.data    G=DGROUP   M=CRConnectionPool ACBP=A9
 0002:000000F0 00000058 C=DATA     S=.data    G=DGROUP   M=MemDS    ACBP=A9
 0002:00000148 00000028 C=DATA     S=.data    G=DGROUP   M=Win32Timer ACBP=A9
 0002:00000170 00000010 C=DATA     S=.data    G=DGROUP   M=DBMonitorIntf ACBP=A9
 0002:00000180 00000010 C=DATA     S=.data    G=DGROUP   M=DASQLMonitor ACBP=A9
 0002:00000190 00000005 C=DATA     S=.data    G=DGROUP   M=DBAccess ACBP=A9
 0002:00000198 000000D9 C=DATA     S=.data    G=DGROUP   M=MyCall   ACBP=A9
 0002:00000274 000004FF C=DATA     S=.data    G=DGROUP   M=MDLHelper ACBP=A9
 0002:00000774 00002828 C=DATA     S=.data    G=DGROUP   M=infver   ACBP=A9
 0002:00002F9C 00000086 C=DATA     S=.data    G=DGROUP   M=infvercls ACBP=A9
 0002:00003024 000000C4 C=DATA     S=.data    G=DGROUP   M=MySqlErrors ACBP=A9
 0002:000030E8 00000018 C=DATA     S=.data    G=DGROUP   M=MySqlNet ACBP=A9
 0002:00003100 0000004C C=DATA     S=.data    G=DGROUP   M=CRVioTcpSSL ACBP=A9
 0002:0000314C 00000004 C=DATA     S=.data    G=DGROUP   M=MySqlSession ACBP=A9
 0002:00003150 00000004 C=DATA     S=.data    G=DGROUP   M=MySqlStmt ACBP=A9
 0002:00003154 00000005 C=DATA     S=.data    G=DGROUP   M=MyClasses ACBP=A9
 0002:0000315C 00000004 C=DATA     S=.data    G=DGROUP   M=MyAccess ACBP=A9
 0002:00003160 00000004 C=DATA     S=.data    G=DGROUP   M=VCLUtils ACBP=A9
 0002:00003164 00000004 C=DATA     S=.data    G=DGROUP   M=RxPrgrss ACBP=A9
 0002:00003168 00000004 C=DATA     S=.data    G=DGROUP   M=RXProps  ACBP=A9
 0002:0000316C 0000000A C=DATA     S=.data    G=DGROUP   M=Placemnt ACBP=A9
 0002:00003178 00000009 C=DATA     S=.data    G=DGROUP   M=AppUtils ACBP=A9
 0002:00003184 000000D8 C=DATA     S=.data    G=DGROUP   M=SevenZip ACBP=A9
 0002:0000325C 00000050 C=DATA     S=.data    G=DGROUP   M=U_SGXMLGeneral ACBP=A9
 0002:000032AC 00000004 C=DATA     S=.data    G=DGROUP   M=U_ExchangeLog ACBP=A9
 0002:000032B0 00000081 C=DATA     S=.data    G=DGROUP   M=RxRichEd ACBP=A9
 0002:00003334 00000058 C=DATA     S=.data    G=DGROUP   M=DescriptionFrm ACBP=A9
 0002:0000338C 0000001C C=DATA     S=.data    G=DGROUP   M=DayOfWeekHelper ACBP=A9
 0002:000033A8 00000008 C=DATA     S=.data    G=DGROUP   M=Constant ACBP=A9
 0002:000033B0 00000009 C=DATA     S=.data    G=DGROUP   M=Ras      ACBP=A9
 0002:000033BC 00000400 C=DATA     S=.data    G=DGROUP   M=CRC32Unit ACBP=A9
 0002:000037BC 00000014 C=DATA     S=.data    G=DGROUP   M=U_CurrentOrderItem ACBP=A9
 0002:000037D0 00000010 C=DATA     S=.data    G=DGROUP   M=SendWaybillTypes ACBP=A9
 0002:000037E0 0000000C C=DATA     S=.data    G=DGROUP   M=U_frameEditVitallyImportantMarkups ACBP=A9
 0002:000037EC 00000018 C=DATA     S=.data    G=DGROUP   M=RXCtrls  ACBP=A9
 0002:00003804 00000008 C=DATA     S=.data    G=DGROUP   M=ToolEdit ACBP=A9
 0002:0000380C 00000004 C=DATA     S=.data    G=DGROUP   M=CurrEdit ACBP=A9
 0002:00003810 00000024 C=DATA     S=.data    G=DGROUP   M=RXDBCtrl ACBP=A9
 0002:00003834 00000008 C=DATA     S=.data    G=DGROUP   M=AlphaUtils ACBP=A9
 0002:0000383C 00000030 C=DATA     S=.data    G=DGROUP   M=DocumentTypes ACBP=A9
 0002:0000386C 00000120 C=DATA     S=.data    G=DGROUP   M=sumprops ACBP=A9
 0002:0000398C 00000026 C=DATA     S=.data    G=DGROUP   M=LU_TDataExportAsXls ACBP=A9
 0002:000039B4 00000020 C=DATA     S=.data    G=DGROUP   M=jbDbf    ACBP=A9
 0002:000039D4 00000024 C=DATA     S=.data    G=DGROUP   M=U_OrderBatchForm ACBP=A9
 0002:000039F8 00000004 C=DATA     S=.data    G=DGROUP   M=ExchangeThread ACBP=A9
 0002:000039FC 00000008 C=DATA     S=.data    G=DGROUP   M=Main     ACBP=A9
 0002:00003A04 0000001C C=DATA     S=.data    G=DGROUP   M=PostSomeOrdersController ACBP=A9
 0002:00003A20 00000168 C=DATA     S=.data    G=DGROUP   M=DModule  ACBP=A9
 0002:00003B88 00000044 C=DATA     S=.data    G=DGROUP   M=DatabaseObjects ACBP=A9
 0002:00004000 00000014 C=BSS      S=.bss     G=DGROUP   M=SysInit  ACBP=A9
 0002:00004014 00000004 C=BSS      S=.bss     G=DGROUP   M=Windows  ACBP=A9
 0002:00004018 00000004 C=BSS      S=.bss     G=DGROUP   M=Messages ACBP=A9
 0002:0000401C 00000004 C=BSS      S=.bss     G=DGROUP   M=CommCtrl ACBP=A9
 0002:00004020 00000004 C=BSS      S=.bss     G=DGROUP   M=Imm      ACBP=A9
 0002:00004024 00000004 C=BSS      S=.bss     G=DGROUP   M=ShlObj   ACBP=A9
 0002:00004028 00000004 C=BSS      S=.bss     G=DGROUP   M=UrlMon   ACBP=A9
 0002:0000402C 00000004 C=BSS      S=.bss     G=DGROUP   M=WinInet  ACBP=A9
 0002:00004030 00000004 C=BSS      S=.bss     G=DGROUP   M=RegStr   ACBP=A9
 0002:00004034 00000004 C=BSS      S=.bss     G=DGROUP   M=ShellAPI ACBP=A9
 0002:00004038 00000004 C=BSS      S=.bss     G=DGROUP   M=WinSpool ACBP=A9
 0002:0000403C 00000004 C=BSS      S=.bss     G=DGROUP   M=CommDlg  ACBP=A9
 0002:00004040 00000004 C=BSS      S=.bss     G=DGROUP   M=Dlgs     ACBP=A9
 0002:00004044 00000004 C=BSS      S=.bss     G=DGROUP   M=RichEdit ACBP=A9
 0002:00004048 00000070 C=BSS      S=.bss     G=DGROUP   M=VCLFixPack ACBP=A9
 0002:000040B8 00000004 C=BSS      S=.bss     G=DGROUP   M=SHDocVw  ACBP=A9
 0002:000040BC 0000000C C=BSS      S=.bss     G=DGROUP   M=LU_MutexSystem ACBP=A9
 0002:000040C8 00000004 C=BSS      S=.bss     G=DGROUP   M=XPMan    ACBP=A9
 0002:000040CC 00000014 C=BSS      S=.bss     G=DGROUP   M=CLRClasses ACBP=A9
 0002:000040E0 00000004 C=BSS      S=.bss     G=DGROUP   M=DAConsts ACBP=A9
 0002:000040E4 000000A4 C=BSS      S=.bss     G=DGROUP   M=MemUtils ACBP=A9
 0002:00004188 00000010 C=BSS      S=.bss     G=DGROUP   M=CRParser ACBP=A9
 0002:00004198 0000000C C=BSS      S=.bss     G=DGROUP   M=CRXml    ACBP=A9
 0002:000041A4 00000028 C=BSS      S=.bss     G=DGROUP   M=MTSCall  ACBP=A9
 0002:000041CC 00000004 C=BSS      S=.bss     G=DGROUP   M=CRVio    ACBP=A9
 0002:000041D0 0000001C C=BSS      S=.bss     G=DGROUP   M=MemData  ACBP=A9
 0002:000041EC 00000004 C=BSS      S=.bss     G=DGROUP   M=CRConnectionPool ACBP=A9
 0002:000041F0 00000004 C=BSS      S=.bss     G=DGROUP   M=CRAccess ACBP=A9
 0002:000041F4 00000004 C=BSS      S=.bss     G=DGROUP   M=MemDS    ACBP=A9
 0002:000041F8 00000004 C=BSS      S=.bss     G=DGROUP   M=Win32Timer ACBP=A9
 0002:000041FC 00000004 C=BSS      S=.bss     G=DGROUP   M=DBMonitorIntf ACBP=A9
 0002:00004200 00000004 C=BSS      S=.bss     G=DGROUP   M=DBMonitorClient ACBP=A9
 0002:00004204 00000008 C=BSS      S=.bss     G=DGROUP   M=DASQLMonitor ACBP=A9
 0002:0000420C 00000044 C=BSS      S=.bss     G=DGROUP   M=DBAccess ACBP=A9
 0002:00004250 00000004 C=BSS      S=.bss     G=DGROUP   M=MyConsts ACBP=A9
 0002:00004254 00000004 C=BSS      S=.bss     G=DGROUP   M=MyCall   ACBP=A9
 0002:00004258 00000020 C=BSS      S=.bss     G=DGROUP   M=MDLHelper ACBP=A9
 0002:00004278 00000004 C=BSS      S=.bss     G=DGROUP   M=WinSvc   ACBP=A9
 0002:0000427C 00000004 C=BSS      S=.bss     G=DGROUP   M=TlHelp32 ACBP=A9
 0002:00004280 00000004 C=BSS      S=.bss     G=DGROUP   M=infver   ACBP=A9
 0002:00004284 00000004 C=BSS      S=.bss     G=DGROUP   M=infvercls ACBP=A9
 0002:00004288 00000008 C=BSS      S=.bss     G=DGROUP   M=INFHelpers ACBP=A9
 0002:00004290 00000004 C=BSS      S=.bss     G=DGROUP   M=MySqlType ACBP=A9
 0002:00004294 00000004 C=BSS      S=.bss     G=DGROUP   M=MySqlBind ACBP=A9
 0002:00004298 00000004 C=BSS      S=.bss     G=DGROUP   M=WinSock  ACBP=A9
 0002:0000429C 00000004 C=BSS      S=.bss     G=DGROUP   M=MySqlErrors ACBP=A9
 0002:000042A0 00000004 C=BSS      S=.bss     G=DGROUP   M=MySqlNet ACBP=A9
 0002:000042A4 00000004 C=BSS      S=.bss     G=DGROUP   M=MySqlVioPipe ACBP=A9
 0002:000042A8 00000194 C=BSS      S=.bss     G=DGROUP   M=CRVioTcp ACBP=A9
 0002:0000443C 000000B0 C=BSS      S=.bss     G=DGROUP   M=CRVioTcpSSL ACBP=A9
 0002:000044EC 00000004 C=BSS      S=.bss     G=DGROUP   M=MySqlResultSet ACBP=A9
 0002:000044F0 00000004 C=BSS      S=.bss     G=DGROUP   M=MySqlSession ACBP=A9
 0002:000044F4 00000004 C=BSS      S=.bss     G=DGROUP   M=MySqlStmt ACBP=A9
 0002:000044F8 00000008 C=BSS      S=.bss     G=DGROUP   M=MySqlApiDirect ACBP=A9
 0002:00004500 0000000C C=BSS      S=.bss     G=DGROUP   M=MyParser ACBP=A9
 0002:0000450C 0000000C C=BSS      S=.bss     G=DGROUP   M=MyClasses ACBP=A9
 0002:00004518 00000018 C=BSS      S=.bss     G=DGROUP   M=MySqlApi ACBP=A9
 0002:00004530 00000010 C=BSS      S=.bss     G=DGROUP   M=MyConnectionPool ACBP=A9
 0002:00004540 00000004 C=BSS      S=.bss     G=DGROUP   M=DAScript ACBP=A9
 0002:00004544 00000004 C=BSS      S=.bss     G=DGROUP   M=DADump   ACBP=A9
 0002:00004548 00000004 C=BSS      S=.bss     G=DGROUP   M=MyServices ACBP=A9
 0002:0000454C 00000008 C=BSS      S=.bss     G=DGROUP   M=MyDacMonitor ACBP=A9
 0002:00004554 00000004 C=BSS      S=.bss     G=DGROUP   M=MyAccess ACBP=A9
 0002:00004558 00000004 C=BSS      S=.bss     G=DGROUP   M=MaxMin   ACBP=A9
 0002:0000455C 00000004 C=BSS      S=.bss     G=DGROUP   M=RXConst  ACBP=A9
 0002:00004560 00000004 C=BSS      S=.bss     G=DGROUP   M=RXCConst ACBP=A9
 0002:00004564 00000004 C=BSS      S=.bss     G=DGROUP   M=VCLUtils ACBP=A9
 0002:00004568 00000004 C=BSS      S=.bss     G=DGROUP   M=rxStrUtils ACBP=A9
 0002:0000456C 00000008 C=BSS      S=.bss     G=DGROUP   M=DateUtil ACBP=A9
 0002:00004574 00000004 C=BSS      S=.bss     G=DGROUP   M=RxPrgrss ACBP=A9
 0002:00004578 00000004 C=BSS      S=.bss     G=DGROUP   M=FileUtil ACBP=A9
 0002:0000457C 00000008 C=BSS      S=.bss     G=DGROUP   M=RxHook   ACBP=A9
 0002:00004584 00000004 C=BSS      S=.bss     G=DGROUP   M=RXProps  ACBP=A9
 0002:00004588 00000004 C=BSS      S=.bss     G=DGROUP   M=Placemnt ACBP=A9
 0002:0000458C 00000004 C=BSS      S=.bss     G=DGROUP   M=AppUtils ACBP=A9
 0002:00004590 0000000C C=BSS      S=.bss     G=DGROUP   M=SevenZip ACBP=A9
 0002:0000459C 00000004 C=BSS      S=.bss     G=DGROUP   M=U_SGXMLGeneral ACBP=A9
 0002:000045A0 00000004 C=BSS      S=.bss     G=DGROUP   M=U_SXConversions ACBP=A9
 0002:000045A4 00000004 C=BSS      S=.bss     G=DGROUP   M=RxVerInf ACBP=A9
 0002:000045A8 00000008 C=BSS      S=.bss     G=DGROUP   M=LU_Tracer ACBP=A9
 0002:000045B0 00000004 C=BSS      S=.bss     G=DGROUP   M=U_ExchangeLog ACBP=A9
 0002:000045B4 00000008 C=BSS      S=.bss     G=DGROUP   M=NetworkSettings ACBP=A9
 0002:000045BC 000000E1 C=BSS      S=.bss     G=DGROUP   M=AProc    ACBP=A9
 0002:000046A0 00000004 C=BSS      S=.bss     G=DGROUP   M=DBProc   ACBP=A9
 0002:000046A4 00000004 C=BSS      S=.bss     G=DGROUP   M=U_VistaCorrectForm ACBP=A9
 0002:000046A8 00000004 C=BSS      S=.bss     G=DGROUP   M=OleDlg   ACBP=A9
 0002:000046AC 000000B4 C=BSS      S=.bss     G=DGROUP   M=RxRichEd ACBP=A9
 0002:00004760 00000004 C=BSS      S=.bss     G=DGROUP   M=DescriptionFrm ACBP=A9
 0002:00004764 00000008 C=BSS      S=.bss     G=DGROUP   M=DayOfWeekHelper ACBP=A9
 0002:0000476C 00000004 C=BSS      S=.bss     G=DGROUP   M=MMSystem ACBP=A9
 0002:00004770 00000004 C=BSS      S=.bss     G=DGROUP   M=Constant ACBP=A9
 0002:00004774 000000A0 C=BSS      S=.bss     G=DGROUP   M=Ras      ACBP=A9
 0002:00004814 00000004 C=BSS      S=.bss     G=DGROUP   M=CreateEntry ACBP=A9
 0002:00004818 00000004 C=BSS      S=.bss     G=DGROUP   M=InputBox ACBP=A9
 0002:0000481C 00000009 C=BSS      S=.bss     G=DGROUP   M=ARas     ACBP=A9
 0002:00004828 00000004 C=BSS      S=.bss     G=DGROUP   M=MyServerControl ACBP=A9
 0002:0000482C 00000008 C=BSS      S=.bss     G=DGROUP   M=MyEmbConnection ACBP=A9
 0002:00004834 00000004 C=BSS      S=.bss     G=DGROUP   M=MyScriptProcessor ACBP=A9
 0002:00004838 00000004 C=BSS      S=.bss     G=DGROUP   M=MyScript ACBP=A9
 0002:0000483C 00000004 C=BSS      S=.bss     G=DGROUP   M=DALoader ACBP=A9
 0002:00004840 00000004 C=BSS      S=.bss     G=DGROUP   M=MyLoader ACBP=A9
 0002:00004844 00000004 C=BSS      S=.bss     G=DGROUP   M=MyDump   ACBP=A9
 0002:00004848 00000004 C=BSS      S=.bss     G=DGROUP   M=inforoomalg ACBP=A9
 0002:0000484C 00000004 C=BSS      S=.bss     G=DGROUP   M=inforoomapi ACBP=A9
 0002:00004850 00000004 C=BSS      S=.bss     G=DGROUP   M=incrt    ACBP=A9
 0002:00004854 00000004 C=BSS      S=.bss     G=DGROUP   M=hlpcodecs ACBP=A9
 0002:00004858 00000004 C=BSS      S=.bss     G=DGROUP   M=RXDConst ACBP=A9
 0002:0000485C 00000004 C=BSS      S=.bss     G=DGROUP   M=DBUtils  ACBP=A9
 0002:00004860 00000004 C=BSS      S=.bss     G=DGROUP   M=RxMemDS  ACBP=A9
 0002:00004864 00000004 C=BSS      S=.bss     G=DGROUP   M=MySQLMonitor ACBP=A9
 0002:00004868 00000004 C=BSS      S=.bss     G=DGROUP   M=MyBackup ACBP=A9
 0002:0000486C 00000004 C=BSS      S=.bss     G=DGROUP   M=InforoomException ACBP=A9
 0002:00004870 00000004 C=BSS      S=.bss     G=DGROUP   M=DataIntegrityExceptions ACBP=A9
 0002:00004874 00000004 C=BSS      S=.bss     G=DGROUP   M=RegistryHelper ACBP=A9
 0002:00004878 00000004 C=BSS      S=.bss     G=DGROUP   M=GlobalParams ACBP=A9
 0002:0000487C 0000000C C=BSS      S=.bss     G=DGROUP   M=CRC32Unit ACBP=A9
 0002:00004888 00000004 C=BSS      S=.bss     G=DGROUP   M=SysNames ACBP=A9
 0002:0000488C 00000008 C=BSS      S=.bss     G=DGROUP   M=UniqueID ACBP=A9
 0002:00004894 00000004 C=BSS      S=.bss     G=DGROUP   M=ExclusiveParams ACBP=A9
 0002:00004898 00000004 C=BSS      S=.bss     G=DGROUP   M=AllOrdersParams ACBP=A9
 0002:0000489C 00000004 C=BSS      S=.bss     G=DGROUP   M=U_Address ACBP=A9
 0002:000048A0 00000004 C=BSS      S=.bss     G=DGROUP   M=U_Offer  ACBP=A9
 0002:000048A4 00000004 C=BSS      S=.bss     G=DGROUP   M=U_CurrentOrderItem ACBP=A9
 0002:000048A8 00000004 C=BSS      S=.bss     G=DGROUP   M=U_CurrentOrderHead ACBP=A9
 0002:000048AC 00000004 C=BSS      S=.bss     G=DGROUP   M=U_Supplier ACBP=A9
 0002:000048B0 00000004 C=BSS      S=.bss     G=DGROUP   M=U_SupplierPromotion ACBP=A9
 0002:000048B4 00000004 C=BSS      S=.bss     G=DGROUP   M=U_DBMapping ACBP=A9
 0002:000048B8 00000008 C=BSS      S=.bss     G=DGROUP   M=AddressController ACBP=A9
 0002:000048C0 00000008 C=BSS      S=.bss     G=DGROUP   M=KeyboardHelper ACBP=A9
 0002:000048C8 00000008 C=BSS      S=.bss     G=DGROUP   M=SupplierController ACBP=A9
 0002:000048D0 00000004 C=BSS      S=.bss     G=DGROUP   M=UserActions ACBP=A9
 0002:000048D4 00000004 C=BSS      S=.bss     G=DGROUP   M=SendWaybillTypes ACBP=A9
 0002:000048D8 00000004 C=BSS      S=.bss     G=DGROUP   M=ExchangeParameters ACBP=A9
 0002:000048DC 00000008 C=BSS      S=.bss     G=DGROUP   M=SQLWaiting ACBP=A9
 0002:000048E4 00000008 C=BSS      S=.bss     G=DGROUP   M=EhLibMTE ACBP=A9
 0002:000048EC 00000004 C=BSS      S=.bss     G=DGROUP   M=NetworkParams ACBP=A9
 0002:000048F0 00000004 C=BSS      S=.bss     G=DGROUP   M=SOAPThroughHTTP ACBP=A9
 0002:000048F4 00000004 C=BSS      S=.bss     G=DGROUP   M=InternalRepareOrdersController ACBP=A9
 0002:000048F8 00000004 C=BSS      S=.bss     G=DGROUP   M=GlobalSettingParams ACBP=A9
 0002:000048FC 00000004 C=BSS      S=.bss     G=DGROUP   M=DayOfWeekDelaysController ACBP=A9
 0002:00004900 00000008 C=BSS      S=.bss     G=DGROUP   M=U_SchedulesController ACBP=A9
 0002:00004908 00000004 C=BSS      S=.bss     G=DGROUP   M=DataSetHelper ACBP=A9
 0002:0000490C 00000004 C=BSS      S=.bss     G=DGROUP   M=U_frameBaseLegend ACBP=A9
 0002:00004910 00000004 C=BSS      S=.bss     G=DGROUP   M=U_frameMiniMail ACBP=A9
 0002:00004914 00000004 C=BSS      S=.bss     G=DGROUP   M=U_frameEditVitallyImportantMarkups ACBP=A9
 0002:00004918 00000004 C=BSS      S=.bss     G=DGROUP   M=U_frameEditAddress ACBP=A9
 0002:0000491C 00000004 C=BSS      S=.bss     G=DGROUP   M=Config   ACBP=A9
 0002:00004920 00000004 C=BSS      S=.bss     G=DGROUP   M=RxTimer  ACBP=A9
 0002:00004924 00000004 C=BSS      S=.bss     G=DGROUP   M=RXCtrls  ACBP=A9
 0002:00004928 00000004 C=BSS      S=.bss     G=DGROUP   M=PickDate ACBP=A9
 0002:0000492C 00000004 C=BSS      S=.bss     G=DGROUP   M=ToolEdit ACBP=A9
 0002:00004930 00000004 C=BSS      S=.bss     G=DGROUP   M=RxCalc   ACBP=A9
 0002:00004934 00000004 C=BSS      S=.bss     G=DGROUP   M=CurrEdit ACBP=A9
 0002:00004938 00000004 C=BSS      S=.bss     G=DGROUP   M=RXDBCtrl ACBP=A9
 0002:0000493C 00000004 C=BSS      S=.bss     G=DGROUP   M=U_framePosition ACBP=A9
 0002:00004940 00000004 C=BSS      S=.bss     G=DGROUP   M=U_frameLegend ACBP=A9
 0002:00004944 00000004 C=BSS      S=.bss     G=DGROUP   M=U_frameContextReclame ACBP=A9
 0002:00004948 00000004 C=BSS      S=.bss     G=DGROUP   M=VCLHelper ACBP=A9
 0002:0000494C 00000004 C=BSS      S=.bss     G=DGROUP   M=U_ShowPromotionsForm ACBP=A9
 0002:00004950 00000004 C=BSS      S=.bss     G=DGROUP   M=PromotionLabel ACBP=A9
 0002:00004954 00000004 C=BSS      S=.bss     G=DGROUP   M=U_frameBlockPromotion ACBP=A9
 0002:00004958 00000004 C=BSS      S=.bss     G=DGROUP   M=U_framePromotion ACBP=A9
 0002:0000495C 00000004 C=BSS      S=.bss     G=DGROUP   M=DBViewHelper ACBP=A9
 0002:00004960 00000004 C=BSS      S=.bss     G=DGROUP   M=U_frameAutoComment ACBP=A9
 0002:00004964 00000004 C=BSS      S=.bss     G=DGROUP   M=SearchFilterController ACBP=A9
 0002:00004968 00000004 C=BSS      S=.bss     G=DGROUP   M=AlphaUtils ACBP=A9
 0002:0000496C 00000004 C=BSS      S=.bss     G=DGROUP   M=MnnSearch ACBP=A9
 0002:00004970 00000005 C=BSS      S=.bss     G=DGROUP   M=NamesForms ACBP=A9
 0002:00004978 00000004 C=BSS      S=.bss     G=DGROUP   M=ContextMenuGrid ACBP=A9
 0002:0000497C 00000004 C=BSS      S=.bss     G=DGROUP   M=U_frameOrderHeadLegend ACBP=A9
 0002:00004980 00000004 C=BSS      S=.bss     G=DGROUP   M=U_frameFilterAddresses ACBP=A9
 0002:00004984 00000004 C=BSS      S=.bss     G=DGROUP   M=NotFound ACBP=A9
 0002:00004988 00000008 C=BSS      S=.bss     G=DGROUP   M=WayBillList ACBP=A9
 0002:00004990 00000004 C=BSS      S=.bss     G=DGROUP   M=OrdersH  ACBP=A9
 0002:00004994 00000004 C=BSS      S=.bss     G=DGROUP   M=FormHistory ACBP=A9
 0002:00004998 00000014 C=BSS      S=.bss     G=DGROUP   M=Prices   ACBP=A9
 0002:000049AC 00000004 C=BSS      S=.bss     G=DGROUP   M=CoreFirm ACBP=A9
 0002:000049B0 00000004 C=BSS      S=.bss     G=DGROUP   M=Orders   ACBP=A9
 0002:000049B4 00000004 C=BSS      S=.bss     G=DGROUP   M=U_GroupUtils ACBP=A9
 0002:000049B8 0000000C C=BSS      S=.bss     G=DGROUP   M=Core     ACBP=A9
 0002:000049C4 00000004 C=BSS      S=.bss     G=DGROUP   M=PreviousOrders ACBP=A9
 0002:000049C8 00000004 C=BSS      S=.bss     G=DGROUP   M=Defectives ACBP=A9
 0002:000049CC 00000004 C=BSS      S=.bss     G=DGROUP   M=Registers ACBP=A9
 0002:000049D0 0000001C C=BSS      S=.bss     G=DGROUP   M=Summary  ACBP=A9
 0002:000049EC 00000004 C=BSS      S=.bss     G=DGROUP   M=U_RecvThread ACBP=A9
 0002:000049F0 00000008 C=BSS      S=.bss     G=DGROUP   M=U_frmOldOrdersDelete ACBP=A9
 0002:000049F8 00000004 C=BSS      S=.bss     G=DGROUP   M=HFileHelper ACBP=A9
 0002:000049FC 00000004 C=BSS      S=.bss     G=DGROUP   M=NetworkAdapterHelpers ACBP=A9
 0002:00004A00 00000004 C=BSS      S=.bss     G=DGROUP   M=DocumentTypes ACBP=A9
 0002:00004A04 00000004 C=BSS      S=.bss     G=DGROUP   M=PostWaybillsController ACBP=A9
 0002:00004A08 00000004 C=BSS      S=.bss     G=DGROUP   M=ArchiveHelper ACBP=A9
 0002:00004A0C 00000004 C=BSS      S=.bss     G=DGROUP   M=UserMessageParams ACBP=A9
 0002:00004A10 00000004 C=BSS      S=.bss     G=DGROUP   M=IdAntiFreeze ACBP=A9
 0002:00004A14 00000008 C=BSS      S=.bss     G=DGROUP   M=GlobalExchangeParameters ACBP=A9
 0002:00004A1C 00000008 C=BSS      S=.bss     G=DGROUP   M=Retry    ACBP=A9
 0002:00004A24 00000004 C=BSS      S=.bss     G=DGROUP   M=Compact  ACBP=A9
 0002:00004A28 00000004 C=BSS      S=.bss     G=DGROUP   M=NotOrders ACBP=A9
 0002:00004A2C 00000004 C=BSS      S=.bss     G=DGROUP   M=WaybillReportParams ACBP=A9
 0002:00004A30 00000004 C=BSS      S=.bss     G=DGROUP   M=U_PrintSettingsForm ACBP=A9
 0002:00004A34 00000008 C=BSS      S=.bss     G=DGROUP   M=U_WaybillPrintSettingsForm ACBP=A9
 0002:00004A3C 00000004 C=BSS      S=.bss     G=DGROUP   M=ReestrReportParams ACBP=A9
 0002:00004A40 00000008 C=BSS      S=.bss     G=DGROUP   M=U_ReestrPrintSettingsForm ACBP=A9
 0002:00004A48 00000004 C=BSS      S=.bss     G=DGROUP   M=sumprops ACBP=A9
 0002:00004A4C 00000004 C=BSS      S=.bss     G=DGROUP   M=EditVitallyImportantMarkups ACBP=A9
 0002:00004A50 00000004 C=BSS      S=.bss     G=DGROUP   M=EditAddressForm ACBP=A9
 0002:00004A54 00000004 C=BSS      S=.bss     G=DGROUP   M=TicketReportParams ACBP=A9
 0002:00004A58 00000004 C=BSS      S=.bss     G=DGROUP   M=EditTicketReportParams ACBP=A9
 0002:00004A5C 00000004 C=BSS      S=.bss     G=DGROUP   M=RackCardReportParams ACBP=A9
 0002:00004A60 00000004 C=BSS      S=.bss     G=DGROUP   M=EditRackCardReportParams ACBP=A9
 0002:00004A64 00000004 C=BSS      S=.bss     G=DGROUP   M=LU_TDataExportAsXls ACBP=A9
 0002:00004A68 00000004 C=BSS      S=.bss     G=DGROUP   M=DocumentBodies ACBP=A9
 0002:00004A6C 00000004 C=BSS      S=.bss     G=DGROUP   M=U_frameFilterSuppliers ACBP=A9
 0002:00004A70 00000004 C=BSS      S=.bss     G=DGROUP   M=StrHlder ACBP=A9
 0002:00004A74 00000004 C=BSS      S=.bss     G=DGROUP   M=U_SerialNumberSearch ACBP=A9
 0002:00004A78 00000004 C=BSS      S=.bss     G=DGROUP   M=DocumentHeaders ACBP=A9
 0002:00004A7C 00000004 C=BSS      S=.bss     G=DGROUP   M=jbDbf    ACBP=A9
 0002:00004A80 0000000C C=BSS      S=.bss     G=DGROUP   M=U_OrderBatchForm ACBP=A9
 0002:00004A8C 00000004 C=BSS      S=.bss     G=DGROUP   M=Exclusive ACBP=A9
 0002:00004A90 00000014 C=BSS      S=.bss     G=DGROUP   M=Exchange ACBP=A9
 0002:00004AA4 00000008 C=BSS      S=.bss     G=DGROUP   M=U_frmSendLetter ACBP=A9
 0002:00004AAC 00000004 C=BSS      S=.bss     G=DGROUP   M=U_SendArchivedOrdersThread ACBP=A9
 0002:00004AB0 00000004 C=BSS      S=.bss     G=DGROUP   M=ULoginHelper ACBP=A9
 0002:00004AB4 00000004 C=BSS      S=.bss     G=DGROUP   M=ExchangeThread ACBP=A9
 0002:00004AB8 00000004 C=BSS      S=.bss     G=DGROUP   M=RecThread ACBP=A9
 0002:00004ABC 00000004 C=BSS      S=.bss     G=DGROUP   M=Expireds ACBP=A9
 0002:00004AC0 00000004 C=BSS      S=.bss     G=DGROUP   M=About    ACBP=A9
 0002:00004AC4 00000004 C=BSS      S=.bss     G=DGROUP   M=SynonymSearch ACBP=A9
 0002:00004AC8 00000008 C=BSS      S=.bss     G=DGROUP   M=StartupHelper ACBP=A9
 0002:00004AD0 00000004 C=BSS      S=.bss     G=DGROUP   M=Wait     ACBP=A9
 0002:00004AD4 00000004 C=BSS      S=.bss     G=DGROUP   M=U_MinPricesForm ACBP=A9
 0002:00004AD8 00000004 C=BSS      S=.bss     G=DGROUP   M=U_frameServiceLogLegend ACBP=A9
 0002:00004ADC 00000004 C=BSS      S=.bss     G=DGROUP   M=U_ServiceLogForm ACBP=A9
 0002:00004AE0 0000000C C=BSS      S=.bss     G=DGROUP   M=Main     ACBP=A9
 0002:00004AEC 00000004 C=BSS      S=.bss     G=DGROUP   M=U_MiniMailForm ACBP=A9
 0002:00004AF0 00000004 C=BSS      S=.bss     G=DGROUP   M=DBGridHelper ACBP=A9
 0002:00004AF4 00000004 C=BSS      S=.bss     G=DGROUP   M=PostSomeOrdersController ACBP=A9
 0002:00004AF8 00000004 C=BSS      S=.bss     G=DGROUP   M=CorrectOrders ACBP=A9
 0002:00004AFC 00000004 C=BSS      S=.bss     G=DGROUP   M=U_DeleteDBThread ACBP=A9
 0002:00004B00 00000004 C=BSS      S=.bss     G=DGROUP   M=FileCountHelper ACBP=A9
 0002:00004B04 00000018 C=BSS      S=.bss     G=DGROUP   M=DModule  ACBP=A9
 0002:00004B1C 00000004 C=BSS      S=.bss     G=DGROUP   M=Waiting  ACBP=A9
 0002:00004B20 00000004 C=BSS      S=.bss     G=DGROUP   M=U_UpdateDBThread ACBP=A9
 0002:00004B24 00000004 C=BSS      S=.bss     G=DGROUP   M=CompactThread ACBP=A9
 0002:00004B28 00000008 C=BSS      S=.bss     G=DGROUP   M=DatabaseObjects ACBP=A9
 0002:00004B30 00000004 C=BSS      S=.bss     G=DGROUP   M=Child    ACBP=A9
 0002:00004B34 00000004 C=BSS      S=.bss     G=DGROUP   M=CriticalDatabaseObjects ACBP=A9
 0002:00004B38 00000004 C=BSS      S=.bss     G=DGROUP   M=BackupDatabaseObjects ACBP=A9
 0002:00004B3C 00000004 C=BSS      S=.bss     G=DGROUP   M=DatabaseViews ACBP=A9
 0002:00004B40 00000004 C=BSS      S=.bss     G=DGROUP   M=IgnoreDatabaseObjects ACBP=A9
 0002:00004B44 00000004 C=BSS      S=.bss     G=DGROUP   M=SynonymDatabaseObjects ACBP=A9
 0002:00004B48 00000004 C=BSS      S=.bss     G=DGROUP   M=GeneralDatabaseObjects ACBP=A9
 0002:00004B4C 00000004 C=BSS      S=.bss     G=DGROUP   M=MyEmbConnectionEx ACBP=A9


  Address         Publics by Name

 0002:00000274       ..
 0002:00004924       .01
 0002:00004B48       .03
 0002:00004888       .1
 0002:000041A8       .1
 0002:00004858       .1
 0002:0000400C       .1
 0002:00004854       .1
 0002:00004850       .1
 0002:0000484C       .1
 0002:00004848       .1
 0002:0000488C       .1
 0002:00004774       .1
 0002:00004770       .1
 0002:00004928       .1
 0002:000046A8       .1
 0002:00004250       .1
 0002:00004048       .1
 0002:00004044       .1
 0002:000046A0       .1
 0002:00004040       .1
 0002:0000403C       .1
 0002:00004034       .1
 0002:000040E0       .1
 0002:00004030       .1
 0002:0000402C       .1
 0002:00004AFC       .1
 0002:00004200       .1
 0002:000041FC       .1
 0002:00004028       .1
 0002:000045B0       .1
 0002:00004024       .1
 0002:00004254       .1
 0002:00004020       .1
 0002:00004278       .1
 0002:0000427C       .1
 0002:00004280       .1
 0002:000040F0       .1
 0002:000045A0       .1
 0002:00004A48       .1
 0002:00004598       .1
 0002:0000428C       .1
 0002:00004290       .1
 0002:0000401C       .1
 0002:00004298       .1
 0002:00004018       .1
 0002:0000458C       .1
 0002:00004578       .1
 0002:00004574       .1
 0002:00004570       .1
 0002:00004568       .1
 0002:00004560       .1
 0002:0000455C       .1
 0002:00004558       .1
 0002:00004B20       .1
 0002:00004968       .1
 0002:000048D0       .1
 0002:000040C0       .1
 0002:00004A18       .1
 0002:0000487C       .1
 0002:00004514       .11
 0002:0000492C       .11
 0002:000041F0       .12
 0002:000041DC       .12
 0002:00004AB8       .2
 0002:000048F8       .2
 0002:000048FC       .2
 0002:000044F4       .2
 0002:000044FC       .2
 0002:000048EC       .2
 0002:00004ABC       .2
 0002:00004500       .2
 0002:00004AC0       .2
 0002:00004B34       .2
 0002:00004A54       .2
 0002:00004A58       .2
 0002:000049C8       .2
 0002:00004864       .2
 0002:00004A5C       .2
 0002:000040C8       .2
 0002:00004A60       .2
 0002:000049C4       .2
 0002:00004AB4       .2
 0002:00004A64       .2
 0002:00004A10       .2
 0002:00004A20       .2
 0002:00004AC4       .2
 0002:00004AB0       .2
 0002:000049B0       .2
 0002:00004A68       .2
 0002:000049AC       .2
 0002:0000499C       .2
 0002:00004A6C       .2
 0002:000048D4       .2
 0002:00004994       .2
 0002:0000485C       .2
 0002:00004990       .2
 0002:00004908       .2
 0002:0000498C       .2
 0002:00004984       .2
 0002:00004980       .2
 0002:00004AAC       .2
 0002:0000497C       .2
 0002:00004A74       .2
 0002:00004ACC       .2
 0002:00004B4C       .2
 0002:000048E8       .2
 0002:00004AD0       .2
 0002:00004894       .2
 0002:00004978       .2
 0002:00004970       .2
 0002:00004898       .2
 0002:00004AD4       .2
 0002:0000490C       .2
 0002:00004838       .2
 0002:00004AD8       .2
 0002:00004834       .2
 0002:00004ADC       .2
 0002:000044C8       .2
 0002:000048C8       .2
 0002:00004AA8       .2
 0002:00004A7C       .2
 0002:00004AE8       .2
 0002:0000496C       .2
 0002:00004818       .2
 0002:00004814       .2
 0002:00004A24       .2
 0002:00004910       .2
 0002:00004A50       .2
 0002:000048C0       .2
 0002:00004914       .2
 0002:00004A0C       .2
 0002:00004964       .2
 0002:0000454C       .2
 0002:0000489C       .2
 0002:00004764       .2
 0002:00004A4C       .2
 0002:00004918       .2
 0002:00004B1C       .2
 0002:00004AEC       .2
 0002:00004760       .2
 0002:000042A4       .2
 0002:000042A0       .2
 0002:00004564       .2
 0002:00004AA0       .2
 0002:00004960       .2
 0002:0000495C       .2
 0002:0000491C       .2
 0002:00004958       .2
 0002:00004954       .2
 0002:00004AF0       .2
 0002:000049D4       .2
 0002:000049EC       .2
 0002:00004920       .2
 0002:000049F4       .2
 0002:00004950       .2
 0002:0000457C       .2
 0002:000048A0       .2
 0002:00004A28       .2
 0002:000048E0       .2
 0002:00004A8C       .2
 0002:000049F8       .2
 0002:00004B00       .2
 0002:00004948       .2
 0002:000048B8       .2
 0002:00004AF8       .2
 0002:000046A4       .2
 0002:00004A2C       .2
 0002:00004284       .2
 0002:00004258       .2
 0002:000045A4       .2
 0002:000045AC       .2
 0002:000041F8       .2
 0002:000048AC       .2
 0002:00004944       .2
 0002:00004A44       .2
 0002:000045B4       .2
 0002:00004698       .2
 0002:00004A3C       .2
 0002:00004208       .2
 0002:00004940       .2
 0002:0000493C       .2
 0002:000048D8       .2
 0002:00004A30       .2
 0002:00004A38       .2
 0002:00004A08       .2
 0002:000048B0       .2
 0002:000048B4       .2
 0002:0000486C       .2
 0002:00004874       .2
 0002:000049CC       .2
 0002:000048F0       .2
 0002:00004584       .3
 0002:000048A4       .3
 0002:00004B44       .3
 0002:000042A8       .3
 0002:000044F0       .3
 0002:00004A88       .3
 0002:0000481C       .3
 0002:00004014       .3
 0002:000048F4       .3
 0002:0000429C       .3
 0002:00004868       .3
 0002:000049B8       .3
 0002:00004840       .3
 0002:00004A78       .3
 0002:00004878       .3
 0002:00004930       .3
 0002:00004038       .3
 0002:00004830       .3
 0002:000049B4       .3
 0002:00004188       .3
 0002:00004900       .3
 0002:00004828       .3
 0002:00004870       .3
 0002:000040CC       .31
 0002:00004B40       .31
 0002:00004554       .32
 0002:00004220       .33
 0002:00004B3C       .4
 0002:00004B30       .4
 0002:00004860       .4
 0002:00004294       .4
 0002:00004530       .4
 0002:00004A00       .4
 0002:0000452C       .4
 0002:0000459C       .4
 0002:00004A04       .4
 0002:000044EC       .4
 0002:00004A70       .4
 0002:00004844       .4
 0002:000040B8       .41
 0002:00004934       .5
 0002:000041CC       .5
 0002:0000483C       .5
 0002:00004198       .5
 0002:00004B24       .5
 0002:00004544       .5
 0002:00004938       .6
 0002:00004540       .6
 0002:00004AF4       .6
 0002:0000494C       .6
 0002:000048A8       .6
 0002:000046B0       .6
 0002:00004B28       .6
 0002:000041EC       .6
 0002:00004588       .7
 0002:00004548       .7
 0002:000049FC       .7
 0002:0000476C       .7
 0002:00004B38       .71
 0002:00004B18       .8
 0002:000041F4       .9
 0001:000005A0       @GetTls
 0001:000005EC       @InitExe
 0001:001284C8       About
 0001:000008E8       ActivateKeyboardLayout
 0001:0013FFB4       AddClient
 0001:0000EF10       AddCRString
 0001:0000F064       AddCRUnicode
 0001:000D69F0       AddElem
 0001:000397D8       AddField
 0001:00037470       AddFieldToList
 0001:0011BF68       AddFile
 0001:0011C698       AddFile
 0001:0010E17C       AddFile
 0001:000B6FE0       AddFolder
 0001:001402F4       AddOrder
 0001:0013FB54       AddOrderInfo
 0001:00140388       AddPosition
 0001:0011F868       AddPostParam
 0001:00111134       AddPostParam
 0001:0012158C       AddPostParam
 0001:0008770C       AddRangeStartToURL
 0001:000A7184       AddressController
 0001:0007AFD4       AddWhere
 0001:00090308       AdjustLineBreaks
 0002:00000148       AlerterWindowClass
 0002:000037EC       Alignments
 0001:00002FAC       AlignWork
 0001:00019368       AllocDestPiece
 0001:00019AA0       AllocDestPiece
 0001:00019ECC       AllocDestPiece
 0001:00019760       AllocDestPiece
 0001:00008F4C       AllocGCHandle
 0001:00000548       AllocTlsBuffer
 0001:0009F520       AllOrdersParams
 0001:000BFC18       AlphaBlendRect
 0001:000C0048       AlphaUtils
 0001:00174FF4       AnalitF
 0001:000092F8       AnsiCompareStrS
 0001:000092B4       AnsiCompareTextS
 0001:000A8AC0       AnsiContainsStr
 0001:000A8A50       AnsiContainsText
 0001:00009264       AnsiStrCompS
 0001:0000915C       AnsiStrCompWS
 0001:0000928C       AnsiStrICompS
 0001:00009194       AnsiStrICompWS
 0001:00007DD4       AnsiStringBuilder.Append
 0001:00007E60       AnsiStringBuilder.Append
 0001:00007F18       AnsiStringBuilder.Append
 0001:00007D24       AnsiStringBuilder.Create
 0001:00007D7C       AnsiStringBuilder.SetActualLength
 0001:00007F90       AnsiStringBuilder.ToString
 0001:000090BC       AnsiStrLCompWS
 0001:0000910C       AnsiStrLICompWS
 0002:0000409C       AppCancelHintHook
 0001:00058454       AppendValueToSQL
 0001:0000DE10       ApplicationTitle
 0002:000041D8       ApplicationTitleProc
 0001:0000415C       Application_CancelHint
 0001:000A83DC       ApplyFilterForSQLDataDriver
 0001:0011D670       ApplyNewSettings
 0001:000A8148       ApplySortingForSQLDataDriver
 0001:0008353C       AppUtils
 0001:0008AC50       AProc
 0001:00096B8C       ARas
 0001:000E3D1C       ArchiveAttach
 0001:00087A2C       ArchiveAttach
 0001:000E60DC       ArchiveHelper
 0001:00008854       ArgumentException.Create
 0001:0000881C       ArgumentException.Create
 0001:0003E920       AssignFieldValueEx
 0001:0006C90C       AssignProc
 0001:0006B56C       AssignProc
 0001:0004EE54       AssignProc
 0001:0009A984       AssignRecord
 0002:000032D4       AttrFlags
 0002:00004058       BackupAlignControl
 0001:000995F0       BackupDatabase
 0001:0016923C       BackupDatabaseObjects
 0002:0000407C       BackupDefaultHandler
 0001:00158348       backupFileName
 0002:00004068       BackupSetBounds
 0001:00099DA8       BackupSP
 0001:00099ACC       BackupStoredProc
 0001:00075900       BackupTable
 0001:00076508       BackupTablesAndData
 0001:00099944       BackupUsers
 0002:00004060       BackupWMSize
 0002:0000421C       BaseSQLOldBehavior
 0002:00004A9C       BatchFileName
 0001:0006AB30       BCDParamDescToStr
 0001:000625AC       BinToInt64
 0001:00062664       BinToUInt32
 0001:00000880       BitBlt
 0001:00006E88       BitConverter.DoubleToInt64Bits
 0001:00006E38       BitConverter.GetBytes
 0001:00006E68       BitConverter.Int64BitsToDouble
 0001:00006EC4       BitConverter.ToInt32
 0001:00006ECC       BitConverter.ToInt32
 0001:00006EA8       BitConverter.ToInt64
 0001:00006ED4       BitConverter.ToUInt16
 0002:000044A0       BN_bin2bn
 0002:000041E4       BoolKeywordLexems
 0002:000041E0       BoolSymbolLexems
 0001:00057758       BracketIfNeed
 0001:0005773C       BracketIfNeed
 0002:000033B0       bRasAvail
 0001:00008584       Buffer.BlockCopy
 0002:000030F0       BufferLength
 0002:00003800       ButtonCount
 0002:0000380C       CalcBitmap
 0001:0009E794       CalcCRC32
 0001:0009B808       CalcDataSize
 0001:0009B680       CalcFieldLen
 0001:00003A4C       CalcFreeInstBlockItems
 0001:000008F0       CallWindowProc
 0001:00009678       CCheck
 0002:000000D0       CCompressBlobHeaderGuid
 0002:00000068       CControlData
 0002:00003974       cent
 0002:00000020       CEventDispIDs
 0002:000046B4       CFEmbeddedObject
 0002:000046B8       CFLinkSource
 0002:000046BC       CFRtf
 0002:000046C0       CFRtfNoObjs
 0002:00004210       ChangeCursor
 0001:00024C88       ChangeDecimalSeparator
 0001:00058354       ChangeDecimalSeparator
 0001:0015F8A8       ChangeTitleCaption
 0001:00143568       ChangeTitleCaption
 0001:000008F8       CharToOemBuff
 0001:0009CFF8       CheckDataTypes
 0001:00098278       CheckDirParam
 0001:000A85A8       CheckEofBof
 0001:00029190       CheckIfParentScrolled
 0001:000E719C       CheckMinReq
 0001:00072994       CheckPrimaryKeys
 0001:0007F5E4       CheckTaskWindow
 0001:000095C0       CheckZLib
 0001:00160E50       Child
 0002:00000170       Class_DBMonitor
 0002:00000180       Class_SMClient
 0001:000039EC       CleanupInstFreeList
 0001:00060F54       ClearBlock
 0001:0007FDA4       ClearDir
 0001:00145DCC       ClearSelectedPrices
 0002:00003024       ClientErrors
 0001:00145B38       CloseDB
 0001:00000668       CloseHandle
 0002:00004230       CloseServiceHandle
 0001:0004B5FC       closesocket
 0001:0000890C       CLRClasses
 0002:00003968       cnt
 0001:0008EA78       CoAllocCStr
 0001:00007A24       CodePageEncoding.GetBytes
 0001:00007A8C       CodePageEncoding.GetBytes
 0001:00007B18       CodePageEncoding.GetBytes
 0001:000079C8       CodePageEncoding.GetBytes
 0001:00007D0C       CodePageEncoding.GetMaxByteCount
 0001:00007BF0       CodePageEncoding.GetString
 0001:00007B94       CodePageEncoding.GetString
 0001:00007C58       CodePageEncoding.GetWideString
 0001:00007C7C       CodePageEncoding.GetWideString
 0002:000040DC       codepageEncodings
 0001:000A8A0C       ColText
 0001:00086BAC       ColumnByNameT
 0002:00003334       ColumnsByTitles
 0001:0000197C       CommCtrl
 0001:000029FC       CommDlg
 0002:00004190       CommonKeywordLexems
 0002:0000418C       CommonSymbolLexems
 0001:000E6F1C       Compact
 0001:00157FB0       CompactThread
 0001:0000E548       CompareAlias
 0001:0009A600       CompareField
 0001:0009B370       CompareFields
 0001:00013DB0       CompareMem
 0001:00158190       CompareObjects
 0001:0009A720       CompareRecord
 0001:00000670       CompareStringA
 0001:00000678       CompareStringW
 0001:00013A38       CompareStrW
 0001:000A0E0C       CompareValue
 0001:00009FDC       CompareWithLexem
 0001:00009738       compress
 0002:000040E4       CompressProc
 0002:000030EC       COMP_HEADER_SIZE
 0001:0002B134       ConcatWith
 0001:000B7474       Config
 0001:000E07C4       ConfirmDeleteOldOrders
 0001:0004B604       connect
 0002:00004534       ConnectionPoolManager
 0001:00093E04       Constant
 0001:000C6034       ContextMenuGrid
 0002:00004244       ControlService
 0002:000032D0       ConversionFormatList
 0002:00002FB4       Convert
 0002:00002FA4       Convert
 0001:00061F78       ConvertFromBit
 0001:00068648       ConvertInternalTypeMySQLFormat
 0001:00057D18       ConvertMySQLTypeToInternalFormat
 0001:0005E724       ConvertMYSQL_FIELDToInternalFormat
 0001:000BFA3C       ConvertTo32BitImageList
 0001:00063388       ConvertToBCD
 0001:0006426C       ConvertToBCD
 0001:00063A18       ConvertToBlob
 0001:00063690       ConvertToExtString
 0001:00063C38       ConvertToExtVarBytes
 0001:000638D4       ConvertToExtWideString
 0001:00062A14       ConvertToFloat
 0001:000632CC       ConvertToFloatPrep
 0001:00064398       ConvertToFmtBCD
 0001:000634B0       ConvertToFmtBCD
 0001:000623AC       ConvertToInt
 0001:000626CC       ConvertToIntPrep
 0001:000635E8       ConvertToString
 0001:00063BBC       ConvertToVarBytes
 0001:00063778       ConvertToWideString
 0001:00008EF0       CopyBuffer
 0001:00008F00       CopyBufferAnsi
 0001:00008F20       CopyBufferUni
 0001:00089D5C       CopyDataDirToBackup
 0001:000892D4       CopyDirectories
 0001:00000680       CopyFile
 0001:000BAB10       CopyImage
 0001:00087888       CopyingFiles
 0001:000E3B58       CopyingFiles
 0001:0007ED20       CopyParentImage
 0001:00072340       CopyPropR
 0001:0003F250       CopyRecBuf
 0001:00173F38       CopyRegSettings
 0001:000DB3D8       Core
 0001:000D3778       CoreFirm
 0001:0006413C       CorrectBindingForField
 0001:00143D08       CorrectOrders
 0001:000223B0       CRAccess
 0001:0009E830       CRC32Unit
 0001:0000B3D4       CRCmpStrings
 0001:0001CC98       CRConnectionPool
 0001:00060DC4       CreateBlob
 0001:00060A90       CreateBlockStruct
 0001:0007F29C       CreateDisabledBitmap
 0001:0007F034       CreateDisabledBitmapEx
 0001:00094E84       CreateEntry
 0001:00085EFC       CreateExchangeLog
 0001:0005F7D8       CreateFieldDescs
 0001:00000688       CreateFile
 0001:000FA13C       CreateMacros
 0001:00000698       CreateMutex
 0001:0002371C       CreateObjectFields
 0001:0008E454       CreateStorage
[...]
 0002:0000324C       SevenZipGetSubVersion
 0002:00003250       SevenZipGetArchiveType
 0002:00003254       SevenZipSetUnicodeMode
 0002:00003258       _SevenZipDLLHandle
 0002:0000325C       TypeNames
 0002:00003284       GeneralEntities
 0002:00003298       ReplacementText
 0002:000032AC       ExchangeLog
 0002:000032B0       RTFConversionFormat
 0002:000032C0       TextConversionFormat
 0002:000032D0       ConversionFormatList
 0002:000032D4       AttrFlags
 0002:000032DC       Empty
 0002:000032E0       HideScrollBars
 0002:000032E8       HideSelections
 0002:000032F0       WordWraps
 0002:000032F8       SelectionBars
 0002:00003300       RichLangOptions
 0002:00003310       SelTypes
 0002:00003320       TextModes
 0002:00003328       UndoModes
 0002:00003330       Painting
 0002:00003334       ColumnsByTitles
 0002:0000338C       DayOfWeekNames
 0002:000033A8       WarningOrderCount
 0002:000033AC       MaxOrderCount
 0002:000033B0       bRasAvail
 0002:000033B4       rnaph_initialized
 0002:000033B8       is_rnaph
 0002:000033BC       table
 0002:000037BC       PositionSendResultText
 0002:000037D0       SendWaybillsStatusText
 0002:000037E0       viLimis
 0002:000037EC       Alignments
 0002:000037F4       WordWraps
 0002:000037F8       FCheckBitmap
 0002:000037FC       GlyphCache
 0002:00003800       ButtonCount
 0002:00003804       FileBitmap
 0002:00003808       DateBitmap
 0002:0000380C       CalcBitmap
 0002:00003810       GridBitmaps
 0002:00003834       Mask
 0002:0000383C       DocumentFolders
 0002:0000384C       RussianDocumentType
 0002:0000385C       RussianDocumentTypeForHeaderForm
 0002:0000386C       m1
 0002:00003890       f1
 0002:000038B4       n10
 0002:000038D8       first10
 0002:000038FC       n100
 0002:00003920       kop
 0002:0000392C       rub
 0002:00003938       tsd
 0002:00003944       mln
 0002:00003950       mrd
 0002:0000395C       trl
 0002:00003968       cnt
 0002:00003974       cent
 0002:00003980       doll
 0002:0000398C       CXlsBof
 0002:00003998       CXlsEof
 0002:0000399C       CXlsLabel
 0002:000039A8       CXlsBlank
 0002:000039B4       TdbTypes
 0002:000039D4       FilterReportNames
 0002:000039F8       StaticParamCount
 0002:000039FC       LabelCaption
 0002:00003A04       SendOrdersErrorTexts
 0002:00003A14       OrderSendResultText
 0002:00003A20       CriticalLibraryHashes
 0002:00003B88       FatalErrorCodes
 0002:00004000       ModuleIsLib
 0002:00004004       HInstance
 0002:00004008       DllProc
 0002:0000400C       .1
 0002:00004010       tlsBuffer
 0002:00004014       .3
 0002:00004018       .1
 0002:0000401C       .1
 0002:00004020       .1
 0002:00004024       .1
 0002:00004028       .1
 0002:0000402C       .1
 0002:00004030       .1
 0002:00004034       .1
 0002:00004038       .3
 0002:0000403C       .1
 0002:00004040       .1
 0002:00004044       .1
 0002:00004048       .1
 0002:0000404C       WinControl_AlignControlProc
 0002:00004050       WinControl_WMSize
 0002:00004054       WinControl_SetBounds
 0002:00004058       BackupAlignControl
 0002:00004060       BackupWMSize
 0002:00004068       BackupSetBounds
 0002:00004070       HookTCustomActionList_Notification
 0002:00004078       RM_GetObjectInstance
 0002:0000407C       BackupDefaultHandler
 0002:00004084       UnRegisterModuleClassesHook
 0002:00004089       MkObjInstLeakHooked
 0002:0000408C       SysUtilsAbortHook
 0002:00004094       CustomFormFocusControlHook
 0002:0000409C       AppCancelHintHook
 0002:000040A1       HintControlOfs
 0002:000040A2       HintActiveOfs
 0002:000040A4       StopHintTimerMethod
 0002:000040A8       HintHook
 0002:000040AC       HintThread
 0002:000040B0       HintThreadID
 0002:000040B4       HintDoneEvent
 0002:000040B8       .41
 0002:000040BC       LastErrorMsg
 0002:000040C0       .1
 0002:000040C4       GlobalMutex
 0002:000040C8       .2
 0002:000040CC       .31
 0002:000040D0       theDefaultEncoding
 0002:000040D4       theUnicodeEncoding
 0002:000040D8       theUTF8Encoding
 0002:000040DC       codepageEncodings
 0002:000040E0       .1
 0002:000040E4       CompressProc
 0002:000040E8       UncompressProc
 0002:000040EC       IsWin9x
 0002:000040F0       .1
 0002:000040F4       lpVersionInformation
 0002:00004188       .3
 0002:0000418C       CommonSymbolLexems
 0002:00004190       CommonKeywordLexems
 0002:00004194       SQLKeywordLexems
 0002:00004198       .5
 0002:0000419C       XmlSymbolLexems
 0002:000041A0       XmlKeywordLexems
 0002:000041A4       DtcGetTransactionManagerEx
 0002:000041A8       .1
 0002:000041AC       MSDTCInited
 0002:000041B0       hMSDTCInit
 0002:000041C8       hxOLEhlpLib
 0002:000041CC       .5
 0002:000041D0       StartWaitProc
 0002:000041D4       StopWaitProc
 0002:000041D8       ApplicationTitleProc
 0002:000041DC       .12
 0002:000041E0       BoolSymbolLexems
 0002:000041E4       BoolKeywordLexems
 0002:000041E8       RefreshIteration
 0002:000041EC       .6
 0002:000041F0       .12
 0002:000041F4       .9
 0002:000041F8       .2
 0002:000041FC       .1
 0002:00004200       .1
 0002:00004204       ShowDebugFormProc
 0002:00004208       .2
 0002:0000420C       CRNetManager
 0002:00004210       ChangeCursor
 0002:00004211       MacroChar
 0002:00004214       SetCursorProc
 0002:00004218       ShowConnectFormProc
 0002:0000421C       BaseSQLOldBehavior
 0002:0000421D       SQLGeneratorCompatibility
 0002:00004220       .33
 0002:00004224       hAdvapi32Lib
 0002:00004228       hNetapi32Lib
 0002:0000422C       OpenSCManager
 0002:00004230       CloseServiceHandle
 0002:00004234       OpenService
 0002:00004238       EnumServicesStatus
 0002:0000423C       QueryServiceStatus
 0002:00004240       StartService
 0002:00004244       ControlService
 0002:00004248       NetServerEnum
 0002:0000424C       NetApiBufferFree
 0002:00004250       .1
 0002:00004254       .1
 0002:00004258       .2
 0002:0000425C       __imp__virtualalloc16
 0002:00004260       __imp__wsprintfa
 0002:00004264       __imp__virtualfree12
 0002:00004268       __imp__isbadreadptr8
 0002:0000426C       __imp__loadlibrarya4
 0002:00004270       __imp__getmodulehandlea4
 0002:00004274       __imp__getprocaddress8
 0002:00004278       .1
 0002:0000427C       .1
 0002:00004280       .1
 0002:00004284       .2
 0002:00004288       LibraryFileNameEnd
 0002:0000428C       .1
 0002:00004290       .1
 0002:00004294       .4
 0002:00004298       .1
 0002:0000429C       .3
 0002:000042A0       .2
 0002:000042A4       .2
 0002:000042A8       .3
 0002:000042AC       WsaData
 0002:0000443C       SSL_write
 0002:00004440       SSL_read
 0002:00004444       SSL_get_error
 0002:00004448       SSL_free
 0002:0000444C       SSL_load_error_strings
 0002:00004450       TLSv1_client_method
 0002:00004454       SSL_library_init
 0002:00004458       SSL_CTX_new
 0002:0000445C       SSL_CTX_set_cipher_list
 0002:00004460       SSL_new
 0002:00004464       SSL_clear
 0002:00004468       SSL_SESSION_set_timeout
 0002:0000446C       SSL_get_session
 0002:00004470       SSL_set_fd
 0002:00004474       SSL_set_connect_state
 0002:00004478       SSL_do_handshake
 0002:0000447C       SSL_CTX_set_verify
 0002:00004480       SSL_CTX_load_verify_locations
 0002:00004484       SSL_CTX_set_default_verify_paths
 0002:00004488       SSL_CTX_use_certificate_file
 0002:0000448C       SSL_CTX_use_PrivateKey_file
 0002:00004490       SSL_CTX_check_private_key
 0002:00004494       DH_new
 0002:00004498       DH_free
 0002:0000449C       OPENSSL_add_all_algorithms_noconf
 0002:000044A0       BN_bin2bn
 0002:000044A4       X509_get_subject_name
 0002:000044A8       X509_NAME_oneline
 0002:000044AC       X509_STORE_CTX_get_error_depth
 0002:000044B0       X509_STORE_CTX_get_error
 0002:000044B4       X509_STORE_CTX_get_current_cert
 0002:000044B8       SSL_CTX_ctrl
 0002:000044BC       X509_get_issuer_name
 0002:000044C0       LIBEAY32DLL
 0002:000044C4       SSLEAY32DLL
 0002:000044C8       .2
 0002:000044CC       hlibeay
 0002:000044D0       hssleay
 0002:000044D4       hSSLInit
 0002:000044EC       .4
 0002:000044F0       .3
 0002:000044F4       .2
 0002:000044F8       MyAPIDirect
 0002:000044FC       .2
 0002:00004500       .2
 0002:00004504       MySymbolLexems
 0002:00004508       MyKeywordLexems
 0002:0000450C       ZeroDate
 0002:00004514       .11
 0002:00004518       MyAPIClient
 0002:0000451C       MyAPIEmbedded
 0002:00004520       MySQLClientLibrary
 0002:00004524       MySQLEmbServerInitMessage
 0002:00004528       MySQLEmbServerIniting
 0002:0000452C       .4
 0002:00004530       .4
 0002:00004534       ConnectionPoolManager
 0002:00004538       LockPoolManagerCreate
 0002:0000453C       OldDLLProc
 0002:00004540       .6
 0002:00004544       .5
 0002:00004548       .7
 0002:0000454C       .2
 0002:00004550       MyMonitor
 0002:00004554       .32
 0002:00004558       .1
 0002:0000455C       .1
 0002:00004560       .1
 0002:00004564       .2
 0002:00004568       .1
 0002:0000456C       FourDigitYear
 0002:00004570       .1
 0002:00004574       .1
 0002:00004578       .1
 0002:0000457C       .2
 0002:00004580       HookList
 0002:00004584       .3
 0002:00004588       .7
 0002:0000458C       .1
 0002:00004590       LastError
 0002:00004594       LastSevenZipErrorCode
 0002:00004598       .1
 0002:0000459C       .4
 0002:000045A0       .1
 0002:000045A4       .2
 0002:000045A8       Tracer
 0002:000045AC       .2
 0002:000045B0       .1
 0002:000045B4       .2
 0002:000045B8       FNetworkSettings
 0002:000045BC       ExePath
 0002:000045C0       ExeName
 0002:000045C4       DatabaseName
 0002:000045C8       TempPath
 0002:000045CC       IniFile
 0002:000045D0       ExportFormat
 0002:00004690       TimeZoneBias
 0002:00004694       SZCS
 0002:00004698       .2
 0002:0000469C       FSilentMode
 0002:000046A0       .1
 0002:000046A4       .2
 0002:000046A8       .1
 0002:000046AC       RichEditVersion
 0002:000046B0       .6
 0002:000046B4       CFEmbeddedObject
 0002:000046B8       CFLinkSource
 0002:000046BC       CFRtf
 0002:000046C0       CFRtfNoObjs
 0002:000046C4       OldError
 0002:000046C8       FLibHandle
 0002:000046CC       Ver
 0002:00004760       .2
 0002:00004764       .2
 0002:00004768       FCurrentDayOfWeek
 0002:0000476C       .7
 0002:00004770       .1
 0002:00004774       .1
 0002:00004778       hRas
 0002:0000477C       _RasDialA
 0002:00004780       _RasDialW
 0002:00004784       _RasEnumConnectionsA
 0002:00004788       _RasEnumConnectionsW
 0002:0000478C       _RasEnumEntriesA
 0002:00004790       _RasEnumEntriesW
 0002:00004794       _RasGetConnectStatusA
 0002:00004798       _RasGetConnectStatusW
 0002:0000479C       _RasGetErrorStringA
 0002:000047A0       _RasGetErrorStringW
 0002:000047A4       _RasHangUpA
 0002:000047A8       _RasHangUpW
 0002:000047AC       _RasGetProjectionInfoA
 0002:000047B0       _RasGetProjectionInfoW
 0002:000047B4       _RasCreatePhonebookEntryA
 0002:000047B8       _RasCreatePhonebookEntryW
 0002:000047BC       _RasEditPhonebookEntryA
 0002:000047C0       _RasEditPhonebookEntryW
 0002:000047C4       _RasSetEntryDialParamsA
 0002:000047C8       _RasSetEntryDialParamsW
 0002:000047CC       _RasGetEntryDialParamsA
 0002:000047D0       _RasGetEntryDialParamsW
 0002:000047D4       _RasEnumDevicesA
 0002:000047D8       _RasEnumDevicesW
 0002:000047DC       _RasGetCountryInfoA
 0002:000047E0       _RasGetCountryInfoW
 0002:000047E4       _RasGetEntryPropertiesA
 0002:000047E8       _RasGetEntryPropertiesW
 0002:000047EC       _RasSetEntryPropertiesA
 0002:000047F0       _RasSetEntryPropertiesW
 0002:000047F4       _RasRenameEntryA
 0002:000047F8       _RasRenameEntryW
 0002:000047FC       _RasDeleteEntryA
 0002:00004800       _RasDeleteEntryW
 0002:00004804       _RasValidateEntryNameA
 0002:00004808       _RasValidateEntryNameW
 0002:0000480C       lib
 0002:00004810       em
 0002:00004814       .2
 0002:00004818       .2
 0002:0000481C       .3
 0002:00004820       CurrentRas
 0002:00004824       DoCallback
 0002:00004828       .3
 0002:0000482C       CurrentProjectOutputDir
 0002:00004830       .3
 0002:00004834       .2
 0002:00004838       .2
 0002:0000483C       .5
 0002:00004840       .3
 0002:00004844       .4
 0002:00004848       .1
 0002:0000484C       .1
 0002:00004850       .1
 0002:00004854       .1
 0002:00004858       .1
 0002:0000485C       .2
 0002:00004860       .4
 0002:00004864       .2
 0002:00004868       .3
 0002:0000486C       .2
 0002:00004870       .3
 0002:00004874       .2
 0002:00004878       .3
 0002:0000487C       .1
 0002:00004880       i
 0002:00004884       q
 0002:00004888       .1
 0002:0000488C       .1
 0002:00004890       FComputerName
 0002:00004894       .2
 0002:00004898       .2
 0002:0000489C       .2
 0002:000048A0       .2
 0002:000048A4       .3
 0002:000048A8       .6
 0002:000048AC       .2
 0002:000048B0       .2
 0002:000048B4       .2
 0002:000048B8       .2
 0002:000048BC       FAddressController
 0002:000048C0       .2
 0002:000048C4       FKeyboardHelper
 0002:000048C8       .2
 0002:000048CC       FSupplierController
 0002:000048D0       .1
 0002:000048D4       .2
 0002:000048D8       .2
 0002:000048DC       frmSQLWaiting
 0002:000048E0       .2
 0002:000048E4       SortInView
 0002:000048E8       .2
 0002:000048EC       .2
 0002:000048F0       .2
 0002:000048F4       .3
 0002:000048F8       .2
 0002:000048FC       .2
 0002:00004900       .3
 0002:00004904       FSchedulesController
 0002:00004908       .2
 0002:0000490C       .2
 0002:00004910       .2
 0002:00004914       .2
 0002:00004918       .2
 0002:0000491C       .2
 0002:00004920       .2
 0002:00004924       .01
 0002:00004928       .1
 0002:0000492C       .11
 0002:00004930       .3
 0002:00004934       .5
 0002:00004938       .6
 0002:0000493C       .2
 0002:00004940       .2
 0002:00004944       .2
 0002:00004948       .2
 0002:0000494C       .6
 0002:00004950       .2
 0002:00004954       .2
 0002:00004958       .2
 0002:0000495C       .2
 0002:00004960       .2
 0002:00004964       .2
 0002:00004968       .1
 0002:0000496C       .2
 0002:00004970       .2
 0002:00004974       SearchInBegin
 0002:00004978       .2
 0002:0000497C       .2
 0002:00004980       .2
 0002:00004984       .2
 0002:00004988       WayBillListForm
 0002:0000498C       .2
 0002:00004990       .2
 0002:00004994       .2
 0002:00004998       PricesForm
 0002:0000499C       .2
 0002:000049A0       LastPriceCode
 0002:000049A4       LastRegionCode
 0002:000049AC       .2
 0002:000049B0       .2
 0002:000049B4       .3
 0002:000049B8       .3
 0002:000049BC       UserSetRetUpCost
 0002:000049BD       ProgramSetSetRetUpCost
 0002:000049C0       RetUpCostValue
 0002:000049C4       .2
 0002:000049C8       .2
 0002:000049CC       .2
 0002:000049D0       SummaryForm
 0002:000049D4       .2
 0002:000049D8       LastDateFrom
 0002:000049E0       LastDateTo
 0002:000049E8       LastSymmaryType
 0002:000049EC       .2
 0002:000049F0       frmOldOrdersDelete
 0002:000049F4       .2
 0002:000049F8       .2
 0002:000049FC       .7
 0002:00004A00       .4
 0002:00004A04       .4
 0002:00004A08       .2
 0002:00004A0C       .2
 0002:00004A10       .2
 0002:00004A14       GlobalExchangeParams
 0002:00004A18       .1
 0002:00004A1C       RetryForm
 0002:00004A20       .2
 0002:00004A24       .2
 0002:00004A28       .2
 0002:00004A2C       .2
 0002:00004A30       .2
 0002:00004A34       WaybillPrintSettingsForm
 0002:00004A38       .2
 0002:00004A3C       .2
 0002:00004A40       ReestrPrintSettingsForm
 0002:00004A44       .2
 0002:00004A48       .1
 0002:00004A4C       .2
 0002:00004A50       .2
 0002:00004A54       .2
 0002:00004A58       .2
 0002:00004A5C       .2
 0002:00004A60       .2
 0002:00004A64       .2
 0002:00004A68       .2
 0002:00004A6C       .2
 0002:00004A70       .4
 0002:00004A74       .2
 0002:00004A78       .3
 0002:00004A7C       .2
 0002:00004A80       LastUsedDir
 0002:00004A84       LastUsedSaveDir
 0002:00004A88       .3
 0002:00004A8C       .2
 0002:00004A90       ExchangeForm
 0002:00004A94       ExThread
 0002:00004A98       NeedRetrySendOrder
 0002:00004A99       NeedEditCurrentOrders
 0002:00004A9A       NeedShowMiniMail
 0002:00004A9C       BatchFileName
 0002:00004AA0       .2
 0002:00004AA4       frmSendLetter
 0002:00004AA8       .2
 0002:00004AAC       .2
 0002:00004AB0       .2
 0002:00004AB4       .2
 0002:00004AB8       .2
 0002:00004ABC       .2
 0002:00004AC0       .2
 0002:00004AC4       .2
 0002:00004AC8       mainStartupHelper
 0002:00004ACC       .2
 0002:00004AD0       .2
 0002:00004AD4       .2
 0002:00004AD8       .2
 0002:00004ADC       .2
 0002:00004AE0       MainForm
 0002:00004AE4       ProcessFatalMySqlError
 0002:00004AE8       .2
 0002:00004AEC       .2
 0002:00004AF0       .2
 0002:00004AF4       .6
 0002:00004AF8       .2
 0002:00004AFC       .1
 0002:00004B00       .2
 0002:00004B04       DM
 0002:00004B08       PassC
 0002:00004B0C       SummarySelectedPrices
 0002:00004B10       SynonymSelectedPrices
 0002:00004B14       MinCostSelectedPrices
 0002:00004B18       .8
 0002:00004B1C       .2
 0002:00004B20       .1
 0002:00004B24       .5
 0002:00004B28       .6
 0002:00004B2C       FDatabaseController
 0002:00004B30       .4
 0002:00004B34       .2
 0002:00004B38       .71
 0002:00004B3C       .4
 0002:00004B40       .31
 0002:00004B44       .3
 0002:00004B48       .03
 0002:00004B4C       .2


Line numbers for IdAntiFreeze(IdAntiFreeze.pas) segment .text

   131 0001:000E65D0   131 0001:000E65D7

Bound resource files

WindowsXP.res
..\lib\MyDac\Source\DBAccess.res
..\lib\RXLib\src\RXCONST.R32
..\lib\RXLib\src\RXCCONST.R32
U_VistaCorrectForm.dfm
DescriptionFrm.dfm
..\lib\ARas\src\CreateEntry.dfm
..\lib\ARas\src\InputBox.dfm
..\lib\RXLib\src\RXDCONST.R32
SQLWaiting.dfm
U_frameBaseLegend.dfm
U_frameMiniMail.dfm
U_frameEditVitallyImportantMarkups.dfm
U_frameEditAddress.dfm
Config.dfm
..\lib\RXLib\src\RXCTRLS.R32
..\lib\RXLib\src\PICKDATE.R32
..\lib\RXLib\src\TOOLEDIT.R32
..\lib\RXLib\src\RXCALC.R32
..\lib\RXLib\src\CURREDIT.R32
..\lib\RXLib\src\RXDBCTRL.R32
U_framePosition.dfm
U_frameLegend.dfm
U_frameContextReclame.dfm
U_ShowPromotionsForm.dfm
U_frameBlockPromotion.dfm
U_framePromotion.dfm
U_frameAutoComment.dfm
MnnSearch.dfm
NamesForms.dfm
U_frameOrderHeadLegend.dfm
U_frameFilterAddresses.dfm
NotFound.dfm
WayBillList.dfm
OrdersH.dfm
FormHistory.dfm
Prices.dfm
CoreFirm.dfm
Orders.dfm
Core.dfm
PreviousOrders.dfm
Defectives.dfm
Registers.dfm
Summary.dfm
U_frmOldOrdersDelete.dfm
Retry.dfm
Compact.dfm
NotOrders.dfm
U_PrintSettingsForm.dfm
U_WaybillPrintSettingsForm.dfm
U_ReestrPrintSettingsForm.dfm
EditVitallyImportantMarkups.dfm
EditAddressForm.dfm
EditTicketReportParams.dfm
EditRackCardReportParams.dfm
DocumentBodies.dfm
U_frameFilterSuppliers.dfm
U_SerialNumberSearch.dfm
DocumentHeaders.dfm
U_OrderBatchForm.dfm
Exclusive.dfm
Exchange.dfm
U_frmSendLetter.dfm
Expireds.dfm
About.dfm
SynonymSearch.dfm
Wait.dfm
U_MinPricesForm.dfm
U_frameServiceLogLegend.dfm
U_ServiceLogForm.dfm
Main.dfm
U_MiniMailForm.dfm
CorrectOrders.dfm
DModule.dfm
Waiting.dfm
Child.dfm
AnalitF.res
Progress.RES
Icons.RES
Bitmaps.RES
CompareScript80.RES
CompareScript82.RES
CompareScript83.RES
C:\Users\morozov\AppData\Local\Temp\dtfDA9.tmp


Program entry point at 0001:00174FF4
